Archive member included because of file (symbol)

contiki-sky.a(er-coap.o)      obj_sky/res-separate.o (coap_serialize_message)
contiki-sky.a(er-coap-engine.)
                              er-temp-server.co (coap_rest_implementation)
contiki-sky.a(er-coap-transac)
                              contiki-sky.a(er-coap-engine.) (coap_register_as_transaction_handler)
contiki-sky.a(er-coap-observe)
                              contiki-sky.a(er-coap-transac) (coap_remove_observer_by_client)
contiki-sky.a(er-coap-separat)
                              obj_sky/res-separate.o (coap_separate_reject)
contiki-sky.a(er-coap-res-wel)
                              contiki-sky.a(er-coap-engine.) (res_well_known_core)
contiki-sky.a(er-coap-block1.)
                              obj_sky/res-b1-sep-b2.o (coap_block1_handler)
contiki-sky.a(er-coap-observe)
                              contiki-sky.a(er-coap-engine.) (coap_handle_notification)
contiki-sky.a(rest-engine.o)  er-temp-server.co (rest_init_engine)
contiki-sky.a(contiki-sky-pla)
                              obj_sky/contiki-sky-main.o (init_platform)
contiki-sky.a(sht11-sensor.o)
                              obj_sky/res-sht11.o (sht11_sensor)
contiki-sky.a(light-sensor.o)
                              obj_sky/res-light.o (light_sensor)
contiki-sky.a(battery-sensor.)
                              obj_sky/res-battery.o (battery_sensor)
contiki-sky.a(button-sensor.o)
                              contiki-sky.a(contiki-sky-pla) (button_sensor)
contiki-sky.a(radio-sensor.o)
                              obj_sky/res-radio.o (radio_sensor)
contiki-sky.a(ds2411.o)       obj_sky/contiki-sky-main.o (ds2411_init)
contiki-sky.a(xmem.o)         obj_sky/contiki-sky-main.o (xmem_init)
contiki-sky.a(node-id.o)      obj_sky/contiki-sky-main.o (node_id_restore)
contiki-sky.a(sensors.o)      contiki-sky.a(button-sensor.o) (sensors_changed)
contiki-sky.a(cc2420.o)       contiki-sky.a(radio-sensor.o) (cc2420_last_rssi)
contiki-sky.a(cc2420-arch.o)  contiki-sky.a(cc2420.o) (cc2420_arch_init)
contiki-sky.a(sky-sensors.o)  contiki-sky.a(light-sensor.o) (sky_sensors_status)
contiki-sky.a(uart1.o)        obj_sky/contiki-sky-main.o (uart1_active)
contiki-sky.a(uart1-putchar.o)
                              obj_sky/res-b1-sep-b2.o (putchar)
contiki-sky.a(msp430.o)       contiki-sky.a(uart1.o) (msp430_add_lpm_req)
contiki-sky.a(clock.o)        obj_sky/contiki-sky-main.o (clock_init)
contiki-sky.a(leds.o)         obj_sky/contiki-sky-main.o (leds_init)
contiki-sky.a(leds-arch.o)    contiki-sky.a(leds.o) (leds_arch_init)
contiki-sky.a(watchdog.o)     obj_sky/contiki-sky-main.o (watchdog_start)
contiki-sky.a(rtimer-arch.o)  obj_sky/contiki-sky-main.o (rtimer_arch_now)
contiki-sky.a(autostart.o)    obj_sky/contiki-sky-main.o (autostart_start)
contiki-sky.a(ctimer.o)       obj_sky/contiki-sky-main.o (ctimer_init)
contiki-sky.a(energest.o)     obj_sky/contiki-sky-main.o (energest_init)
contiki-sky.a(etimer.o)       contiki-sky.a(clock.o) (etimer_request_poll)
contiki-sky.a(process.o)      er-temp-server.co (process_current)
contiki-sky.a(rtimer.o)       obj_sky/contiki-sky-main.o (rtimer_init)
contiki-sky.a(timer.o)        obj_sky/contiki-sky-main.o (timer_set)
contiki-sky.a(list.o)         contiki-sky.a(rest-engine.o) (list_init)
contiki-sky.a(memb.o)         contiki-sky.a(er-coap-transac) (memb_alloc)
contiki-sky.a(random.o)       obj_sky/contiki-sky-main.o (random_init)
contiki-sky.a(sicslowpan.o)   obj_sky/contiki-sky-main.o (sicslowpan_driver)
contiki-sky.a(uip6.o)         contiki-sky.a(er-coap-engine.) (uip_aligned_buf)
contiki-sky.a(uip-ds6.o)      contiki-sky.a(uip6.o) (uip_ds6_is_addr_onlink)
contiki-sky.a(uip-ds6-nbr.o)  contiki-sky.a(uip-ds6.o) (uip_ds6_neighbors_init)
contiki-sky.a(uip-ds6-route.o)
                              contiki-sky.a(uip-ds6.o) (uip_ds6_route_init)
contiki-sky.a(uip-icmp6.o)    contiki-sky.a(uip6.o) (uip_icmp6_input)
contiki-sky.a(uip-nd6.o)      contiki-sky.a(uip6.o) (uip_nd6_init)
contiki-sky.a(tcpip.o)        contiki-sky.a(sicslowpan.o) (tcpip_set_outputfunc)
contiki-sky.a(uip-debug.o)    contiki-sky.a(uip-ds6-route.o) (uip_debug_ipaddr_print)
contiki-sky.a(uip-udp-packet.)
                              contiki-sky.a(er-coap.o) (uip_udp_packet_send)
contiki-sky.a(rpl.o)          contiki-sky.a(uip-ds6-nbr.o) (rpl_link_neighbor_callback)
contiki-sky.a(rpl-dag.o)      contiki-sky.a(rpl.o) (default_instance)
contiki-sky.a(rpl-ext-header.)
                              contiki-sky.a(uip6.o) (rpl_verify_header)
contiki-sky.a(rpl-icmp6.o)    contiki-sky.a(rpl.o) (dao_output_target)
contiki-sky.a(rpl-mrhof.o)    contiki-sky.a(rpl.o) (rpl_mrhof)
contiki-sky.a(rpl-timers.o)   contiki-sky.a(rpl.o) (rpl_reset_periodic_timer)
contiki-sky.a(framer-802154.o)
                              contiki-sky.a(sicslowpan.o) (framer_802154)
contiki-sky.a(framer.o)       contiki-sky.a(framer-802154.o) (framer_canonical_create_and_secure)
[...]
Memory Configuration

Name             Origin             Length             Attributes
sfr              0x00000000         0x00000010
peripheral_8bit  0x00000010         0x000000f0
peripheral_16bit 0x00000100         0x00000100
ram_mirror       0x00000200         0x00000800         xw
infomem          0x00001000         0x00000100
infob            0x00001000         0x00000080
infoa            0x00001080         0x00000080
ram              0x00001100         0x00002800         xw
rom              0x00004000         0x0000bfe0         xr
vectors          0x0000ffe0         0x00000020
bsl              0x00000000         0x00000000
infoc            0x00000000         0x00000000
infod            0x00000000         0x00000000
ram2             0x00000000         0x00000000         xw
usbram           0x00000000         0x00000000         xw
far_rom          0x00000000         0x00000000
*default*        0x00000000         0xffffffff

Linker script and memory map

LOAD /usr/local/msp430/bin/../lib/gcc/msp430/4.7.0/mmpy-16/crt0ivtbl16.o
LOAD er-temp-server.co
LOAD obj_sky/res-separate.o
LOAD obj_sky/res-sht11.o
LOAD obj_sky/res-push.o
LOAD obj_sky/res-toggle.o
LOAD obj_sky/res-light.o
LOAD obj_sky/res-chunks.o
LOAD obj_sky/res-radio.o
LOAD obj_sky/res-sub.o
LOAD obj_sky/res-event.o
LOAD obj_sky/res-leds.o
LOAD obj_sky/res-hello.o
LOAD obj_sky/res-mirror.o
LOAD obj_sky/res-temperature.o
LOAD obj_sky/res-battery.o
LOAD obj_sky/res-b1-sep-b2.o
LOAD obj_sky/contiki-sky-main.o
LOAD contiki-sky.a
LOAD /usr/local/msp430/bin/../lib/gcc/msp430/4.7.0/mmpy-16/libgcc.a
LOAD /usr/local/msp430/bin/../lib/gcc/msp430/4.7.0/../../../../msp430/lib/mmpy-16/libc.a
LOAD /usr/local/msp430/bin/../lib/gcc/msp430/4.7.0/mmpy-16/libgcc.a
LOAD /usr/local/msp430/bin/../lib/gcc/msp430/4.7.0/mmpy-16/libcrt0.a
                0x00000080                PROVIDE (__info_segment_size, 0x80)
                0x00001000                PROVIDE (__infob, 0x1000)
                0x00001080                PROVIDE (__infoa, 0x1080)
                0x00000000                __IE1 = 0x0
                0x00000002                __IFG1 = 0x2
                0x00000004                __ME1 = 0x4
                0x00000001                __IE2 = 0x1
                0x00000003                __IFG2 = 0x3
                0x00000005                __ME2 = 0x5
                0x00000120                __WDTCTL = 0x120
                0x00000130                __MPY = 0x130
                0x00000132                __MPYS = 0x132
                0x00000134                __MAC = 0x134
                0x00000136                __MACS = 0x136
                0x00000138                __OP2 = 0x138
                0x0000013a                __RESLO = 0x13a
                0x0000013c                __RESHI = 0x13c
                0x0000013e                __SUMEXT = 0x13e
                0x00000020                __P1IN = 0x20
                0x00000021                __P1OUT = 0x21
                0x00000022                __P1DIR = 0x22
                0x00000023                __P1IFG = 0x23
                0x00000024                __P1IES = 0x24
                0x00000025                __P1IE = 0x25
                0x00000026                __P1SEL = 0x26
                0x00000028                __P2IN = 0x28
                0x00000029                __P2OUT = 0x29
                0x0000002a                __P2DIR = 0x2a
                0x0000002b                __P2IFG = 0x2b
                0x0000002c                __P2IES = 0x2c
                0x0000002d                __P2IE = 0x2d
                0x0000002e                __P2SEL = 0x2e
                0x00000018                __P3IN = 0x18
                0x00000019                __P3OUT = 0x19
                0x0000001a                __P3DIR = 0x1a
                0x0000001b                __P3SEL = 0x1b
                0x0000001c                __P4IN = 0x1c
                0x0000001d                __P4OUT = 0x1d
                0x0000001e                __P4DIR = 0x1e
                0x0000001f                __P4SEL = 0x1f
                0x00000030                __P5IN = 0x30
                0x00000031                __P5OUT = 0x31
                0x00000032                __P5DIR = 0x32
                0x00000033                __P5SEL = 0x33
                0x00000034                __P6IN = 0x34
                0x00000035                __P6OUT = 0x35
                0x00000036                __P6DIR = 0x36
                0x00000037                __P6SEL = 0x37
                0x00000070                __U0CTL = 0x70
                0x00000071                __U0TCTL = 0x71
                0x00000072                __U0RCTL = 0x72
                0x00000073                __U0MCTL = 0x73
                0x00000074                __U0BR0 = 0x74
                0x00000075                __U0BR1 = 0x75
                0x00000076                __U0RXBUF = 0x76
                0x00000077                __U0TXBUF = 0x77
                0x00000078                __U1CTL = 0x78
                0x00000079                __U1TCTL = 0x79
                0x0000007a                __U1RCTL = 0x7a
                0x0000007b                __U1MCTL = 0x7b
                0x0000007c                __U1BR0 = 0x7c
                0x0000007d                __U1BR1 = 0x7d
                0x0000007e                __U1RXBUF = 0x7e
                0x0000007f                __U1TXBUF = 0x7f
                0x00000050                __I2CIE = 0x50
                0x00000051                __I2CIFG = 0x51
                0x00000052                __I2CNDAT = 0x52
                0x00000071                __I2CTCTL = 0x71
                0x00000072                __I2CDCTL = 0x72
                0x00000073                __I2CPSC = 0x73
                0x00000074                __I2CSCLH = 0x74
                0x00000075                __I2CSCLL = 0x75
                0x00000076                __I2CDRB = 0x76
                0x00000076                __I2CDRW = 0x76
                0x00000118                __I2COA = 0x118
                0x0000011a                __I2CSA = 0x11a
                0x0000011c                __I2CIV = 0x11c
                0x0000012e                __TAIV = 0x12e
                0x00000160                __TACTL = 0x160
                0x00000162                __TACCTL0 = 0x162
                0x00000164                __TACCTL1 = 0x164
                0x00000166                __TACCTL2 = 0x166
                0x00000170                __TAR = 0x170
                0x00000172                __TACCR0 = 0x172
                0x00000174                __TACCR1 = 0x174
                0x00000176                __TACCR2 = 0x176
                0x0000011e                __TBIV = 0x11e
                0x00000180                __TBCTL = 0x180
                0x00000182                __TBCCTL0 = 0x182
                0x00000184                __TBCCTL1 = 0x184
                0x00000186                __TBCCTL2 = 0x186
                0x00000188                __TBCCTL3 = 0x188
                0x0000018a                __TBCCTL4 = 0x18a
                0x0000018c                __TBCCTL5 = 0x18c
                0x0000018e                __TBCCTL6 = 0x18e
                0x00000190                __TBR = 0x190
                0x00000192                __TBCCR0 = 0x192
                0x00000194                __TBCCR1 = 0x194
                0x00000196                __TBCCR2 = 0x196
                0x00000198                __TBCCR3 = 0x198
                0x0000019a                __TBCCR4 = 0x19a
                0x0000019c                __TBCCR5 = 0x19c
                0x0000019e                __TBCCR6 = 0x19e
                0x00000056                __DCOCTL = 0x56
                0x00000057                __BCSCTL1 = 0x57
                0x00000058                __BCSCTL2 = 0x58
                0x00000055                __SVSCTL = 0x55
                0x00000128                __FCTL1 = 0x128
                0x0000012a                __FCTL2 = 0x12a
                0x0000012c                __FCTL3 = 0x12c
                0x00000059                __CACTL1 = 0x59
                0x0000005a                __CACTL2 = 0x5a
                0x0000005b                __CAPD = 0x5b
                0x000001a0                __ADC12CTL0 = 0x1a0
                0x000001a2                __ADC12CTL1 = 0x1a2
                0x000001a4                __ADC12IFG = 0x1a4
                0x000001a6                __ADC12IE = 0x1a6
                0x000001a8                __ADC12IV = 0x1a8
                0x00000140                __ADC12MEM0 = 0x140
                0x00000142                __ADC12MEM1 = 0x142
                0x00000144                __ADC12MEM2 = 0x144
                0x00000146                __ADC12MEM3 = 0x146
                0x00000148                __ADC12MEM4 = 0x148
                0x0000014a                __ADC12MEM5 = 0x14a
                0x0000014c                __ADC12MEM6 = 0x14c
                0x0000014e                __ADC12MEM7 = 0x14e
                0x00000150                __ADC12MEM8 = 0x150
                0x00000152                __ADC12MEM9 = 0x152
                0x00000154                __ADC12MEM10 = 0x154
                0x00000156                __ADC12MEM11 = 0x156
                0x00000158                __ADC12MEM12 = 0x158
                0x0000015a                __ADC12MEM13 = 0x15a
                0x0000015c                __ADC12MEM14 = 0x15c
                0x0000015e                __ADC12MEM15 = 0x15e
                0x00000080                __ADC12MCTL0 = 0x80
                0x00000081                __ADC12MCTL1 = 0x81
                0x00000082                __ADC12MCTL2 = 0x82
                0x00000083                __ADC12MCTL3 = 0x83
                0x00000084                __ADC12MCTL4 = 0x84
                0x00000085                __ADC12MCTL5 = 0x85
                0x00000086                __ADC12MCTL6 = 0x86
                0x00000087                __ADC12MCTL7 = 0x87
                0x00000088                __ADC12MCTL8 = 0x88
                0x00000089                __ADC12MCTL9 = 0x89
                0x0000008a                __ADC12MCTL10 = 0x8a
                0x0000008b                __ADC12MCTL11 = 0x8b
                0x0000008c                __ADC12MCTL12 = 0x8c
                0x0000008d                __ADC12MCTL13 = 0x8d
                0x0000008e                __ADC12MCTL14 = 0x8e
                0x0000008f                __ADC12MCTL15 = 0x8f
                0x000001c0                __DAC12_0CTL = 0x1c0
                0x000001c2                __DAC12_1CTL = 0x1c2
                0x000001c8                __DAC12_0DAT = 0x1c8
                0x000001ca                __DAC12_1DAT = 0x1ca
                0x00000122                __DMACTL0 = 0x122
                0x00000124                __DMACTL1 = 0x124
                0x000001e0                __DMA0CTL = 0x1e0
                0x000001e8                __DMA1CTL = 0x1e8
                0x000001f0                __DMA2CTL = 0x1f0
                0x000001e2                __DMA0SA = 0x1e2
                0x000001e4                __DMA0DA = 0x1e4
                0x000001e6                __DMA0SZ = 0x1e6
                0x000001ea                __DMA1SA = 0x1ea
                0x000001ec                __DMA1DA = 0x1ec
                0x000001ee                __DMA1SZ = 0x1ee
                0x000001f2                __DMA2SA = 0x1f2
                0x000001f4                __DMA2DA = 0x1f4
                0x000001f6                __DMA2SZ = 0x1f6

.hash
 *(.hash)

.dynsym
 *(.dynsym)

.dynstr
 *(.dynstr)

.gnu.version
 *(.gnu.version)

.gnu.version_d
 *(.gnu.version_d)

.gnu.version_r
 *(.gnu.version_r)

.rel.init
 *(.rel.init)

.rela.init
 *(.rela.init)

.rel.fini
 *(.rel.fini)

.rela.fini
 *(.rela.fini)

.rel.text
 *(.rel.text .rel.text.* .rel.gnu.linkonce.t.*)

.rela.text
 *(.rela.text .rela.text.* .rela.gnu.linkonce.t.*)

.rel.rodata
 *(.rel.rodata .rel.rodata.* .rel.gnu.linkonce.r.*)

.rela.rodata
 *(.rela.rodata .rela.rodata.* .rela.gnu.linkonce.r.*)

.rel.data
 *(.rel.data .rel.data.* .rel.gnu.linkonce.d.*)

.rela.data
 *(.rela.data .rela.data.* .rela.gnu.linkonce.d.*)

.rel.bss
 *(.rel.bss .rel.bss.* .rel.gnu.linkonce.b.*)

.rela.bss
 *(.rela.bss .rela.bss.* .rela.gnu.linkonce.b.*)

.rel.ctors
 *(.rel.ctors)

.rela.ctors
 *(.rela.ctors)

.rel.dtors
 *(.rel.dtors)

.rela.dtors
 *(.rela.dtors)

.rel.got
 *(.rel.got)

.rela.got
 *(.rela.got)

.rel.plt
 *(.rel.plt)

.rela.plt
 *(.rela.plt)

.text           0x00004000     0xb522
                0x00004000                . = ALIGN (0x2)
 *(.init .init.*)
 *(.init0)
 .init0         0x00004000        0x0 /usr/local/msp430/bin/../lib/gcc/msp430/4.7.0/mmpy-16/libcrt0.a(_reset_vector__.o)
                0x00004000                _reset_vector__
 *(.init1)
 .init1         0x00004000        0xc /usr/local/msp430/bin/../lib/gcc/msp430/4.7.0/mmpy-16/libcrt0.a(__watchdog_support.o)
                0x00004000                __watchdog_support
 *(.init2)
 .init2         0x0000400c        0x4 /usr/local/msp430/bin/../lib/gcc/msp430/4.7.0/mmpy-16/libcrt0.a(__init_stack.o)
                0x0000400c                __init_stack
 *(.init3)
 .init3         0x00004010        0x0 /usr/local/msp430/bin/../lib/gcc/msp430/4.7.0/mmpy-16/libcrt0.a(__low_level_init.o)
                0x00004010                __low_level_init
 *(.init4)
 .init4         0x00004010       0x18 /usr/local/msp430/bin/../lib/gcc/msp430/4.7.0/mmpy-16/libcrt0.a(_copy_data.o)
                0x00004010                __do_copy_data
 .init4         0x00004028       0x16 /usr/local/msp430/bin/../lib/gcc/msp430/4.7.0/mmpy-16/libcrt0.a(_clear_bss.o)
                0x00004028                __do_clear_bss
 *(.init5)
 *(.init6)
 *(.init7)
 *(.init8)
 *(.init9)
 .init9         0x0000403e      0x2d6 obj_sky/contiki-sky-main.o
                0x0000403e                main
 *(.fini9)
 .fini9         0x00004314        0x0 /usr/local/msp430/bin/../lib/gcc/msp430/4.7.0/mmpy-16/libcrt0.a(__stop_progExec__.o)
                0x00004314                __stop_progExec__
 *(.fini8)
 *(.fini7)
 *(.fini6)
 *(.fini5)
 *(.fini4)
 *(.fini3)
 *(.fini2)
 *(.fini1)
 *(.fini0)
 .fini0         0x00004314        0x6 /usr/local/msp430/bin/../lib/gcc/msp430/4.7.0/mmpy-16/libcrt0.a(_endless_loop__.o)
                0x00004314                _endless_loop__
 *(.fini .fini.*)
                0x0000431a                . = ALIGN (0x2)
                0x0000431a                __ctors_start = .
 *(.ctors)
                0x0000431a                __ctors_end = .
                0x0000431a                __dtors_start = .
 *(.dtors)
                0x0000431a                __dtors_end = .
                0x0000431a                . = ALIGN (0x2)
 *(.text .text.* .gnu.linkonce.t.*)
 .text          0x0000431a        0x4 /usr/local/msp430/bin/../lib/gcc/msp430/4.7.0/mmpy-16/crt0ivtbl16.o
                0x0000431a                __isr_14
                0x0000431a                __isr_11
                0x0000431a                __isr_2
                0x0000431a                __isr_7
                0x0000431a                __isr_0
                0x0000431a                __isr_8
                0x0000431a                __isr_3
                0x0000431a                __isr_12
                0x0000431a                __isr_13
                0x0000431a                __isr_9
 .text.process_thread_er_example_server
                0x0000431e      0x4de er-temp-server.co
 .text.send_packet
                0x000047fc       0x40 er-temp-server.co
 .text.res_get_handler
                0x0000483c       0xd8 er-temp-server.co
 .text.start_network_layer
                0x00004914       0xa2 obj_sky/contiki-sky-main.o
 .text.coap_parse_int_option
                0x000049b6       0x46 contiki-sky.a(er-coap.o)
 .text.coap_get_variable
                0x000049fc       0x8c contiki-sky.a(er-coap.o)
 .text.coap_merge_multi_option
                0x00004a88       0x3e contiki-sky.a(er-coap.o)
 .text.coap_set_option_header
                0x00004ac6       0xa6 contiki-sky.a(er-coap.o)
 .text.coap_serialize_int_option
                0x00004b6c       0xda contiki-sky.a(er-coap.o)
 .text.coap_serialize_array_option.part.0
                0x00004c46       0x34 contiki-sky.a(er-coap.o)
 .text.coap_serialize_array_option
                0x00004c7a       0x9e contiki-sky.a(er-coap.o)
 .text.coap_init_connection
                0x00004d18       0x22 contiki-sky.a(er-coap.o)
                0x00004d18                coap_init_connection
 .text.coap_get_mid
                0x00004d3a        0xc contiki-sky.a(er-coap.o)
                0x00004d3a                coap_get_mid
 .text.coap_init_message
                0x00004d46       0x30 contiki-sky.a(er-coap.o)
                0x00004d46                coap_init_message
 .text.coap_serialize_message
                0x00004d76      0x404 contiki-sky.a(er-coap.o)
                0x00004d76                coap_serialize_message
 .text.coap_send_message
                0x0000517a       0x4a contiki-sky.a(er-coap.o)
                0x0000517a                coap_send_message
 .text.coap_parse_message
                0x000051c4      0x4dc contiki-sky.a(er-coap.o)
                0x000051c4                coap_parse_message
 .text.coap_get_query_variable
                0x000056a0       0x1c contiki-sky.a(er-coap.o)
                0x000056a0                coap_get_query_variable
 .text.coap_get_post_variable
                0x000056bc       0x20 contiki-sky.a(er-coap.o)
                0x000056bc                coap_get_post_variable
 .text.coap_set_status_code
                0x000056dc       0x12 contiki-sky.a(er-coap.o)
                0x000056dc                coap_set_status_code
 .text.coap_set_token
                0x000056ee       0x24 contiki-sky.a(er-coap.o)
                0x000056ee                coap_set_token
 .text.coap_get_header_content_format
                0x00005712       0x16 contiki-sky.a(er-coap.o)
                0x00005712                coap_get_header_content_format
 .text.coap_set_header_content_format
                0x00005728        0xe contiki-sky.a(er-coap.o)
                0x00005728                coap_set_header_content_format
 .text.coap_get_header_accept
                0x00005736       0x14 contiki-sky.a(er-coap.o)
                0x00005736                coap_get_header_accept
 .text.coap_get_header_max_age
                0x0000574a       0x24 contiki-sky.a(er-coap.o)
                0x0000574a                coap_get_header_max_age
 .text.coap_set_header_max_age
                0x0000576e       0x12 contiki-sky.a(er-coap.o)
                0x0000576e                coap_set_header_max_age
 .text.coap_set_header_etag
                0x00005780       0x2a contiki-sky.a(er-coap.o)
                0x00005780                coap_set_header_etag
 .text.coap_get_header_if_match
                0x000057aa       0x1a contiki-sky.a(er-coap.o)
                0x000057aa                coap_get_header_if_match
 .text.coap_get_header_if_none_match
                0x000057c4       0x1c contiki-sky.a(er-coap.o)
                0x000057c4                coap_get_header_if_none_match
 .text.coap_get_header_uri_host
                0x000057e0       0x16 contiki-sky.a(er-coap.o)
                0x000057e0                coap_get_header_uri_host
 .text.coap_get_header_uri_path
                0x000057f6       0x16 contiki-sky.a(er-coap.o)
                0x000057f6                coap_get_header_uri_path
 .text.coap_get_header_uri_query
                0x0000580c       0x16 contiki-sky.a(er-coap.o)
                0x0000580c                coap_get_header_uri_query
 .text.coap_set_header_location_query
                0x00005822       0x2c contiki-sky.a(er-coap.o)
                0x00005822                coap_set_header_location_query
 .text.coap_set_header_location_path
                0x0000584e       0x62 contiki-sky.a(er-coap.o)
                0x0000584e                coap_set_header_location_path
 .text.coap_get_header_observe
                0x000058b0       0x1c contiki-sky.a(er-coap.o)
                0x000058b0                coap_get_header_observe
 .text.coap_set_header_observe
                0x000058cc       0x12 contiki-sky.a(er-coap.o)
                0x000058cc                coap_set_header_observe
 .text.coap_get_header_block2
                0x000058de       0x4c contiki-sky.a(er-coap.o)
                0x000058de                coap_get_header_block2
 .text.coap_set_header_block2
                0x0000592a       0x42 contiki-sky.a(er-coap.o)
                0x0000592a                coap_set_header_block2
 .text.coap_get_header_size2
                0x0000596c       0x1c contiki-sky.a(er-coap.o)
                0x0000596c                coap_get_header_size2
 .text.coap_set_header_size2
                0x00005988       0x12 contiki-sky.a(er-coap.o)
                0x00005988                coap_set_header_size2
 .text.coap_get_payload
                0x0000599a       0x1a contiki-sky.a(er-coap.o)
                0x0000599a                coap_get_payload
 .text.coap_set_payload
                0x000059b4       0x16 contiki-sky.a(er-coap.o)
                0x000059b4                coap_set_payload
 .text.coap_set_service_callback
                0x000059ca        0x6 contiki-sky.a(er-coap-engine.)
                0x000059ca                coap_set_service_callback
 .text.coap_get_rest_method
                0x000059d0       0x18 contiki-sky.a(er-coap-engine.)
                0x000059d0                coap_get_rest_method
 .text.process_thread_coap_engine
                0x000059e8      0x44e contiki-sky.a(er-coap-engine.)
 .text.coap_init_engine
                0x00005e36        0xc contiki-sky.a(er-coap-engine.)
                0x00005e36                coap_init_engine
 .text.coap_register_as_transaction_handler
                0x00005e42        0x8 contiki-sky.a(er-coap-transac)
                0x00005e42                coap_register_as_transaction_handler
 .text.coap_new_transaction
                0x00005e4a       0x4e contiki-sky.a(er-coap-transac)
                0x00005e4a                coap_new_transaction
 .text.coap_clear_transaction
                0x00005e98       0x26 contiki-sky.a(er-coap-transac)
                0x00005e98                coap_clear_transaction
 .text.coap_send_transaction
                0x00005ebe       0xc4 contiki-sky.a(er-coap-transac)
                0x00005ebe                coap_send_transaction
 .text.coap_get_transaction_by_mid
                0x00005f82       0x1e contiki-sky.a(er-coap-transac)
                0x00005f82                coap_get_transaction_by_mid
 .text.coap_check_transactions
                0x00005fa0       0x2e contiki-sky.a(er-coap-transac)
                0x00005fa0                coap_check_transactions
 .text.coap_remove_observer
                0x00005fce       0x1c contiki-sky.a(er-coap-observe)
                0x00005fce                coap_remove_observer
 .text.coap_remove_observer_by_client
                0x00005fea       0x4c contiki-sky.a(er-coap-observe)
                0x00005fea                coap_remove_observer_by_client
 .text.coap_remove_observer_by_token
                0x00006036       0x72 contiki-sky.a(er-coap-observe)
                0x00006036                coap_remove_observer_by_token
 .text.coap_remove_observer_by_uri
                0x000060a8       0x76 contiki-sky.a(er-coap-observe)
                0x000060a8                coap_remove_observer_by_uri
 .text.coap_add_observer
                0x0000611e       0x6c contiki-sky.a(er-coap-observe)
                0x0000611e                coap_add_observer
 .text.coap_remove_observer_by_mid
                0x0000618a       0x58 contiki-sky.a(er-coap-observe)
                0x0000618a                coap_remove_observer_by_mid
 .text.coap_notify_observers
                0x000061e2       0xec contiki-sky.a(er-coap-observe)
                0x000061e2                coap_notify_observers
 .text.coap_observe_handler
                0x000062ce       0xbe contiki-sky.a(er-coap-observe)
                0x000062ce                coap_observe_handler
 .text.well_known_core_get_handler
                0x0000638c      0x276 contiki-sky.a(er-coap-res-wel)
                0x0000638c                well_known_core_get_handler
 .text.simple_reply
                0x00006602       0x38 contiki-sky.a(er-coap-observe)
 .text.classify_notification
                0x0000663a       0x5e contiki-sky.a(er-coap-observe)
 .text.coap_get_obs_subject_by_token
                0x00006698       0x56 contiki-sky.a(er-coap-observe)
                0x00006698                coap_get_obs_subject_by_token
 .text.coap_handle_notification
                0x000066ee       0xc8 contiki-sky.a(er-coap-observe)
                0x000066ee                coap_handle_notification
 .text.process_thread_rest_engine_process
                0x000067b6       0xc6 contiki-sky.a(rest-engine.o)
 .text.rest_invoke_restful_service
                0x0000687c      0x134 contiki-sky.a(rest-engine.o)
                0x0000687c                rest_invoke_restful_service
 .text.rest_init_engine
                0x000069b0       0x26 contiki-sky.a(rest-engine.o)
                0x000069b0                rest_init_engine
 .text.rest_activate_resource
                0x000069d6       0x3c contiki-sky.a(rest-engine.o)
                0x000069d6                rest_activate_resource
 .text.rest_get_resources
                0x00006a12        0x6 contiki-sky.a(rest-engine.o)
                0x00006a12                rest_get_resources
 .text.init_platform
                0x00006a18        0xc contiki-sky.a(contiki-sky-pla)
                0x00006a18                init_platform
 .text.status   0x00006a24       0x18 contiki-sky.a(button-sensor.o)
 .text.value    0x00006a3c       0x20 contiki-sky.a(button-sensor.o)
 .text.configure
                0x00006a5c       0x4c contiki-sky.a(button-sensor.o)
 .text.irq_p2   0x00006aa8       0x88 contiki-sky.a(button-sensor.o)
                0x00006aa8                irq_p2
                0x00006aa8                __isr_1
 .text.owreadb  0x00006b30       0x50 contiki-sky.a(ds2411.o)
 .text.ds2411_init
                0x00006b80      0x120 contiki-sky.a(ds2411.o)
                0x00006b80                ds2411_init
 .text.wait_ready
                0x00006ca0       0x4a contiki-sky.a(xmem.o)
 .text.xmem_init
                0x00006cea       0x3c contiki-sky.a(xmem.o)
                0x00006cea                xmem_init
 .text.xmem_pread
                0x00006d26       0xe0 contiki-sky.a(xmem.o)
                0x00006d26                xmem_pread
 .text.node_id_restore
                0x00006e06       0x38 contiki-sky.a(node-id.o)
                0x00006e06                node_id_restore
 .text.process_thread_sensors_process
                0x00006e3e       0xc2 contiki-sky.a(sensors.o)
 .text.sensors_changed
                0x00006f00       0x2a contiki-sky.a(sensors.o)
                0x00006f00                sensors_changed
 .text.get_object
                0x00006f2a        0x4 contiki-sky.a(cc2420.o)
 .text.set_object
                0x00006f2e        0x4 contiki-sky.a(cc2420.o)
 .text.strobe   0x00006f32       0x1c contiki-sky.a(cc2420.o)
 .text.getreg   0x00006f4e       0x4c contiki-sky.a(cc2420.o)
 .text.setreg   0x00006f9a       0x4c contiki-sky.a(cc2420.o)
 .text.write_ram
                0x00006fe6       0x7c contiki-sky.a(cc2420.o)
 .text.write_fifo_buf
                0x00007062       0x3c contiki-sky.a(cc2420.o)
 .text.get_status
                0x0000709e       0x20 contiki-sky.a(cc2420.o)
 .text.set_txpower
                0x000070be       0x24 contiki-sky.a(cc2420.o)
 .text.cc2420_receiving_packet
                0x000070e2        0xc contiki-sky.a(cc2420.o)
 .text.pending_packet
                0x000070ee        0x8 contiki-sky.a(cc2420.o)
 .text.on       0x000070f6       0x1e contiki-sky.a(cc2420.o)
 .text.wait_for_transmission
                0x00007114       0x22 contiki-sky.a(cc2420.o)
 .text.wait_for_status
                0x00007136       0x28 contiki-sky.a(cc2420.o)
 .text.getrxdata
                0x0000715e       0x50 contiki-sky.a(cc2420.o)
 .text.flushrx  0x000071ae       0x1a contiki-sky.a(cc2420.o)
 .text.off      0x000071c8       0x56 contiki-sky.a(cc2420.o)
 .text.RELEASE_LOCK
                0x0000721e       0x28 contiki-sky.a(cc2420.o)
 .text.set_key  0x00007246       0x18 contiki-sky.a(cc2420.o)
 .text.cc2420_prepare
                0x0000725e       0x3c contiki-sky.a(cc2420.o)
 .text.cc2420_on
                0x0000729a       0x22 contiki-sky.a(cc2420.o)
                0x0000729a                cc2420_on
 .text.cc2420_off
                0x000072bc       0x30 contiki-sky.a(cc2420.o)
                0x000072bc                cc2420_off
 .text.cc2420_cca
                0x000072ec       0x68 contiki-sky.a(cc2420.o)
 .text.cc2420_read
                0x00007354       0xac contiki-sky.a(cc2420.o)
 .text.process_thread_cc2420_process
                0x00007400       0x54 contiki-sky.a(cc2420.o)
 .text.encrypt  0x00007454       0x88 contiki-sky.a(cc2420.o)
 .text.cc2420_set_channel
                0x000074dc       0x3c contiki-sky.a(cc2420.o)
                0x000074dc                cc2420_set_channel
 .text.cc2420_set_pan_addr
                0x00007518       0x4c contiki-sky.a(cc2420.o)
                0x00007518                cc2420_set_pan_addr
 .text.cc2420_interrupt
                0x00007564       0x16 contiki-sky.a(cc2420.o)
                0x00007564                cc2420_interrupt
 .text.cc2420_set_txpower
                0x0000757a        0xe contiki-sky.a(cc2420.o)
                0x0000757a                cc2420_set_txpower
 .text.cc2420_get_txpower
                0x00007588       0x1e contiki-sky.a(cc2420.o)
                0x00007588                cc2420_get_txpower
 .text.cc2420_transmit
                0x000075a6      0x110 contiki-sky.a(cc2420.o)
 .text.cc2420_send
                0x000076b6       0x12 contiki-sky.a(cc2420.o)
 .text.cc2420_rssi
                0x000076c8       0x4c contiki-sky.a(cc2420.o)
                0x000076c8                cc2420_rssi
 .text.get_value
                0x00007714       0xa8 contiki-sky.a(cc2420.o)
 .text.cc2420_set_cca_threshold
                0x000077bc       0x16 contiki-sky.a(cc2420.o)
                0x000077bc                cc2420_set_cca_threshold
 .text.set_value
                0x000077d2       0x86 contiki-sky.a(cc2420.o)
 .text.cc2420_init
                0x00007858       0xd8 contiki-sky.a(cc2420.o)
                0x00007858                cc2420_init
 .text.cc2420_port1_interrupt
                0x00007930       0x62 contiki-sky.a(cc2420-arch.o)
                0x00007930                __isr_4
                0x00007930                cc2420_port1_interrupt
 .text.cc2420_arch_init
                0x00007992       0x1a contiki-sky.a(cc2420-arch.o)
                0x00007992                cc2420_arch_init
 .text.uart1_active
                0x000079ac       0x18 contiki-sky.a(uart1.o)
                0x000079ac                uart1_active
 .text.uart1_writeb
                0x000079c4       0x18 contiki-sky.a(uart1.o)
                0x000079c4                uart1_writeb
 .text.uart1_init
                0x000079dc       0xf4 contiki-sky.a(uart1.o)
                0x000079dc                uart1_init
 .text.putchar  0x00007ad0       0x10 contiki-sky.a(uart1-putchar.o)
                0x00007ad0                putchar
 .text.msp430_init_dco
                0x00007ae0       0x82 contiki-sky.a(msp430.o)
                0x00007ae0                msp430_init_dco
 .text.msp430_add_lpm_req
                0x00007b62        0xc contiki-sky.a(msp430.o)
                0x00007b62                msp430_add_lpm_req
 .text.msp430_cpu_init
                0x00007b6e       0x2a contiki-sky.a(msp430.o)
                0x00007b6e                msp430_cpu_init
 .text.splhigh_
                0x00007b98        0x8 contiki-sky.a(msp430.o)
                0x00007b98                splhigh_
 .text.msp430_sync_dco
                0x00007ba0       0x6c contiki-sky.a(msp430.o)
                0x00007ba0                msp430_sync_dco
 .text.timera1  0x00007c0c      0x11e contiki-sky.a(clock.o)
                0x00007c0c                __isr_5
                0x00007c0c                timera1
 .text.clock_time
                0x00007d2a       0x1a contiki-sky.a(clock.o)
                0x00007d2a                clock_time
 .text.clock_init
                0x00007d44       0x28 contiki-sky.a(clock.o)
                0x00007d44                clock_init
 .text.clock_delay
                0x00007d6c        0xc contiki-sky.a(clock.o)
                0x00007d6c                clock_delay
 .text.clock_seconds
                0x00007d78       0x1a contiki-sky.a(clock.o)
                0x00007d78                clock_seconds
 .text.show_leds
                0x00007d92       0xf0 contiki-sky.a(leds.o)
 .text.leds_init
                0x00007e82        0xa contiki-sky.a(leds.o)
                0x00007e82                leds_init
 .text.leds_on  0x00007e8c        0xa contiki-sky.a(leds.o)
                0x00007e8c                leds_on
 .text.leds_off
                0x00007e96        0xe contiki-sky.a(leds.o)
                0x00007e96                leds_off
 .text.leds_arch_init
                0x00007ea4        0xe contiki-sky.a(leds-arch.o)
                0x00007ea4                leds_arch_init
 .text.leds_arch_set
                0x00007eb2       0x38 contiki-sky.a(leds-arch.o)
                0x00007eb2                leds_arch_set
 .text.watchdog_interrupt
                0x00007eea        0x6 contiki-sky.a(watchdog.o)
                0x00007eea                __isr_10
                0x00007eea                watchdog_interrupt
 .text.watchdog_start
                0x00007ef0       0x14 contiki-sky.a(watchdog.o)
                0x00007ef0                watchdog_start
 .text.watchdog_periodic
                0x00007f04       0x12 contiki-sky.a(watchdog.o)
                0x00007f04                watchdog_periodic
 .text.watchdog_stop
                0x00007f16       0x16 contiki-sky.a(watchdog.o)
                0x00007f16                watchdog_stop
 .text.watchdog_init
                0x00007f2c       0x12 contiki-sky.a(watchdog.o)
                0x00007f2c                watchdog_init
 .text.rtimer_arch_init
                0x00007f3e        0xe contiki-sky.a(rtimer-arch.o)
                0x00007f3e                rtimer_arch_init
 .text.rtimer_arch_now
                0x00007f4c        0xe contiki-sky.a(rtimer-arch.o)
                0x00007f4c                rtimer_arch_now
 .text.timera0  0x00007f5a       0x70 contiki-sky.a(rtimer-arch.o)
                0x00007f5a                __isr_6
                0x00007f5a                timera0
 .text.rtimer_arch_schedule
                0x00007fca        0x6 contiki-sky.a(rtimer-arch.o)
                0x00007fca                rtimer_arch_schedule
 .text.autostart_start
                0x00007fd0       0x16 contiki-sky.a(autostart.o)
                0x00007fd0                autostart_start
 .text.process_thread_ctimer_process
                0x00007fe6       0xa8 contiki-sky.a(ctimer.o)
 .text.ctimer_init
                0x0000808e       0x18 contiki-sky.a(ctimer.o)
                0x0000808e                ctimer_init
 .text.ctimer_set
                0x000080a6       0x50 contiki-sky.a(ctimer.o)
                0x000080a6                ctimer_set
 .text.ctimer_reset
                0x000080f6       0x30 contiki-sky.a(ctimer.o)
                0x000080f6                ctimer_reset
 .text.ctimer_stop
                0x00008126       0x28 contiki-sky.a(ctimer.o)
                0x00008126                ctimer_stop
 .text.energest_init
                0x0000814e       0x26 contiki-sky.a(energest.o)
                0x0000814e                energest_init
 .text.energest_type_time
                0x00008174       0x48 contiki-sky.a(energest.o)
                0x00008174                energest_type_time
 .text.energest_type_set
                0x000081bc        0xe contiki-sky.a(energest.o)
                0x000081bc                energest_type_set
 .text.energest_flush
                0x000081ca       0x48 contiki-sky.a(energest.o)
                0x000081ca                energest_flush
 .text.update_time
                0x00008212       0x78 contiki-sky.a(etimer.o)
 .text.etimer_request_poll
                0x0000828a        0xa contiki-sky.a(etimer.o)
                0x0000828a                etimer_request_poll
 .text.process_thread_etimer_process
                0x00008294       0xcc contiki-sky.a(etimer.o)
 .text.add_timer
                0x00008360       0x40 contiki-sky.a(etimer.o)
 .text.etimer_set
                0x000083a0       0x12 contiki-sky.a(etimer.o)
                0x000083a0                etimer_set
 .text.etimer_reset
                0x000083b2       0x12 contiki-sky.a(etimer.o)
                0x000083b2                etimer_reset
 .text.etimer_restart
                0x000083c4       0x12 contiki-sky.a(etimer.o)
                0x000083c4                etimer_restart
 .text.etimer_expired
                0x000083d6        0xe contiki-sky.a(etimer.o)
                0x000083d6                etimer_expired
 .text.etimer_expiration_time
                0x000083e4       0x14 contiki-sky.a(etimer.o)
                0x000083e4                etimer_expiration_time
 .text.etimer_pending
                0x000083f8        0xc contiki-sky.a(etimer.o)
                0x000083f8                etimer_pending
 .text.etimer_next_expiration_time
                0x00008404       0x16 contiki-sky.a(etimer.o)
                0x00008404                etimer_next_expiration_time
 .text.etimer_stop
                0x0000841a       0x3e contiki-sky.a(etimer.o)
                0x0000841a                etimer_stop
 .text.call_process
                0x00008458       0x46 contiki-sky.a(process.o)
 .text.exit_process
                0x0000849e       0x96 contiki-sky.a(process.o)
 .text.do_poll  0x00008534       0x30 contiki-sky.a(process.o)
 .text.process_alloc_event
                0x00008564        0xe contiki-sky.a(process.o)
                0x00008564                process_alloc_event
 .text.process_init
                0x00008572       0x1c contiki-sky.a(process.o)
                0x00008572                process_init
 .text.process_run
                0x0000858e       0xa2 contiki-sky.a(process.o)
                0x0000858e                process_run
 .text.process_nevents
                0x00008630        0xe contiki-sky.a(process.o)
                0x00008630                process_nevents
 .text.process_post
                0x0000863e       0x54 contiki-sky.a(process.o)
                0x0000863e                process_post
 .text.process_post_synch
                0x00008692       0x12 contiki-sky.a(process.o)
                0x00008692                process_post_synch
 .text.process_start
                0x000086a4       0x36 contiki-sky.a(process.o)
                0x000086a4                process_start
 .text.process_poll
                0x000086da       0x18 contiki-sky.a(process.o)
                0x000086da                process_poll
 .text.rtimer_init
                0x000086f2        0x6 contiki-sky.a(rtimer.o)
                0x000086f2                rtimer_init
 .text.rtimer_run_next
                0x000086f8       0x26 contiki-sky.a(rtimer.o)
                0x000086f8                rtimer_run_next
 .text.timer_set
                0x0000871e       0x1c contiki-sky.a(timer.o)
                0x0000871e                timer_set
 .text.timer_reset
                0x0000873a        0xe contiki-sky.a(timer.o)
                0x0000873a                timer_reset
 .text.timer_restart
                0x00008748       0x14 contiki-sky.a(timer.o)
                0x00008748                timer_restart
 .text.timer_expired
                0x0000875c       0x2a contiki-sky.a(timer.o)
                0x0000875c                timer_expired
 .text.list_init
                0x00008786        0x6 contiki-sky.a(list.o)
                0x00008786                list_init
 .text.list_head
                0x0000878c        0x4 contiki-sky.a(list.o)
                0x0000878c                list_head
 .text.list_tail
                0x00008790       0x12 contiki-sky.a(list.o)
                0x00008790                list_tail
 .text.list_remove
                0x000087a2       0x34 contiki-sky.a(list.o)
                0x000087a2                list_remove
 .text.list_push
                0x000087d6       0x1a contiki-sky.a(list.o)
                0x000087d6                list_push
 .text.list_add
                0x000087f0       0x2a contiki-sky.a(list.o)
                0x000087f0                list_add
 .text.list_length
                0x0000881a       0x10 contiki-sky.a(list.o)
                0x0000881a                list_length
 .text.list_item_next
                0x0000882a        0xc contiki-sky.a(list.o)
                0x0000882a                list_item_next
 .text.memb_init
                0x00008836       0x36 contiki-sky.a(memb.o)
                0x00008836                memb_init
 .text.memb_alloc
                0x0000886c       0x3e contiki-sky.a(memb.o)
                0x0000886c                memb_alloc
 .text.memb_free
                0x000088aa       0x3a contiki-sky.a(memb.o)
                0x000088aa                memb_free
 .text.memb_inmemb
                0x000088e4       0x2a contiki-sky.a(memb.o)
                0x000088e4                memb_inmemb
 .text.memb_numfree
                0x0000890e       0x26 contiki-sky.a(memb.o)
                0x0000890e                memb_numfree
 .text.random_init
                0x00008934        0x6 contiki-sky.a(random.o)
                0x00008934                random_init
 .text.random_rand
                0x0000893a        0x6 contiki-sky.a(random.o)
                0x0000893a                random_rand
 .text.set_packet_attrs
                0x00008940       0x46 contiki-sky.a(sicslowpan.o)
 .text.addr_context_lookup_by_number
                0x00008986       0x32 contiki-sky.a(sicslowpan.o)
 .text.compress_addr_64
                0x000089b8       0xae contiki-sky.a(sicslowpan.o)
 .text.uncompress_addr
                0x00008a66       0xb4 contiki-sky.a(sicslowpan.o)
 .text.input    0x00008b1a      0x64e contiki-sky.a(sicslowpan.o)
 .text.sicslowpan_init
                0x00009168       0x26 contiki-sky.a(sicslowpan.o)
                0x00009168                sicslowpan_init
 .text.addr_context_lookup_by_prefix
                0x0000918e       0x4c contiki-sky.a(sicslowpan.o)
 .text.packet_sent
                0x000091da       0x22 contiki-sky.a(sicslowpan.o)
 .text.send_packet
                0x000091fc       0x1a contiki-sky.a(sicslowpan.o)
 .text.output   0x00009216      0x6c6 contiki-sky.a(sicslowpan.o)
 .text.chksum   0x000098dc       0x32 contiki-sky.a(uip6.o)
 .text.upper_layer_chksum
                0x0000990e       0x56 contiki-sky.a(uip6.o)
 .text.ext_hdr_options_process
                0x00009964       0xd0 contiki-sky.a(uip6.o)
 .text.uip_icmp6chksum
                0x00009a34        0xa contiki-sky.a(uip6.o)
                0x00009a34                uip_icmp6chksum
 .text.uip_udpchksum
                0x00009a3e        0xa contiki-sky.a(uip6.o)
                0x00009a3e                uip_udpchksum
 .text.uip_init
                0x00009a48       0x42 contiki-sky.a(uip6.o)
                0x00009a48                uip_init
 .text.remove_ext_hdr
                0x00009a8a       0x58 contiki-sky.a(uip6.o)
                0x00009a8a                remove_ext_hdr
 .text.uip_udp_new
                0x00009ae2       0xe4 contiki-sky.a(uip6.o)
                0x00009ae2                uip_udp_new
 .text.uip_process
                0x00009bc6      0x49a contiki-sky.a(uip6.o)
                0x00009bc6                uip_process
 .text.uip_htonl
                0x0000a060       0x2e contiki-sky.a(uip6.o)
                0x0000a060                uip_htonl
 .text.uip_ds6_list_loop
                0x0000a08e       0x86 contiki-sky.a(uip-ds6.o)
                0x0000a08e                uip_ds6_list_loop
 .text.uip_ds6_prefix_add
                0x0000a114       0x80 contiki-sky.a(uip-ds6.o)
                0x0000a114                uip_ds6_prefix_add
 .text.uip_ds6_is_addr_onlink
                0x0000a194       0x54 contiki-sky.a(uip-ds6.o)
                0x0000a194                uip_ds6_is_addr_onlink
 .text.uip_ds6_addr_lookup
                0x0000a1e8       0x2a contiki-sky.a(uip-ds6.o)
                0x0000a1e8                uip_ds6_addr_lookup
 .text.uip_ds6_get_link_local
                0x0000a212       0x3e contiki-sky.a(uip-ds6.o)
                0x0000a212                uip_ds6_get_link_local
 .text.uip_ds6_maddr_add
                0x0000a250       0x4c contiki-sky.a(uip-ds6.o)
                0x0000a250                uip_ds6_maddr_add
 .text.uip_ds6_addr_add
                0x0000a29c       0xc4 contiki-sky.a(uip-ds6.o)
                0x0000a29c                uip_ds6_addr_add
 .text.uip_ds6_maddr_rm
                0x0000a360        0xa contiki-sky.a(uip-ds6.o)
                0x0000a360                uip_ds6_maddr_rm
 .text.uip_ds6_maddr_lookup
                0x0000a36a       0x2a contiki-sky.a(uip-ds6.o)
                0x0000a36a                uip_ds6_maddr_lookup
 .text.uip_ds6_addr_rm
                0x0000a394       0x54 contiki-sky.a(uip-ds6.o)
                0x0000a394                uip_ds6_addr_rm
 .text.uip_ds6_periodic
                0x0000a3e8       0x4a contiki-sky.a(uip-ds6.o)
                0x0000a3e8                uip_ds6_periodic
 .text.uip_ds6_set_addr_iid
                0x0000a432       0x14 contiki-sky.a(uip-ds6.o)
                0x0000a432                uip_ds6_set_addr_iid
 .text.get_match_length
                0x0000a446       0x44 contiki-sky.a(uip-ds6.o)
                0x0000a446                get_match_length
 .text.uip_ds6_select_src
                0x0000a48a       0xaa contiki-sky.a(uip-ds6.o)
                0x0000a48a                uip_ds6_select_src
 .text.uip_ds6_compute_reachable_time
                0x0000a534       0x3e contiki-sky.a(uip-ds6.o)
                0x0000a534                uip_ds6_compute_reachable_time
 .text.uip_ds6_init
                0x0000a572      0x154 contiki-sky.a(uip-ds6.o)
                0x0000a572                uip_ds6_init
 .text.uip_ds6_nbr_rm
                0x0000a6c6       0x1a contiki-sky.a(uip-ds6-nbr.o)
                0x0000a6c6                uip_ds6_nbr_rm
 .text.uip_ds6_neighbors_init
                0x0000a6e0        0xe contiki-sky.a(uip-ds6-nbr.o)
                0x0000a6e0                uip_ds6_neighbors_init
 .text.uip_ds6_nbr_add
                0x0000a6ee       0x60 contiki-sky.a(uip-ds6-nbr.o)
                0x0000a6ee                uip_ds6_nbr_add
 .text.uip_ds6_nbr_get_ll
                0x0000a74e        0xc contiki-sky.a(uip-ds6-nbr.o)
                0x0000a74e                uip_ds6_nbr_get_ll
 .text.uip_ds6_nbr_lookup
                0x0000a75a       0x42 contiki-sky.a(uip-ds6-nbr.o)
                0x0000a75a                uip_ds6_nbr_lookup
 .text.uip_ds6_nbr_ll_lookup
                0x0000a79c        0xc contiki-sky.a(uip-ds6-nbr.o)
                0x0000a79c                uip_ds6_nbr_ll_lookup
 .text.uip_ds6_nbr_ipaddr_from_lladdr
                0x0000a7a8        0x6 contiki-sky.a(uip-ds6-nbr.o)
                0x0000a7a8                uip_ds6_nbr_ipaddr_from_lladdr
 .text.uip_ds6_nbr_lladdr_from_ipaddr
                0x0000a7ae       0x12 contiki-sky.a(uip-ds6-nbr.o)
                0x0000a7ae                uip_ds6_nbr_lladdr_from_ipaddr
 .text.uip_ds6_link_neighbor_callback
                0x0000a7c0       0x2a contiki-sky.a(uip-ds6-nbr.o)
                0x0000a7c0                uip_ds6_link_neighbor_callback
 .text.uip_ds6_neighbor_periodic
                0x0000a7ea       0x60 contiki-sky.a(uip-ds6-nbr.o)
                0x0000a7ea                uip_ds6_neighbor_periodic
 .text.call_route_callback
                0x0000a84a       0x4c contiki-sky.a(uip-ds6-route.o)
 .text.uip_ds6_route_init
                0x0000a896       0x36 contiki-sky.a(uip-ds6-route.o)
                0x0000a896                uip_ds6_route_init
 .text.uip_ds6_route_nexthop
                0x0000a8cc       0x1a contiki-sky.a(uip-ds6-route.o)
                0x0000a8cc                uip_ds6_route_nexthop
 .text.uip_ds6_route_head
                0x0000a8e6        0xa contiki-sky.a(uip-ds6-route.o)
                0x0000a8e6                uip_ds6_route_head
 .text.uip_ds6_route_next
                0x0000a8f0        0xe contiki-sky.a(uip-ds6-route.o)
                0x0000a8f0                uip_ds6_route_next
 .text.uip_ds6_route_lookup
                0x0000a8fe       0x8c contiki-sky.a(uip-ds6-route.o)
                0x0000a8fe                uip_ds6_route_lookup
 .text.uip_ds6_route_rm
                0x0000a98a       0xa6 contiki-sky.a(uip-ds6-route.o)
                0x0000a98a                uip_ds6_route_rm
 .text.rm_routelist
                0x0000aa30       0x34 contiki-sky.a(uip-ds6-route.o)
 .text.rm_routelist_callback
                0x0000aa64        0x6 contiki-sky.a(uip-ds6-route.o)
 .text.uip_ds6_route_add
                0x0000aa6a      0x10c contiki-sky.a(uip-ds6-route.o)
                0x0000aa6a                uip_ds6_route_add
 .text.uip_ds6_defrt_rm
                0x0000ab76       0x48 contiki-sky.a(uip-ds6-route.o)
                0x0000ab76                uip_ds6_defrt_rm
 .text.uip_ds6_defrt_lookup
                0x0000abbe       0x36 contiki-sky.a(uip-ds6-route.o)
                0x0000abbe                uip_ds6_defrt_lookup
 .text.uip_ds6_defrt_add
                0x0000abf4       0x74 contiki-sky.a(uip-ds6-route.o)
                0x0000abf4                uip_ds6_defrt_add
 .text.uip_ds6_defrt_choose
                0x0000ac68       0x3a contiki-sky.a(uip-ds6-route.o)
                0x0000ac68                uip_ds6_defrt_choose
 .text.uip_ds6_defrt_periodic
                0x0000aca2       0x38 contiki-sky.a(uip-ds6-route.o)
                0x0000aca2                uip_ds6_defrt_periodic
 .text.echo_reply_input
                0x0000acda      0x110 contiki-sky.a(uip-icmp6.o)
 .text.echo_request_input
                0x0000adea      0x12c contiki-sky.a(uip-icmp6.o)
 .text.uip_icmp6_input
                0x0000af16       0x48 contiki-sky.a(uip-icmp6.o)
                0x0000af16                uip_icmp6_input
 .text.uip_icmp6_register_input_handler
                0x0000af5e        0xc contiki-sky.a(uip-icmp6.o)
                0x0000af5e                uip_icmp6_register_input_handler
 .text.uip_icmp6_error_output
                0x0000af6a      0x17e contiki-sky.a(uip-icmp6.o)
                0x0000af6a                uip_icmp6_error_output
 .text.uip_icmp6_send
                0x0000b0e8       0x94 contiki-sky.a(uip-icmp6.o)
                0x0000b0e8                uip_icmp6_send
 .text.uip_icmp6_init
                0x0000b17c       0x12 contiki-sky.a(uip-icmp6.o)
                0x0000b17c                uip_icmp6_init
 .text.uip_nd6_init
                0x0000b18e        0x2 contiki-sky.a(uip-nd6.o)
                0x0000b18e                uip_nd6_init
 .text.tcpip_output
                0x0000b190       0x10 contiki-sky.a(tcpip.o)
                0x0000b190                tcpip_output
 .text.tcpip_set_outputfunc
                0x0000b1a0        0x6 contiki-sky.a(tcpip.o)
                0x0000b1a0                tcpip_set_outputfunc
 .text.udp_new  0x0000b1a6       0x1a contiki-sky.a(tcpip.o)
                0x0000b1a6                udp_new
 .text.tcpip_input
                0x0000b1c0       0x16 contiki-sky.a(tcpip.o)
                0x0000b1c0                tcpip_input
 .text.tcpip_ipv6_output
                0x0000b1d6       0xd4 contiki-sky.a(tcpip.o)
                0x0000b1d6                tcpip_ipv6_output
 .text.process_thread_tcpip_process
                0x0000b2aa       0xd4 contiki-sky.a(tcpip.o)
 .text.tcpip_uipcall
                0x0000b37e       0x2a contiki-sky.a(tcpip.o)
                0x0000b37e                tcpip_uipcall
 .text.uip_debug_ipaddr_print
                0x0000b3a8       0x7e contiki-sky.a(uip-debug.o)
                0x0000b3a8                uip_debug_ipaddr_print
 .text.uip_udp_packet_send
                0x0000b426       0x2e contiki-sky.a(uip-udp-packet.)
                0x0000b426                uip_udp_packet_send
 .text.uip_udp_packet_sendto
                0x0000b454       0x66 contiki-sky.a(uip-udp-packet.)
                0x0000b454                uip_udp_packet_sendto
 .text.rpl_get_mode
                0x0000b4ba        0x6 contiki-sky.a(rpl.o)
                0x0000b4ba                rpl_get_mode
 .text.rpl_purge_routes
                0x0000b4c0       0x96 contiki-sky.a(rpl.o)
                0x0000b4c0                rpl_purge_routes
 .text.rpl_remove_routes
                0x0000b556       0x22 contiki-sky.a(rpl.o)
                0x0000b556                rpl_remove_routes
 .text.rpl_remove_routes_by_nexthop
                0x0000b578       0x46 contiki-sky.a(rpl.o)
                0x0000b578                rpl_remove_routes_by_nexthop
 .text.rpl_add_route
                0x0000b5be       0x48 contiki-sky.a(rpl.o)
                0x0000b5be                rpl_add_route
 .text.rpl_link_neighbor_callback
                0x0000b606       0x7c contiki-sky.a(rpl.o)
                0x0000b606                rpl_link_neighbor_callback
 .text.rpl_ipv6_neighbor_callback
                0x0000b682       0x1e contiki-sky.a(rpl.o)
                0x0000b682                rpl_ipv6_neighbor_callback
 .text.rpl_init
                0x0000b6a0       0x4a contiki-sky.a(rpl.o)
                0x0000b6a0                rpl_init
 .text.lollipop_greater_than
                0x0000b6ea       0x3c contiki-sky.a(rpl-dag.o)
 .text.find_parent_any_dag_any_instance
                0x0000b726       0x14 contiki-sky.a(rpl-dag.o)
 .text.rpl_set_preferred_parent
                0x0000b73a       0x30 contiki-sky.a(rpl-dag.o)
 .text.set_ip_from_prefix
                0x0000b76a       0x38 contiki-sky.a(rpl-dag.o)
 .text.check_prefix
                0x0000b7a2       0x80 contiki-sky.a(rpl-dag.o)
 .text.rpl_get_nbr
                0x0000b822       0x1e contiki-sky.a(rpl-dag.o)
                0x0000b822                rpl_get_nbr
 .text.rpl_dag_init
                0x0000b840        0xe contiki-sky.a(rpl-dag.o)
                0x0000b840                rpl_dag_init
 .text.rpl_get_parent
                0x0000b84e        0xc contiki-sky.a(rpl-dag.o)
                0x0000b84e                rpl_get_parent
 .text.rpl_get_parent_ipaddr
                0x0000b85a       0x10 contiki-sky.a(rpl-dag.o)
                0x0000b85a                rpl_get_parent_ipaddr
 .text.rpl_set_prefix
                0x0000b86a       0x8e contiki-sky.a(rpl-dag.o)
                0x0000b86a                rpl_set_prefix
 .text.rpl_set_default_route
                0x0000b8f8       0x64 contiki-sky.a(rpl-dag.o)
                0x0000b8f8                rpl_set_default_route
 .text.rpl_alloc_instance
                0x0000b95c       0x34 contiki-sky.a(rpl-dag.o)
                0x0000b95c                rpl_alloc_instance
 .text.rpl_add_parent
                0x0000b990       0x56 contiki-sky.a(rpl-dag.o)
                0x0000b990                rpl_add_parent
 .text.rpl_find_parent
                0x0000b9e6       0x1c contiki-sky.a(rpl-dag.o)
                0x0000b9e6                rpl_find_parent
 .text.rpl_find_parent_any_dag
                0x0000ba02       0x24 contiki-sky.a(rpl-dag.o)
                0x0000ba02                rpl_find_parent_any_dag
 .text.rpl_select_parent
                0x0000ba26       0x7e contiki-sky.a(rpl-dag.o)
                0x0000ba26                rpl_select_parent
 .text.rpl_select_dag
                0x0000baa4      0x1ae contiki-sky.a(rpl-dag.o)
                0x0000baa4                rpl_select_dag
 .text.rpl_nullify_parent
                0x0000bc52       0x54 contiki-sky.a(rpl-dag.o)
                0x0000bc52                rpl_nullify_parent
 .text.rpl_remove_parent
                0x0000bca6       0x16 contiki-sky.a(rpl-dag.o)
                0x0000bca6                rpl_remove_parent
 .text.nbr_callback
                0x0000bcbc        0x6 contiki-sky.a(rpl-dag.o)
 .text.remove_parents.constprop.5
                0x0000bcc2       0x32 contiki-sky.a(rpl-dag.o)
 .text.rpl_move_parent
                0x0000bcf4       0x5a contiki-sky.a(rpl-dag.o)
                0x0000bcf4                rpl_move_parent
 .text.rpl_get_any_dag
                0x0000bd4e       0x16 contiki-sky.a(rpl-dag.o)
                0x0000bd4e                rpl_get_any_dag
 .text.rpl_get_instance
                0x0000bd64       0x16 contiki-sky.a(rpl-dag.o)
                0x0000bd64                rpl_get_instance
 .text.rpl_alloc_dag
                0x0000bd7a       0x64 contiki-sky.a(rpl-dag.o)
                0x0000bd7a                rpl_alloc_dag
 .text.rpl_repair_root
                0x0000bdde       0x4c contiki-sky.a(rpl-dag.o)
                0x0000bdde                rpl_repair_root
 .text.rpl_find_of
                0x0000be2a       0x10 contiki-sky.a(rpl-dag.o)
                0x0000be2a                rpl_find_of
 .text.rpl_join_instance
                0x0000be3a      0x13c contiki-sky.a(rpl-dag.o)
                0x0000be3a                rpl_join_instance
 .text.rpl_local_repair
                0x0000bf76       0x80 contiki-sky.a(rpl-dag.o)
                0x0000bf76                rpl_local_repair
 .text.rpl_process_parent_event
                0x0000bff6       0x80 contiki-sky.a(rpl-dag.o)
                0x0000bff6                rpl_process_parent_event
 .text.rpl_recalculate_ranks
                0x0000c076       0x46 contiki-sky.a(rpl-dag.o)
                0x0000c076                rpl_recalculate_ranks
 .text.rpl_add_dag
                0x0000c0bc      0x112 contiki-sky.a(rpl-dag.o)
                0x0000c0bc                rpl_add_dag
 .text.rpl_process_dio
                0x0000c1ce      0x2f8 contiki-sky.a(rpl-dag.o)
                0x0000c1ce                rpl_process_dio
 .text.rpl_lock_parent
                0x0000c4c6        0xc contiki-sky.a(rpl-dag.o)
                0x0000c4c6                rpl_lock_parent
 .text.rpl_verify_header
                0x0000c4d2       0xb2 contiki-sky.a(rpl-ext-header.)
                0x0000c4d2                rpl_verify_header
 .text.rpl_update_header_empty
                0x0000c584      0x132 contiki-sky.a(rpl-ext-header.)
                0x0000c584                rpl_update_header_empty
 .text.rpl_update_header_final
                0x0000c6b6       0x90 contiki-sky.a(rpl-ext-header.)
                0x0000c6b6                rpl_update_header_final
 .text.rpl_invert_header
                0x0000c746       0x7c contiki-sky.a(rpl-ext-header.)
                0x0000c746                rpl_invert_header
 .text.rpl_insert_header
                0x0000c7c2       0x12 contiki-sky.a(rpl-ext-header.)
                0x0000c7c2                rpl_insert_header
 .text.get32    0x0000c7d4       0x46 contiki-sky.a(rpl-icmp6.o)
 .text.set32    0x0000c81a       0x2a contiki-sky.a(rpl-icmp6.o)
 .text.get16    0x0000c844        0xe contiki-sky.a(rpl-icmp6.o)
 .text.set16    0x0000c852       0x10 contiki-sky.a(rpl-icmp6.o)
 .text.dao_ack_input
                0x0000c862        0x6 contiki-sky.a(rpl-icmp6.o)
 .text.dio_input
                0x0000c868      0x2d8 contiki-sky.a(rpl-icmp6.o)
 .text.dis_output
                0x0000cb40       0x50 contiki-sky.a(rpl-icmp6.o)
                0x0000cb40                dis_output
 .text.dio_output
                0x0000cb90      0x268 contiki-sky.a(rpl-icmp6.o)
                0x0000cb90                dio_output
 .text.dis_input
                0x0000cdf8       0x28 contiki-sky.a(rpl-icmp6.o)
 .text.dao_output_target
                0x0000ce20       0xe4 contiki-sky.a(rpl-icmp6.o)
                0x0000ce20                dao_output_target
 .text.dao_output
                0x0000cf04       0x7e contiki-sky.a(rpl-icmp6.o)
                0x0000cf04                dao_output
 .text.dao_ack_output
                0x0000cf82       0x32 contiki-sky.a(rpl-icmp6.o)
                0x0000cf82                dao_ack_output
 .text.dao_input
                0x0000cfb4      0x2ac contiki-sky.a(rpl-icmp6.o)
 .text.rpl_icmp6_register_handlers
                0x0000d260       0x22 contiki-sky.a(rpl-icmp6.o)
                0x0000d260                rpl_icmp6_register_handlers
 .text.reset    0x0000d282        0x2 contiki-sky.a(rpl-mrhof.o)
 .text.update_metric_container
                0x0000d284        0x6 contiki-sky.a(rpl-mrhof.o)
 .text.calculate_rank
                0x0000d28a       0x42 contiki-sky.a(rpl-mrhof.o)
 .text.neighbor_link_callback
                0x0000d2cc       0x9c contiki-sky.a(rpl-mrhof.o)
 .text.best_dag
                0x0000d368       0x2e contiki-sky.a(rpl-mrhof.o)
 .text.best_parent
                0x0000d396       0x74 contiki-sky.a(rpl-mrhof.o)
 .text.new_dio_interval
                0x0000d40a       0x92 contiki-sky.a(rpl-timers.o)
 .text.set_dao_lifetime_timer
                0x0000d49c       0x66 contiki-sky.a(rpl-timers.o)
 .text.handle_periodic_timer
                0x0000d502       0x2e contiki-sky.a(rpl-timers.o)
 .text.schedule_dao
                0x0000d530       0x82 contiki-sky.a(rpl-timers.o)
 .text.handle_dio_timer
                0x0000d5b2       0x88 contiki-sky.a(rpl-timers.o)
 .text.handle_dao_timer
                0x0000d63a       0x64 contiki-sky.a(rpl-timers.o)
 .text.rpl_reset_periodic_timer
                0x0000d69e       0x54 contiki-sky.a(rpl-timers.o)
                0x0000d69e                rpl_reset_periodic_timer
 .text.rpl_reset_dio_timer
                0x0000d6f2       0x18 contiki-sky.a(rpl-timers.o)
                0x0000d6f2                rpl_reset_dio_timer
 .text.rpl_schedule_dao
                0x0000d70a        0xc contiki-sky.a(rpl-timers.o)
                0x0000d70a                rpl_schedule_dao
 .text.rpl_schedule_probing
                0x0000d716       0x3c contiki-sky.a(rpl-timers.o)
                0x0000d716                rpl_schedule_probing
 .text.handle_probing_timer
                0x0000d752      0x12a contiki-sky.a(rpl-timers.o)
 .text.create_frame.isra.0
                0x0000d87c      0x108 contiki-sky.a(framer-802154.o)
 .text.create   0x0000d984        0x8 contiki-sky.a(framer-802154.o)
 .text.hdr_length
                0x0000d98c        0x8 contiki-sky.a(framer-802154.o)
 .text.parse    0x0000d994       0xa2 contiki-sky.a(framer-802154.o)
 .text.framer_canonical_create_and_secure
                0x0000da36       0x20 contiki-sky.a(framer.o)
                0x0000da36                framer_canonical_create_and_secure
 .text.send_packet
                0x0000da56        0x6 contiki-sky.a(nullmac.o)
 .text.packet_input
                0x0000da5c        0x6 contiki-sky.a(nullmac.o)
 .text.on       0x0000da62        0x6 contiki-sky.a(nullmac.o)
 .text.off      0x0000da68        0x6 contiki-sky.a(nullmac.o)
 .text.channel_check_interval
                0x0000da6e        0x4 contiki-sky.a(nullmac.o)
 .text.init     0x0000da72        0x2 contiki-sky.a(nullmac.o)
 .text.on       0x0000da74        0x6 contiki-sky.a(nullrdc.o)
 .text.channel_check_interval
                0x0000da7a        0x4 contiki-sky.a(nullrdc.o)
 .text.init     0x0000da7e        0x6 contiki-sky.a(nullrdc.o)
 .text.off      0x0000da84       0x10 contiki-sky.a(nullrdc.o)
 .text.packet_input
                0x0000da94       0x28 contiki-sky.a(nullrdc.o)
 .text.send_one_packet
                0x0000dabc       0x6a contiki-sky.a(nullrdc.o)
 .text.send_list
                0x0000db26       0x30 contiki-sky.a(nullrdc.o)
 .text.send_packet
                0x0000db56        0x6 contiki-sky.a(nullrdc.o)
 .text.linkaddr_copy
                0x0000db5c        0x8 contiki-sky.a(linkaddr.o)
                0x0000db5c                linkaddr_copy
 .text.linkaddr_cmp
                0x0000db64       0x12 contiki-sky.a(linkaddr.o)
                0x0000db64                linkaddr_cmp
 .text.linkaddr_set_node_addr
                0x0000db76        0xc contiki-sky.a(linkaddr.o)
                0x0000db76                linkaddr_set_node_addr
 .text.item_from_index
                0x0000db82       0x2a contiki-sky.a(nbr-table.o)
 .text.index_from_key
                0x0000dbac       0x26 contiki-sky.a(nbr-table.o)
 .text.index_from_item
                0x0000dbd2       0x1e contiki-sky.a(nbr-table.o)
 .text.nbr_set_bit
                0x0000dbf0       0x58 contiki-sky.a(nbr-table.o)
 .text.index_from_lladdr
                0x0000dc48       0x42 contiki-sky.a(nbr-table.o)
 .text.nbr_get_bit.constprop.0
                0x0000dc8a       0x2e contiki-sky.a(nbr-table.o)
 .text.nbr_table_register
                0x0000dcb8       0x26 contiki-sky.a(nbr-table.o)
                0x0000dcb8                nbr_table_register
 .text.nbr_table_next
                0x0000dcde       0x54 contiki-sky.a(nbr-table.o)
                0x0000dcde                nbr_table_next
 .text.nbr_table_head
                0x0000dd32       0x3a contiki-sky.a(nbr-table.o)
                0x0000dd32                nbr_table_head
 .text.nbr_table_add_lladdr
                0x0000dd6c      0x128 contiki-sky.a(nbr-table.o)
                0x0000dd6c                nbr_table_add_lladdr
 .text.nbr_table_get_from_lladdr
                0x0000de94       0x2c contiki-sky.a(nbr-table.o)
                0x0000de94                nbr_table_get_from_lladdr
 .text.nbr_table_remove
                0x0000dec0       0x32 contiki-sky.a(nbr-table.o)
                0x0000dec0                nbr_table_remove
 .text.nbr_table_lock
                0x0000def2       0x10 contiki-sky.a(nbr-table.o)
                0x0000def2                nbr_table_lock
 .text.nbr_table_unlock
                0x0000df02       0x10 contiki-sky.a(nbr-table.o)
                0x0000df02                nbr_table_unlock
 .text.nbr_table_get_lladdr
                0x0000df12       0x22 contiki-sky.a(nbr-table.o)
                0x0000df12                nbr_table_get_lladdr
 .text.packetbuf_compact
                0x0000df34       0x2e contiki-sky.a(packetbuf.o)
                0x0000df34                packetbuf_compact
 .text.packetbuf_copyto
                0x0000df62       0x52 contiki-sky.a(packetbuf.o)
                0x0000df62                packetbuf_copyto
 .text.packetbuf_hdrreduce
                0x0000dfb4       0x1a contiki-sky.a(packetbuf.o)
                0x0000dfb4                packetbuf_hdrreduce
 .text.packetbuf_set_datalen
                0x0000dfce        0x6 contiki-sky.a(packetbuf.o)
                0x0000dfce                packetbuf_set_datalen
 .text.packetbuf_dataptr
                0x0000dfd4        0xe contiki-sky.a(packetbuf.o)
                0x0000dfd4                packetbuf_dataptr
 .text.packetbuf_hdrptr
                0x0000dfe2        0xa contiki-sky.a(packetbuf.o)
                0x0000dfe2                packetbuf_hdrptr
 .text.packetbuf_datalen
                0x0000dfec        0x6 contiki-sky.a(packetbuf.o)
                0x0000dfec                packetbuf_datalen
 .text.packetbuf_hdrlen
                0x0000dff2       0x10 contiki-sky.a(packetbuf.o)
                0x0000dff2                packetbuf_hdrlen
 .text.packetbuf_totlen
                0x0000e002        0xc contiki-sky.a(packetbuf.o)
                0x0000e002                packetbuf_totlen
 .text.packetbuf_hdralloc
                0x0000e00e       0x2e contiki-sky.a(packetbuf.o)
                0x0000e00e                packetbuf_hdralloc
 .text.packetbuf_attr_clear
                0x0000e03c       0x28 contiki-sky.a(packetbuf.o)
                0x0000e03c                packetbuf_attr_clear
 .text.packetbuf_clear
                0x0000e064       0x1a contiki-sky.a(packetbuf.o)
                0x0000e064                packetbuf_clear
 .text.packetbuf_copyfrom
                0x0000e07e       0x2e contiki-sky.a(packetbuf.o)
                0x0000e07e                packetbuf_copyfrom
 .text.packetbuf_attr_copyto
                0x0000e0ac       0x22 contiki-sky.a(packetbuf.o)
                0x0000e0ac                packetbuf_attr_copyto
 .text.packetbuf_attr_copyfrom
                0x0000e0ce       0x24 contiki-sky.a(packetbuf.o)
                0x0000e0ce                packetbuf_attr_copyfrom
 .text.packetbuf_holds_broadcast
                0x0000e0f2        0xe contiki-sky.a(packetbuf.o)
                0x0000e0f2                packetbuf_holds_broadcast
 .text.queuebuf_init
                0x0000e100       0x12 contiki-sky.a(queuebuf.o)
                0x0000e100                queuebuf_init
 .text.queuebuf_numfree
                0x0000e112        0xa contiki-sky.a(queuebuf.o)
                0x0000e112                queuebuf_numfree
 .text.queuebuf_new_from_packetbuf
                0x0000e11c       0x52 contiki-sky.a(queuebuf.o)
                0x0000e11c                queuebuf_new_from_packetbuf
 .text.queuebuf_free
                0x0000e16e       0x2a contiki-sky.a(queuebuf.o)
                0x0000e16e                queuebuf_free
 .text.queuebuf_to_packetbuf
                0x0000e198       0x32 contiki-sky.a(queuebuf.o)
                0x0000e198                queuebuf_to_packetbuf
 .text.bootstrap
                0x0000e1ca        0x4 contiki-sky.a(nullsec.o)
 .text.send     0x0000e1ce        0xa contiki-sky.a(nullsec.o)
 .text.on_frame_created
                0x0000e1d8        0x4 contiki-sky.a(nullsec.o)
 .text.input    0x0000e1dc        0x6 contiki-sky.a(nullsec.o)
 .text.get_overhead
                0x0000e1e2        0x4 contiki-sky.a(nullsec.o)
 .text.spi_init
                0x0000e1e6       0x30 contiki-sky.a(spi.o)
                0x0000e1e6                spi_init
 .text.stimer_set
                0x0000e216       0x1c contiki-sky.a(stimer.o)
                0x0000e216                stimer_set
 .text.stimer_expired
                0x0000e232       0x30 contiki-sky.a(stimer.o)
                0x0000e232                stimer_expired
 .text.field_len
                0x0000e262       0x90 contiki-sky.a(frame802154.o)
 .text.frame802154_hdrlen
                0x0000e2f2       0x2e contiki-sky.a(frame802154.o)
                0x0000e2f2                frame802154_hdrlen
 .text.frame802154_create
                0x0000e320      0x146 contiki-sky.a(frame802154.o)
                0x0000e320                frame802154_create
 .text.frame802154_parse
                0x0000e466      0x1ba contiki-sky.a(frame802154.o)
                0x0000e466                frame802154_parse
 .text.mac_call_sent_callback
                0x0000e620       0x14 contiki-sky.a(mac.o)
                0x0000e620                mac_call_sent_callback
 .text.libgcc   0x0000e634       0x2c /usr/local/msp430/bin/../lib/gcc/msp430/4.7.0/mmpy-16/libgcc.a(_mulsi3.o)
                0x0000e634                __mulsi3
 .text.libgcc   0x0000e660       0x22 /usr/local/msp430/bin/../lib/gcc/msp430/4.7.0/mmpy-16/libgcc.a(_udivmod16.o)
                0x0000e660                __udivhi3
                0x0000e660                __ext_udivmod16
                0x0000e67a                __umodhi3
 .text.libgcc   0x0000e682       0x3a /usr/local/msp430/bin/../lib/gcc/msp430/4.7.0/mmpy-16/libgcc.a(_divmod16.o)
                0x0000e682                __ext_divmod16
                0x0000e682                __divhi3
                0x0000e6b4                __modhi3
 .text.libgcc   0x0000e6bc       0x40 /usr/local/msp430/bin/../lib/gcc/msp430/4.7.0/mmpy-16/libgcc.a(_udivmod32.o)
                0x0000e6bc                __udivsi3
                0x0000e6bc                __ext_udivmod32
                0x0000e6f2                __umodsi3
 .text.libgcc   0x0000e6fc       0x4c /usr/local/msp430/bin/../lib/gcc/msp430/4.7.0/mmpy-16/libgcc.a(_divmod32.o)
                0x0000e6fc                __ext_divmod32
                0x0000e6fc                __divsi3
                0x0000e73e                __modsi3
 .text.malloc   0x0000e748       0xd0 /usr/local/msp430/bin/../lib/gcc/msp430/4.7.0/../../../../msp430/lib/mmpy-16/libc.a(malloc.o)
                0x0000e748                malloc
 .text.free     0x0000e818        0x6 /usr/local/msp430/bin/../lib/gcc/msp430/4.7.0/../../../../msp430/lib/mmpy-16/libc.a(malloc.o)
                0x0000e818                free
 .text.printf   0x0000e81e       0x10 /usr/local/msp430/bin/../lib/gcc/msp430/4.7.0/../../../../msp430/lib/mmpy-16/libc.a(printf.o)
                0x0000e81e                printf
 .text.append   0x0000e82e       0x22 /usr/local/msp430/bin/../lib/gcc/msp430/4.7.0/../../../../msp430/lib/mmpy-16/libc.a(sprintf.o)
 .text.call_vuprintf
                0x0000e850       0x3a /usr/local/msp430/bin/../lib/gcc/msp430/4.7.0/../../../../msp430/lib/mmpy-16/libc.a(sprintf.o)
 .text.sprintf  0x0000e88a       0x1c /usr/local/msp430/bin/../lib/gcc/msp430/4.7.0/../../../../msp430/lib/mmpy-16/libc.a(sprintf.o)
                0x0000e88a                sprintf
 .text.snprintf
                0x0000e8a6       0x1a /usr/local/msp430/bin/../lib/gcc/msp430/4.7.0/../../../../msp430/lib/mmpy-16/libc.a(sprintf.o)
                0x0000e8a6                snprintf
 .text.print_field
                0x0000e8c0      0x194 /usr/local/msp430/bin/../lib/gcc/msp430/4.7.0/../../../../msp430/lib/mmpy-16/libc.a(vuprintf.o)
 .text.vuprintf
                0x0000ea54      0x63c /usr/local/msp430/bin/../lib/gcc/msp430/4.7.0/../../../../msp430/lib/mmpy-16/libc.a(vuprintf.o)
                0x0000ea54                vuprintf
 .text.puts     0x0000f090       0x2c /usr/local/msp430/bin/../lib/gcc/msp430/4.7.0/../../../../msp430/lib/mmpy-16/libc.a(puts.o)
                0x0000f090                puts
 .text.rand     0x0000f0bc       0x26 /usr/local/msp430/bin/../lib/gcc/msp430/4.7.0/../../../../msp430/lib/mmpy-16/libc.a(rand.o)
                0x0000f0bc                rand
 .text.srand    0x0000f0e2        0xa /usr/local/msp430/bin/../lib/gcc/msp430/4.7.0/../../../../msp430/lib/mmpy-16/libc.a(rand.o)
                0x0000f0e2                srand
 .text.strchr   0x0000f0ec       0x16 /usr/local/msp430/bin/../lib/gcc/msp430/4.7.0/../../../../msp430/lib/mmpy-16/libc.a(strchr.o)
                0x0000f0ec                strchr
 .text.memchr   0x0000f102       0x1e /usr/local/msp430/bin/../lib/gcc/msp430/4.7.0/../../../../msp430/lib/mmpy-16/libc.a(memchr.o)
                0x0000f102                memchr
 .text.strncmp  0x0000f120       0x2a /usr/local/msp430/bin/../lib/gcc/msp430/4.7.0/../../../../msp430/lib/mmpy-16/libc.a(strncmp.o)
                0x0000f120                strncmp
 .text.memcmp   0x0000f14a       0x30 /usr/local/msp430/bin/../lib/gcc/msp430/4.7.0/../../../../msp430/lib/mmpy-16/libc.a(memcmp.o)
                0x0000f14a                memcmp
 .text.strcpy   0x0000f17a       0x14 /usr/local/msp430/bin/../lib/gcc/msp430/4.7.0/../../../../msp430/lib/mmpy-16/libc.a(strcpy.o)
                0x0000f17a                strcpy
 .text.strncpy  0x0000f18e       0x2a /usr/local/msp430/bin/../lib/gcc/msp430/4.7.0/../../../../msp430/lib/mmpy-16/libc.a(strncpy.o)
                0x0000f18e                strncpy
 .text.memcpy   0x0000f1b8       0xfa /usr/local/msp430/bin/../lib/gcc/msp430/4.7.0/../../../../msp430/lib/mmpy-16/libc.a(memcpy.o)
                0x0000f1b8                memcpy
 .text.memmove  0x0000f2b2       0xfa /usr/local/msp430/bin/../lib/gcc/msp430/4.7.0/../../../../msp430/lib/mmpy-16/libc.a(memmove.o)
                0x0000f2b2                memmove
 .text.memset   0x0000f3ac       0x6a /usr/local/msp430/bin/../lib/gcc/msp430/4.7.0/../../../../msp430/lib/mmpy-16/libc.a(memset.o)
                0x0000f3ac                memset
 .text.strcat   0x0000f416       0x1a /usr/local/msp430/bin/../lib/gcc/msp430/4.7.0/../../../../msp430/lib/mmpy-16/libc.a(strcat.o)
                0x0000f416                strcat
 .text.libgcc   0x0000f430       0xf0 /usr/local/msp430/bin/../lib/gcc/msp430/4.7.0/mmpy-16/libgcc.a(_udivmod64.o)
                0x0000f430                __xabi_udivmod64
                0x0000f48e                __udivdi3
                0x0000f4b4                __umoddi3
                0x0000f4e2                __udivmoddi4
 .text.crt0     0x0000f520        0x2 /usr/local/msp430/bin/../lib/gcc/msp430/4.7.0/mmpy-16/libcrt0.a(_unexpected_.o)
                0x0000f520                _unexpected_
 *(.near.text .near.text.*)

.rodata         0x0000f524      0x88f
                0x0000f524                . = ALIGN (0x2)
 *(.rodata .rodata.* .gnu.linkonce.r.*)
 .rodata        0x0000f524      0x220 er-temp-server.co
                0x0000f67c                autostart_processes
 .rodata        0x0000f744      0x12e obj_sky/contiki-sky-main.o
 .rodata        0x0000f872       0x8a contiki-sky.a(er-coap.o)
 .rodata        0x0000f8fc       0xec contiki-sky.a(er-coap-engine.)
                0x0000f956                coap_rest_implementation
 .rodata        0x0000f9e8       0x11 contiki-sky.a(er-coap-observe)
 .rodata        0x0000f9f9       0x19 contiki-sky.a(er-coap-res-wel)
 .rodata        0x0000fa12      0x24f contiki-sky.a(er-coap-observe)
 .rodata        0x0000fc61        0xc contiki-sky.a(rest-engine.o)
 *fill*         0x0000fc6d        0x1 00
 .rodata        0x0000fc6e       0x10 contiki-sky.a(button-sensor.o)
                0x0000fc76                button_sensor
 .rodata        0x0000fc7e        0x8 contiki-sky.a(sensors.o)
 *fill*         0x0000fc86        0x2 00
 .rodata.get_value
                0x0000fc88       0x1c contiki-sky.a(cc2420.o)
 .rodata        0x0000fca4       0x3e contiki-sky.a(cc2420.o)
                0x0000fca4                cc2420_aes_128_driver
                0x0000fca8                cc2420_driver
 .rodata        0x0000fce2        0xf contiki-sky.a(ctimer.o)
 .rodata        0x0000fcf1        0xc contiki-sky.a(etimer.o)
 *fill*         0x0000fcfd        0x1 00
 .rodata        0x0000fcfe       0x24 contiki-sky.a(sicslowpan.o)
                0x0000fd0a                sicslowpan_driver
                0x0000fd10                llprefix
                0x0000fd12                unc_mxconf
                0x0000fd16                unc_ctxconf
                0x0000fd1a                unc_llconf
 .rodata        0x0000fd22        0xd contiki-sky.a(tcpip.o)
 .rodata        0x0000fd2f       0x29 contiki-sky.a(uip-debug.o)
 .rodata        0x0000fd58        0x8 contiki-sky.a(framer-802154.o)
                0x0000fd58                framer_802154
 .rodata        0x0000fd60       0x16 contiki-sky.a(nullmac.o)
                0x0000fd68                nullmac_driver
 .rodata        0x0000fd76       0x18 contiki-sky.a(nullrdc.o)
                0x0000fd7e                nullrdc_driver
 .rodata        0x0000fd8e        0x8 contiki-sky.a(linkaddr.o)
                0x0000fd8e                linkaddr_null
 .rodata        0x0000fd96       0x14 contiki-sky.a(nullsec.o)
                0x0000fd9e                nullsec_driver
 .rodata        0x0000fdaa        0x2 contiki-sky.a(frame802154.o)
 .rodata.vuprintf
                0x0000fdac        0x7 /usr/local/msp430/bin/../lib/gcc/msp430/4.7.0/../../../../msp430/lib/mmpy-16/libc.a(vuprintf.o)
 *(.near.rodata .near.rodata.*)
                0x0000fdb4                . = ALIGN (0x2)
                0x0000fdb4                _etext = .

.data           0x00001100      0x110 load address 0x0000fdb4
                0x00001100                . = ALIGN (0x2)
                0x00001100                __data_start = .
 *(.data .data.* .gnu.linkonce.d.*)
 .data          0x00001100       0x1c er-temp-server.co
                0x00001100                er_example_server
                0x0000110a                res_temp
 .data          0x0000111c        0x2 contiki-sky.a(er-coap.o)
                0x0000111c                coap_error_message
 .data          0x0000111e        0xa contiki-sky.a(er-coap-engine.)
                0x0000111e                coap_engine
 .data          0x00001128        0x8 contiki-sky.a(er-coap-transac)
 .data          0x00001130        0x8 contiki-sky.a(er-coap-observe)
 .data          0x00001138       0x12 contiki-sky.a(er-coap-res-wel)
                0x00001138                res_well_known_core
 .data          0x0000114a        0xa contiki-sky.a(rest-engine.o)
                0x0000114a                rest_engine_process
 .data          0x00001154        0x4 contiki-sky.a(contiki-sky-pla)
                0x00001154                sensors
 .data          0x00001158        0xa contiki-sky.a(sensors.o)
                0x00001158                sensors_process
 .data          0x00001162        0xa contiki-sky.a(cc2420.o)
                0x00001162                cc2420_process
 .data          0x0000116c        0x2 contiki-sky.a(msp430.o)
 .data          0x0000116e        0xa contiki-sky.a(ctimer.o)
                0x0000116e                ctimer_process
 .data          0x00001178        0xa contiki-sky.a(etimer.o)
                0x00001178                etimer_process
 .data          0x00001182        0xa contiki-sky.a(uip-ds6-nbr.o)
                0x00001182                ds6_neighbors
 .data          0x0000118c       0x20 contiki-sky.a(uip-ds6-route.o)
 .data          0x000011ac        0xc contiki-sky.a(uip-icmp6.o)
 .data          0x000011b8        0xa contiki-sky.a(tcpip.o)
                0x000011b8                tcpip_process
 .data          0x000011c2        0xa contiki-sky.a(rpl-dag.o)
                0x000011c2                rpl_parents
 .data          0x000011cc       0x1a contiki-sky.a(rpl-icmp6.o)
 .data          0x000011e6        0xe contiki-sky.a(rpl-mrhof.o)
                0x000011e6                rpl_mrhof
 .data          0x000011f4        0x8 contiki-sky.a(nbr-table.o)
 .data          0x000011fc       0x10 contiki-sky.a(queuebuf.o)
 .data.next     0x0000120c        0x4 /usr/local/msp430/bin/../lib/gcc/msp430/4.7.0/../../../../msp430/lib/mmpy-16/libc.a(rand.o)
 *(.near.data .near.data.*)
                0x00001210                . = ALIGN (0x2)
                0x00001210                _edata = .
                0x0000fdb4                __data_load_start = LOADADDR (.data)
                0x00000110                __data_size = SIZEOF (.data)

.bss            0x00001210     0x1c1c load address 0x0000fec4
                0x00001210                __bss_start = .
 *(.bss .bss.*)
 .bss           0x00001210       0x40 er-temp-server.co
                0x00001210                nhead
 .bss           0x00001250        0xc obj_sky/contiki-sky-main.o
 .bss           0x0000125c        0x6 contiki-sky.a(er-coap.o)
                0x0000125c                erbium_status_code
 .bss           0x00001262      0x10c contiki-sky.a(er-coap-engine.)
 .bss           0x0000136e      0x270 contiki-sky.a(er-coap-transac)
 .bss           0x000015de       0xa2 contiki-sky.a(er-coap-observe)
 .bss           0x00001680      0x128 contiki-sky.a(er-coap-observe)
 .bss           0x000017a8        0x4 contiki-sky.a(rest-engine.o)
 .bss           0x000017ac        0x8 contiki-sky.a(button-sensor.o)
 .bss           0x000017b4        0x2 contiki-sky.a(node-id.o)
                0x000017b4                node_id
 .bss           0x000017b6        0x6 contiki-sky.a(sensors.o)
 .bss           0x000017bc        0x8 contiki-sky.a(cc2420.o)
 .bss           0x000017c4       0x9a contiki-sky.a(uart1.o)
 .bss           0x0000185e        0xa contiki-sky.a(clock.o)
 .bss           0x00001868        0x1 contiki-sky.a(leds.o)
 *fill*         0x00001869        0x1 00
 .bss           0x0000186a        0x2 contiki-sky.a(watchdog.o)
 .bss           0x0000186c        0x4 contiki-sky.a(ctimer.o)
 .bss           0x00001870        0x6 contiki-sky.a(etimer.o)
 .bss           0x00001876       0x42 contiki-sky.a(process.o)
                0x00001876                process_current
                0x00001878                process_list
 .bss           0x000018b8        0x2 contiki-sky.a(rtimer.o)
 .bss           0x000018ba      0x124 contiki-sky.a(sicslowpan.o)
 .bss           0x000019de        0x8 contiki-sky.a(uip6.o)
                0x000019de                uip_ext_opt_offset
                0x000019df                uip_ext_len
                0x000019e0                uip_ext_bitmap
 .bss           0x000019e6       0x18 contiki-sky.a(uip-ds6.o)
 .bss           0x000019fe      0x2f8 contiki-sky.a(uip-ds6-nbr.o)
 .bss           0x00001cf6      0x362 contiki-sky.a(uip-ds6-route.o)
 .bss           0x00002058       0x14 contiki-sky.a(uip-icmp6.o)
 .bss           0x0000206c        0xe contiki-sky.a(tcpip.o)
 .bss           0x0000207a        0x2 contiki-sky.a(rpl.o)
 .bss           0x0000207c       0xf0 contiki-sky.a(rpl-dag.o)
 .bss           0x0000216c       0x18 contiki-sky.a(rpl-timers.o)
 .bss           0x00002184        0x2 contiki-sky.a(framer-802154.o)
 .bss           0x00002186      0x118 contiki-sky.a(nbr-table.o)
 .bss           0x0000229e       0xb8 contiki-sky.a(packetbuf.o)
 .bss           0x00002356      0x5a0 contiki-sky.a(queuebuf.o)
 .bss.once.1520
                0x000028f6        0x1 /usr/local/msp430/bin/../lib/gcc/msp430/4.7.0/../../../../msp430/lib/mmpy-16/libc.a(malloc.o)
 *fill*         0x000028f7        0x1 00
 .bss.destination_
                0x000028f8        0x2 /usr/local/msp430/bin/../lib/gcc/msp430/4.7.0/../../../../msp430/lib/mmpy-16/libc.a(sprintf.o)
 .bss.available_
                0x000028fa        0x2 /usr/local/msp430/bin/../lib/gcc/msp430/4.7.0/../../../../msp430/lib/mmpy-16/libc.a(sprintf.o)
 *(.near.bss .near.bss.*)
 *(COMMON)
 COMMON         0x000028fc        0x2 contiki-sky.a(contiki-sky-pla)
                0x000028fc                sensors_flags
 COMMON         0x000028fe        0x8 contiki-sky.a(ds2411.o)
                0x000028fe                ds2411_id
 COMMON         0x00002906        0x1 contiki-sky.a(sensors.o)
                0x00002906                sensors_event
 *fill*         0x00002907        0x1 00
 COMMON         0x00002908       0x10 contiki-sky.a(cc2420.o)
                0x00002908                cc2420_last_rssi
                0x0000290a                cc2420_sfd_start_time
                0x0000290c                cc2420_time_of_departure
                0x0000290e                cc2420_time_of_arrival
                0x00002910                cc2420_last_correlation
                0x00002912                cc2420_authority_level_of_sender
                0x00002914                cc2420_sfd_counter
                0x00002916                cc2420_sfd_end_time
 COMMON         0x00002918        0x2 contiki-sky.a(msp430.o)
                0x00002918                msp430_dco_required
 COMMON         0x0000291a       0x56 contiki-sky.a(energest.o)
                0x0000291a                energest_total_time
                0x0000294a                energest_total_count
                0x0000294c                energest_current_mode
                0x00002958                energest_current_time
 COMMON         0x00002970        0x1 contiki-sky.a(process.o)
                0x00002970                process_maxevents
 *fill*         0x00002971        0x1 00
 COMMON         0x00002972        0x8 contiki-sky.a(sicslowpan.o)
                0x00002972                frag_sender
 COMMON         0x0000297a      0x240 contiki-sky.a(uip6.o)
                0x0000297a                uip_len
                0x0000297c                uip_sappdata
                0x0000297e                uip_lladdr
                0x00002986                uip_aligned_buf
                0x00002a76                uip_flags
                0x00002a78                uip_next_hdr
                0x00002a7a                uip_udp_conn
                0x00002a7c                uip_appdata
                0x00002a7e                uip_conn
                0x00002a80                uip_slen
                0x00002a82                uip_udp_conns
 COMMON         0x00002bba      0x15c contiki-sky.a(uip-ds6.o)
                0x00002bba                uip_ds6_timer_ra
                0x00002bc2                uip_ds6_if
                0x00002cae                uip_ds6_netif_addr_list_offset
                0x00002caf                uip_ds6_addr_size
                0x00002cb0                uip_ds6_prefix_list
                0x00002d0a                uip_ds6_timer_periodic
 COMMON         0x00002d16        0x1 contiki-sky.a(tcpip.o)
                0x00002d16                tcpip_event
 *fill*         0x00002d17        0x1 00
 COMMON         0x00002d18       0xde contiki-sky.a(rpl-dag.o)
                0x00002d18                default_instance
                0x00002d1a                instance_table
 COMMON         0x00002df6        0x8 contiki-sky.a(linkaddr.o)
                0x00002df6                linkaddr_node_addr
 COMMON         0x00002dfe       0x2e contiki-sky.a(packetbuf.o)
                0x00002dfe                packetbuf_addrs
                0x00002e0e                packetbuf_attrs
                0x00002e2c                . = ALIGN (0x2)
                0x00002e2c                __bss_end = .
                0x00001c1c                __bss_size = SIZEOF (.bss)

.noinit         0x00002e2c        0x2 load address 0x0000fec4
                0x00002e2c                . = ALIGN (0x2)
                0x00002e2c                __noinit_start = .
 *(.noinit .noinit.*)
 .noinit.crt0   0x00002e2c        0x2 /usr/local/msp430/bin/../lib/gcc/msp430/4.7.0/mmpy-16/libcrt0.a(__watchdog_support.o)
                0x00002e2c                __wdt_clear_value
                0x00002e2e                . = ALIGN (0x2)
                0x00002e2e                __noinit_end = .
                0x00002e2e                . = ALIGN (0x2)
                0x00002e2e                _end = .

.infomem        0x00001000        0x0
                0x00001000                . = ALIGN (0x2)
 *(.infomem .infomem.*)

.infomemnobits  0x00001000        0x0
                0x00001000                . = ALIGN (0x2)
 *(.infomemnobits .infomemnobits.*)

.infoa          0x00001080        0x0
                0x00001080                . = ALIGN (0x2)
 *(.infoa .infoa.*)

.infob          0x00001000        0x0
                0x00001000                . = ALIGN (0x2)
 *(.infob .infob.*)

.infoc          0x00000000        0x0
                0x00000000                . = ALIGN (0x2)
 *(.infoc .infoc.*)

.infod          0x00000000        0x0
                0x00000000                . = ALIGN (0x2)
 *(.infod .infod.*)

.vectors        0x0000ffe0       0x20
                0x0000ffe0                __vectors_start = .
 *(.vectors*)
 .vectors       0x0000ffe0       0x20 /usr/local/msp430/bin/../lib/gcc/msp430/4.7.0/mmpy-16/crt0ivtbl16.o
                0x0000ffe0                __ivtbl_16
                0x00010000                _vectors_end = .

.fartext        0x00000000        0x0
                0x00000000                . = ALIGN (0x2)
 *(.fartext .fartext.*)

.far.text       0x00000000        0x0
                0x00000000                . = ALIGN (0x2)
 *(.far.text .far.text.*)

.far.rodata     0x00000000        0x0
                0x00000000                . = ALIGN (0x2)
 *(.far.rodata .far.rodata.*)
                0x00000000                . = ALIGN (0x2)
                0x00000000                _efartext = .

.far.data       0x00000000        0x0
                0x00000000                . = ALIGN (0x2)
                0x00000000                __far_data_start = .
 *(.far.data .far.data.*)
                0x00000000                . = ALIGN (0x2)
                0x00000000                _efardata = .
                0x00000000                __far_data_load_start = LOADADDR (.far.data)
                0x00000000                __far_data_size = SIZEOF (.far.data)

.far.bss        0x00000000        0x0
                0x00000000                . = ALIGN (0x2)
                0x00000000                __far_bss_start = .
 *(.far.bss .far.bss.*)
                0x00000000                . = ALIGN (0x2)
                0x00000000                __far_bss_end = .
                0x00000000                __far_bss_size = SIZEOF (.far.bss)
                0x00000000                . = ALIGN (0x2)
                0x00000000                _far_end = .

.profiler
 *(.profiler)

.stab           0x00000000    0x2bc38
 *(.stab)
 .stab          0x00000000     0x2394 er-temp-server.co
 .stab          0x00002394     0x10d4 obj_sky/contiki-sky-main.o
                               0x1b0c (size before relaxing)
 .stab          0x00003468     0x3138 contiki-sky.a(er-coap.o)
                               0x4404 (size before relaxing)
 .stab          0x000065a0      0xf6c contiki-sky.a(er-coap-engine.)
                               0x2268 (size before relaxing)
 .stab          0x0000750c      0xaa4 contiki-sky.a(er-coap-transac)
                               0x1cc8 (size before relaxing)
 .stab          0x00007fb0      0xda4 contiki-sky.a(er-coap-observe)
                               0x20c4 (size before relaxing)
 .stab          0x00008d54      0x840 contiki-sky.a(er-coap-res-wel)
                               0x1c14 (size before relaxing)
 .stab          0x00009594     0x1074 contiki-sky.a(er-coap-observe)
                               0x23a0 (size before relaxing)
 .stab          0x0000a608      0x780 contiki-sky.a(rest-engine.o)
                                0xdec (size before relaxing)
 .stab          0x0000ad88      0x258 contiki-sky.a(contiki-sky-pla)
                                0x5ac (size before relaxing)
 .stab          0x0000afe0      0x468 contiki-sky.a(button-sensor.o)
                                0x7d4 (size before relaxing)
 .stab          0x0000b448      0x618 contiki-sky.a(ds2411.o)
                                0xb34 (size before relaxing)
 .stab          0x0000ba60      0x9d8 contiki-sky.a(xmem.o)
                                0xf00 (size before relaxing)
 .stab          0x0000c438      0x2b8 contiki-sky.a(node-id.o)