Archive member included because of file (symbol)

contiki-sky.a(contiki-sky-pla)
                              obj_sky/contiki-sky-main.o (init_platform)
contiki-sky.a(button-sensor.o)
                              rfid-server.co (button_sensor)
contiki-sky.a(ds2411.o)       obj_sky/contiki-sky-main.o (ds2411_init)
contiki-sky.a(xmem.o)         obj_sky/contiki-sky-main.o (xmem_init)
contiki-sky.a(node-id.o)      obj_sky/contiki-sky-main.o (node_id_restore)
contiki-sky.a(sensors.o)      rfid-server.co (sensors_event)
contiki-sky.a(cc2420.o)       obj_sky/contiki-sky-main.o (cc2420_set_pan_addr)
contiki-sky.a(cc2420-arch.o)  contiki-sky.a(cc2420.o) (cc2420_arch_init)
contiki-sky.a(uart1.o)        obj_sky/contiki-sky-main.o (uart1_active)
contiki-sky.a(uart1-putchar.o)
                              rfid-server.co (putchar)
contiki-sky.a(msp430.o)       contiki-sky.a(uart1.o) (msp430_add_lpm_req)
contiki-sky.a(clock.o)        obj_sky/contiki-sky-main.o (clock_init)
contiki-sky.a(leds.o)         obj_sky/contiki-sky-main.o (leds_init)
contiki-sky.a(leds-arch.o)    contiki-sky.a(leds.o) (leds_arch_init)
contiki-sky.a(watchdog.o)     obj_sky/contiki-sky-main.o (watchdog_start)
contiki-sky.a(rtimer-arch.o)  obj_sky/contiki-sky-main.o (rtimer_arch_now)
contiki-sky.a(autostart.o)    obj_sky/contiki-sky-main.o (autostart_start)
contiki-sky.a(ctimer.o)       obj_sky/contiki-sky-main.o (ctimer_init)
contiki-sky.a(energest.o)     obj_sky/contiki-sky-main.o (energest_init)
contiki-sky.a(etimer.o)       contiki-sky.a(clock.o) (etimer_request_poll)
contiki-sky.a(process.o)      rfid-server.co (process_current)
contiki-sky.a(rtimer.o)       obj_sky/contiki-sky-main.o (rtimer_init)
contiki-sky.a(timer.o)        obj_sky/contiki-sky-main.o (timer_set)
contiki-sky.a(list.o)         contiki-sky.a(ctimer.o) (list_init)
contiki-sky.a(random.o)       obj_sky/contiki-sky-main.o (random_init)
contiki-sky.a(sicslowpan.o)   obj_sky/contiki-sky-main.o (sicslowpan_driver)
contiki-sky.a(uip6.o)         rfid-server.co (uip_aligned_buf)
contiki-sky.a(uip-ds6.o)      contiki-sky.a(uip6.o) (uip_ds6_is_addr_onlink)
contiki-sky.a(uip-ds6-nbr.o)  contiki-sky.a(uip-ds6.o) (uip_ds6_neighbors_init)
contiki-sky.a(uip-ds6-route.o)
                              contiki-sky.a(uip-ds6.o) (uip_ds6_route_init)
contiki-sky.a(uip-icmp6.o)    contiki-sky.a(uip6.o) (uip_icmp6_input)
contiki-sky.a(uip-nd6.o)      contiki-sky.a(uip6.o) (uip_nd6_init)
contiki-sky.a(tcpip.o)        contiki-sky.a(sicslowpan.o) (tcpip_set_outputfunc)
contiki-sky.a(uip-debug.o)    rfid-server.co (uip_debug_ipaddr_print)
contiki-sky.a(uip-udp-packet.)
                              rfid-server.co (uip_udp_packet_send)
contiki-sky.a(rpl.o)          contiki-sky.a(uip-ds6-nbr.o) (rpl_link_neighbor_callback)
contiki-sky.a(rpl-dag.o)      contiki-sky.a(rpl.o) (default_instance)
contiki-sky.a(rpl-ext-header.)
                              contiki-sky.a(uip6.o) (rpl_verify_header)
contiki-sky.a(rpl-icmp6.o)    contiki-sky.a(rpl.o) (dao_output_target)
contiki-sky.a(rpl-mrhof.o)    contiki-sky.a(rpl.o) (rpl_mrhof)
contiki-sky.a(rpl-timers.o)   contiki-sky.a(rpl.o) (rpl_reset_periodic_timer)
contiki-sky.a(csma.o)         rfid-server.co (csma_driver)
contiki-sky.a(framer-802154.o)
                              contiki-sky.a(sicslowpan.o) (framer_802154)
contiki-sky.a(framer.o)       contiki-sky.a(framer-802154.o) (framer_canonical_create_and_secure)
contiki-sky.a(mac.o)          contiki-sky.a(csma.o) (mac_call_sent_callback)
contiki-sky.a(linkaddr.o)     obj_sky/contiki-sky-main.o (linkaddr_copy)
contiki-sky.a(nbr-table.o)    contiki-sky.a(uip-ds6-nbr.o) (nbr_table_register)
contiki-sky.a(packetbuf.o)    contiki-sky.a(framer.o) (packetbuf_compact)
contiki-sky.a(queuebuf.o)     obj_sky/contiki-sky-main.o (queuebuf_init)
contiki-sky.a(contikimac.o)   obj_sky/contiki-sky-main.o (contikimac_driver)
contiki-sky.a(nullsec.o)      obj_sky/contiki-sky-main.o (nullsec_driver)
contiki-sky.a(spi.o)          contiki-sky.a(xmem.o) (spi_init)
contiki-sky.a(compower.o)     contiki-sky.a(contikimac.o) (compower_idle_activity)
contiki-sky.a(stimer.o)       contiki-sky.a(uip-ds6.o) (stimer_set)
contiki-sky.a(memb.o)         contiki-sky.a(uip-ds6-route.o) (memb_init)
contiki-sky.a(frame802154.o)  contiki-sky.a(framer-802154.o) (frame802154_hdrlen)
contiki-sky.a(mac-sequence.o)
                              contiki-sky.a(contikimac.o) (mac_sequence_is_duplicate)
/usr/local/msp430/bin/../lib/gcc/msp430/4.7.0/mmpy-16/libgcc.a(_mulsi3.o)
                              rfid-server.co (__mulsi3)
/usr/local/msp430/bin/../lib/gcc/msp430/4.7.0/mmpy-16/libgcc.a(_udivmod16.o)
                              contiki-sky.a(rpl-dag.o) (__udivhi3)
/usr/local/msp430/bin/../lib/gcc/msp430/4.7.0/mmpy-16/libgcc.a(_divmod16.o)
                              rfid-server.co (__divhi3)
/usr/local/msp430/bin/../lib/gcc/msp430/4.7.0/mmpy-16/libgcc.a(_udivmod32.o)
                              obj_sky/contiki-sky-main.o (__udivsi3)
[...]
Memory Configuration

Name             Origin             Length             Attributes
sfr              0x00000000         0x00000010
peripheral_8bit  0x00000010         0x000000f0
peripheral_16bit 0x00000100         0x00000100
ram_mirror       0x00000200         0x00000800         xw
infomem          0x00001000         0x00000100
infob            0x00001000         0x00000080
infoa            0x00001080         0x00000080
ram              0x00001100         0x00002800         xw
rom              0x00004000         0x0000bfe0         xr
vectors          0x0000ffe0         0x00000020
bsl              0x00000000         0x00000000
infoc            0x00000000         0x00000000
infod            0x00000000         0x00000000
ram2             0x00000000         0x00000000         xw
usbram           0x00000000         0x00000000         xw
far_rom          0x00000000         0x00000000
*default*        0x00000000         0xffffffff

Linker script and memory map

LOAD /usr/local/msp430/bin/../lib/gcc/msp430/4.7.0/mmpy-16/crt0ivtbl16.o
LOAD rfid-server.co
LOAD obj_sky/contiki-sky-main.o
LOAD contiki-sky.a
LOAD /usr/local/msp430/bin/../lib/gcc/msp430/4.7.0/mmpy-16/libgcc.a
LOAD /usr/local/msp430/bin/../lib/gcc/msp430/4.7.0/../../../../msp430/lib/mmpy-16/libc.a
LOAD /usr/local/msp430/bin/../lib/gcc/msp430/4.7.0/mmpy-16/libgcc.a
LOAD /usr/local/msp430/bin/../lib/gcc/msp430/4.7.0/mmpy-16/libcrt0.a
                0x00000080                PROVIDE (__info_segment_size, 0x80)
                0x00001000                PROVIDE (__infob, 0x1000)
                0x00001080                PROVIDE (__infoa, 0x1080)
                0x00000000                __IE1 = 0x0
                0x00000002                __IFG1 = 0x2
                0x00000004                __ME1 = 0x4
                0x00000001                __IE2 = 0x1
                0x00000003                __IFG2 = 0x3
                0x00000005                __ME2 = 0x5
                0x00000120                __WDTCTL = 0x120
                0x00000130                __MPY = 0x130
                0x00000132                __MPYS = 0x132
                0x00000134                __MAC = 0x134
                0x00000136                __MACS = 0x136
                0x00000138                __OP2 = 0x138
                0x0000013a                __RESLO = 0x13a
                0x0000013c                __RESHI = 0x13c
                0x0000013e                __SUMEXT = 0x13e
                0x00000020                __P1IN = 0x20
                0x00000021                __P1OUT = 0x21
                0x00000022                __P1DIR = 0x22
                0x00000023                __P1IFG = 0x23
                0x00000024                __P1IES = 0x24
                0x00000025                __P1IE = 0x25
                0x00000026                __P1SEL = 0x26
                0x00000028                __P2IN = 0x28
                0x00000029                __P2OUT = 0x29
                0x0000002a                __P2DIR = 0x2a
                0x0000002b                __P2IFG = 0x2b
                0x0000002c                __P2IES = 0x2c
                0x0000002d                __P2IE = 0x2d
                0x0000002e                __P2SEL = 0x2e
                0x00000018                __P3IN = 0x18
                0x00000019                __P3OUT = 0x19
                0x0000001a                __P3DIR = 0x1a
                0x0000001b                __P3SEL = 0x1b
                0x0000001c                __P4IN = 0x1c
                0x0000001d                __P4OUT = 0x1d
                0x0000001e                __P4DIR = 0x1e
                0x0000001f                __P4SEL = 0x1f
                0x00000030                __P5IN = 0x30
                0x00000031                __P5OUT = 0x31
                0x00000032                __P5DIR = 0x32
                0x00000033                __P5SEL = 0x33
                0x00000034                __P6IN = 0x34
                0x00000035                __P6OUT = 0x35
                0x00000036                __P6DIR = 0x36
                0x00000037                __P6SEL = 0x37
                0x00000070                __U0CTL = 0x70
                0x00000071                __U0TCTL = 0x71
                0x00000072                __U0RCTL = 0x72
                0x00000073                __U0MCTL = 0x73
                0x00000074                __U0BR0 = 0x74
                0x00000075                __U0BR1 = 0x75
                0x00000076                __U0RXBUF = 0x76
                0x00000077                __U0TXBUF = 0x77
                0x00000078                __U1CTL = 0x78
                0x00000079                __U1TCTL = 0x79
                0x0000007a                __U1RCTL = 0x7a
                0x0000007b                __U1MCTL = 0x7b
                0x0000007c                __U1BR0 = 0x7c
                0x0000007d                __U1BR1 = 0x7d
                0x0000007e                __U1RXBUF = 0x7e
                0x0000007f                __U1TXBUF = 0x7f
                0x00000050                __I2CIE = 0x50
                0x00000051                __I2CIFG = 0x51
                0x00000052                __I2CNDAT = 0x52
                0x00000071                __I2CTCTL = 0x71
                0x00000072                __I2CDCTL = 0x72
                0x00000073                __I2CPSC = 0x73
                0x00000074                __I2CSCLH = 0x74
                0x00000075                __I2CSCLL = 0x75
                0x00000076                __I2CDRB = 0x76
                0x00000076                __I2CDRW = 0x76
                0x00000118                __I2COA = 0x118
                0x0000011a                __I2CSA = 0x11a
                0x0000011c                __I2CIV = 0x11c
                0x0000012e                __TAIV = 0x12e
                0x00000160                __TACTL = 0x160
                0x00000162                __TACCTL0 = 0x162
                0x00000164                __TACCTL1 = 0x164
                0x00000166                __TACCTL2 = 0x166
                0x00000170                __TAR = 0x170
                0x00000172                __TACCR0 = 0x172
                0x00000174                __TACCR1 = 0x174
                0x00000176                __TACCR2 = 0x176
                0x0000011e                __TBIV = 0x11e
                0x00000180                __TBCTL = 0x180
                0x00000182                __TBCCTL0 = 0x182
                0x00000184                __TBCCTL1 = 0x184
                0x00000186                __TBCCTL2 = 0x186
                0x00000188                __TBCCTL3 = 0x188
                0x0000018a                __TBCCTL4 = 0x18a
                0x0000018c                __TBCCTL5 = 0x18c
                0x0000018e                __TBCCTL6 = 0x18e
                0x00000190                __TBR = 0x190
                0x00000192                __TBCCR0 = 0x192
                0x00000194                __TBCCR1 = 0x194
                0x00000196                __TBCCR2 = 0x196
                0x00000198                __TBCCR3 = 0x198
                0x0000019a                __TBCCR4 = 0x19a
                0x0000019c                __TBCCR5 = 0x19c
                0x0000019e                __TBCCR6 = 0x19e
                0x00000056                __DCOCTL = 0x56
                0x00000057                __BCSCTL1 = 0x57
                0x00000058                __BCSCTL2 = 0x58
                0x00000055                __SVSCTL = 0x55
                0x00000128                __FCTL1 = 0x128
                0x0000012a                __FCTL2 = 0x12a
                0x0000012c                __FCTL3 = 0x12c
                0x00000059                __CACTL1 = 0x59
                0x0000005a                __CACTL2 = 0x5a
                0x0000005b                __CAPD = 0x5b
                0x000001a0                __ADC12CTL0 = 0x1a0
                0x000001a2                __ADC12CTL1 = 0x1a2
                0x000001a4                __ADC12IFG = 0x1a4
                0x000001a6                __ADC12IE = 0x1a6
                0x000001a8                __ADC12IV = 0x1a8
                0x00000140                __ADC12MEM0 = 0x140
                0x00000142                __ADC12MEM1 = 0x142
                0x00000144                __ADC12MEM2 = 0x144
                0x00000146                __ADC12MEM3 = 0x146
                0x00000148                __ADC12MEM4 = 0x148
                0x0000014a                __ADC12MEM5 = 0x14a
                0x0000014c                __ADC12MEM6 = 0x14c
                0x0000014e                __ADC12MEM7 = 0x14e
                0x00000150                __ADC12MEM8 = 0x150
                0x00000152                __ADC12MEM9 = 0x152
                0x00000154                __ADC12MEM10 = 0x154
                0x00000156                __ADC12MEM11 = 0x156
                0x00000158                __ADC12MEM12 = 0x158
                0x0000015a                __ADC12MEM13 = 0x15a
                0x0000015c                __ADC12MEM14 = 0x15c
                0x0000015e                __ADC12MEM15 = 0x15e
                0x00000080                __ADC12MCTL0 = 0x80
                0x00000081                __ADC12MCTL1 = 0x81
                0x00000082                __ADC12MCTL2 = 0x82
                0x00000083                __ADC12MCTL3 = 0x83
                0x00000084                __ADC12MCTL4 = 0x84
                0x00000085                __ADC12MCTL5 = 0x85
                0x00000086                __ADC12MCTL6 = 0x86
                0x00000087                __ADC12MCTL7 = 0x87
                0x00000088                __ADC12MCTL8 = 0x88
                0x00000089                __ADC12MCTL9 = 0x89
                0x0000008a                __ADC12MCTL10 = 0x8a
                0x0000008b                __ADC12MCTL11 = 0x8b
                0x0000008c                __ADC12MCTL12 = 0x8c
                0x0000008d                __ADC12MCTL13 = 0x8d
                0x0000008e                __ADC12MCTL14 = 0x8e
                0x0000008f                __ADC12MCTL15 = 0x8f
                0x000001c0                __DAC12_0CTL = 0x1c0
                0x000001c2                __DAC12_1CTL = 0x1c2
                0x000001c8                __DAC12_0DAT = 0x1c8
                0x000001ca                __DAC12_1DAT = 0x1ca
                0x00000122                __DMACTL0 = 0x122
                0x00000124                __DMACTL1 = 0x124
                0x000001e0                __DMA0CTL = 0x1e0
                0x000001e8                __DMA1CTL = 0x1e8
                0x000001f0                __DMA2CTL = 0x1f0
                0x000001e2                __DMA0SA = 0x1e2
                0x000001e4                __DMA0DA = 0x1e4
                0x000001e6                __DMA0SZ = 0x1e6
                0x000001ea                __DMA1SA = 0x1ea
                0x000001ec                __DMA1DA = 0x1ec
                0x000001ee                __DMA1SZ = 0x1ee
                0x000001f2                __DMA2SA = 0x1f2
                0x000001f4                __DMA2DA = 0x1f4
                0x000001f6                __DMA2SZ = 0x1f6

.hash
 *(.hash)

.dynsym
 *(.dynsym)

.dynstr
 *(.dynstr)

.gnu.version
 *(.gnu.version)

.gnu.version_d
 *(.gnu.version_d)

.gnu.version_r
 *(.gnu.version_r)

.rel.init
 *(.rel.init)

.rela.init
 *(.rela.init)

.rel.fini
 *(.rel.fini)

.rela.fini
 *(.rela.fini)

.rel.text
 *(.rel.text .rel.text.* .rel.gnu.linkonce.t.*)

.rela.text
 *(.rela.text .rela.text.* .rela.gnu.linkonce.t.*)

.rel.rodata
 *(.rel.rodata .rel.rodata.* .rel.gnu.linkonce.r.*)

.rela.rodata
 *(.rela.rodata .rela.rodata.* .rela.gnu.linkonce.r.*)

.rel.data
 *(.rel.data .rel.data.* .rel.gnu.linkonce.d.*)

.rela.data
 *(.rela.data .rela.data.* .rela.gnu.linkonce.d.*)

.rel.bss
 *(.rel.bss .rel.bss.* .rel.gnu.linkonce.b.*)

.rela.bss
 *(.rela.bss .rela.bss.* .rela.gnu.linkonce.b.*)

.rel.ctors
 *(.rel.ctors)

.rela.ctors
 *(.rela.ctors)

.rel.dtors
 *(.rel.dtors)

.rela.dtors
 *(.rela.dtors)

.rel.got
 *(.rel.got)

.rela.got
 *(.rela.got)

.rel.plt
 *(.rel.plt)

.rela.plt
 *(.rela.plt)

.text           0x00004000     0xaab4
                0x00004000                . = ALIGN (0x2)
 *(.init .init.*)
 *(.init0)
 .init0         0x00004000        0x0 /usr/local/msp430/bin/../lib/gcc/msp430/4.7.0/mmpy-16/libcrt0.a(_reset_vector__.o)
                0x00004000                _reset_vector__
 *(.init1)
 .init1         0x00004000        0xc /usr/local/msp430/bin/../lib/gcc/msp430/4.7.0/mmpy-16/libcrt0.a(__watchdog_support.o)
                0x00004000                __watchdog_support
 *(.init2)
 .init2         0x0000400c        0x4 /usr/local/msp430/bin/../lib/gcc/msp430/4.7.0/mmpy-16/libcrt0.a(__init_stack.o)
                0x0000400c                __init_stack
 *(.init3)
 .init3         0x00004010        0x0 /usr/local/msp430/bin/../lib/gcc/msp430/4.7.0/mmpy-16/libcrt0.a(__low_level_init.o)
                0x00004010                __low_level_init
 *(.init4)
 .init4         0x00004010       0x18 /usr/local/msp430/bin/../lib/gcc/msp430/4.7.0/mmpy-16/libcrt0.a(_copy_data.o)
                0x00004010                __do_copy_data
 .init4         0x00004028       0x16 /usr/local/msp430/bin/../lib/gcc/msp430/4.7.0/mmpy-16/libcrt0.a(_clear_bss.o)
                0x00004028                __do_clear_bss
 *(.init5)
 *(.init6)
 *(.init7)
 *(.init8)
 *(.init9)
 .init9         0x0000403e      0x2d6 obj_sky/contiki-sky-main.o
                0x0000403e                main
 *(.fini9)
 .fini9         0x00004314        0x0 /usr/local/msp430/bin/../lib/gcc/msp430/4.7.0/mmpy-16/libcrt0.a(__stop_progExec__.o)
                0x00004314                __stop_progExec__
 *(.fini8)
 *(.fini7)
 *(.fini6)
 *(.fini5)
 *(.fini4)
 *(.fini3)
 *(.fini2)
 *(.fini1)
 *(.fini0)
 .fini0         0x00004314        0x6 /usr/local/msp430/bin/../lib/gcc/msp430/4.7.0/mmpy-16/libcrt0.a(_endless_loop__.o)
                0x00004314                _endless_loop__
 *(.fini .fini.*)
                0x0000431a                . = ALIGN (0x2)
                0x0000431a                __ctors_start = .
 *(.ctors)
                0x0000431a                __ctors_end = .
                0x0000431a                __dtors_start = .
 *(.dtors)
                0x0000431a                __dtors_end = .
                0x0000431a                . = ALIGN (0x2)
 *(.text .text.* .gnu.linkonce.t.*)
 .text          0x0000431a        0x4 /usr/local/msp430/bin/../lib/gcc/msp430/4.7.0/mmpy-16/crt0ivtbl16.o
                0x0000431a                __isr_14
                0x0000431a                __isr_11
                0x0000431a                __isr_2
                0x0000431a                __isr_7
                0x0000431a                __isr_0
                0x0000431a                __isr_8
                0x0000431a                __isr_3
                0x0000431a                __isr_12
                0x0000431a                __isr_13
                0x0000431a                __isr_9
 .text.process_thread_udp_server_process
                0x0000431e      0x5c2 rfid-server.co
 .text.start_network_layer
                0x000048e0       0xa2 obj_sky/contiki-sky-main.o
 .text.init_platform
                0x00004982        0xc contiki-sky.a(contiki-sky-pla)
                0x00004982                init_platform
 .text.status   0x0000498e       0x18 contiki-sky.a(button-sensor.o)
 .text.value    0x000049a6       0x20 contiki-sky.a(button-sensor.o)
 .text.configure
                0x000049c6       0x4c contiki-sky.a(button-sensor.o)
 .text.irq_p2   0x00004a12       0x88 contiki-sky.a(button-sensor.o)
                0x00004a12                irq_p2
                0x00004a12                __isr_1
 .text.owreadb  0x00004a9a       0x50 contiki-sky.a(ds2411.o)
 .text.ds2411_init
                0x00004aea      0x120 contiki-sky.a(ds2411.o)
                0x00004aea                ds2411_init
 .text.wait_ready
                0x00004c0a       0x4a contiki-sky.a(xmem.o)
 .text.xmem_init
                0x00004c54       0x3c contiki-sky.a(xmem.o)
                0x00004c54                xmem_init
 .text.xmem_pread
                0x00004c90       0xe0 contiki-sky.a(xmem.o)
                0x00004c90                xmem_pread
 .text.node_id_restore
                0x00004d70       0x38 contiki-sky.a(node-id.o)
                0x00004d70                node_id_restore
 .text.process_thread_sensors_process
                0x00004da8       0xc2 contiki-sky.a(sensors.o)
 .text.sensors_changed
                0x00004e6a       0x2a contiki-sky.a(sensors.o)
                0x00004e6a                sensors_changed
 .text.get_object
                0x00004e94        0x4 contiki-sky.a(cc2420.o)
 .text.set_object
                0x00004e98        0x4 contiki-sky.a(cc2420.o)
 .text.strobe   0x00004e9c       0x1c contiki-sky.a(cc2420.o)
 .text.getreg   0x00004eb8       0x4c contiki-sky.a(cc2420.o)
 .text.setreg   0x00004f04       0x4c contiki-sky.a(cc2420.o)
 .text.write_ram
                0x00004f50       0x7c contiki-sky.a(cc2420.o)
 .text.write_fifo_buf
                0x00004fcc       0x3c contiki-sky.a(cc2420.o)
 .text.get_status
                0x00005008       0x20 contiki-sky.a(cc2420.o)
 .text.set_txpower
                0x00005028       0x24 contiki-sky.a(cc2420.o)
 .text.cc2420_receiving_packet
                0x0000504c        0xc contiki-sky.a(cc2420.o)
 .text.pending_packet
                0x00005058        0x8 contiki-sky.a(cc2420.o)
 .text.on       0x00005060       0x1e contiki-sky.a(cc2420.o)
 .text.wait_for_transmission
                0x0000507e       0x22 contiki-sky.a(cc2420.o)
 .text.wait_for_status
                0x000050a0       0x28 contiki-sky.a(cc2420.o)
 .text.getrxdata
                0x000050c8       0x50 contiki-sky.a(cc2420.o)
 .text.flushrx  0x00005118       0x1a contiki-sky.a(cc2420.o)
 .text.off      0x00005132       0x56 contiki-sky.a(cc2420.o)
 .text.RELEASE_LOCK
                0x00005188       0x28 contiki-sky.a(cc2420.o)
 .text.set_key  0x000051b0       0x18 contiki-sky.a(cc2420.o)
 .text.cc2420_prepare
                0x000051c8       0x3c contiki-sky.a(cc2420.o)
 .text.cc2420_on
                0x00005204       0x22 contiki-sky.a(cc2420.o)
                0x00005204                cc2420_on
 .text.cc2420_off
                0x00005226       0x30 contiki-sky.a(cc2420.o)
                0x00005226                cc2420_off
 .text.cc2420_cca
                0x00005256       0x68 contiki-sky.a(cc2420.o)
 .text.cc2420_read
                0x000052be       0xac contiki-sky.a(cc2420.o)
 .text.process_thread_cc2420_process
                0x0000536a       0x54 contiki-sky.a(cc2420.o)
 .text.encrypt  0x000053be       0x88 contiki-sky.a(cc2420.o)
 .text.cc2420_set_channel
                0x00005446       0x3c contiki-sky.a(cc2420.o)
                0x00005446                cc2420_set_channel
 .text.cc2420_set_pan_addr
                0x00005482       0x4c contiki-sky.a(cc2420.o)
                0x00005482                cc2420_set_pan_addr
 .text.cc2420_interrupt
                0x000054ce       0x16 contiki-sky.a(cc2420.o)
                0x000054ce                cc2420_interrupt
 .text.cc2420_set_txpower
                0x000054e4        0xe contiki-sky.a(cc2420.o)
                0x000054e4                cc2420_set_txpower
 .text.cc2420_get_txpower
                0x000054f2       0x1e contiki-sky.a(cc2420.o)
                0x000054f2                cc2420_get_txpower
 .text.cc2420_transmit
                0x00005510      0x110 contiki-sky.a(cc2420.o)
 .text.cc2420_send
                0x00005620       0x12 contiki-sky.a(cc2420.o)
 .text.cc2420_rssi
                0x00005632       0x4c contiki-sky.a(cc2420.o)
                0x00005632                cc2420_rssi
 .text.get_value
                0x0000567e       0xa8 contiki-sky.a(cc2420.o)
 .text.cc2420_set_cca_threshold
                0x00005726       0x16 contiki-sky.a(cc2420.o)
                0x00005726                cc2420_set_cca_threshold
 .text.set_value
                0x0000573c       0x86 contiki-sky.a(cc2420.o)
 .text.cc2420_init
                0x000057c2       0xd8 contiki-sky.a(cc2420.o)
                0x000057c2                cc2420_init
 .text.cc2420_port1_interrupt
                0x0000589a       0x62 contiki-sky.a(cc2420-arch.o)
                0x0000589a                __isr_4
                0x0000589a                cc2420_port1_interrupt
 .text.cc2420_arch_init
                0x000058fc       0x1a contiki-sky.a(cc2420-arch.o)
                0x000058fc                cc2420_arch_init
 .text.uart1_active
                0x00005916       0x18 contiki-sky.a(uart1.o)
                0x00005916                uart1_active
 .text.uart1_writeb
                0x0000592e       0x18 contiki-sky.a(uart1.o)
                0x0000592e                uart1_writeb
 .text.uart1_init
                0x00005946       0xf4 contiki-sky.a(uart1.o)
                0x00005946                uart1_init
 .text.putchar  0x00005a3a       0x10 contiki-sky.a(uart1-putchar.o)
                0x00005a3a                putchar
 .text.msp430_init_dco
                0x00005a4a       0x82 contiki-sky.a(msp430.o)
                0x00005a4a                msp430_init_dco
 .text.msp430_add_lpm_req
                0x00005acc        0xc contiki-sky.a(msp430.o)
                0x00005acc                msp430_add_lpm_req
 .text.msp430_cpu_init
                0x00005ad8       0x2a contiki-sky.a(msp430.o)
                0x00005ad8                msp430_cpu_init
 .text.splhigh_
                0x00005b02        0x8 contiki-sky.a(msp430.o)
                0x00005b02                splhigh_
 .text.msp430_sync_dco
                0x00005b0a       0x6c contiki-sky.a(msp430.o)
                0x00005b0a                msp430_sync_dco
 .text.timera1  0x00005b76      0x11e contiki-sky.a(clock.o)
                0x00005b76                __isr_5
                0x00005b76                timera1
 .text.clock_time
                0x00005c94       0x1a contiki-sky.a(clock.o)
                0x00005c94                clock_time
 .text.clock_init
                0x00005cae       0x28 contiki-sky.a(clock.o)
                0x00005cae                clock_init
 .text.clock_delay
                0x00005cd6        0xc contiki-sky.a(clock.o)
                0x00005cd6                clock_delay
 .text.clock_seconds
                0x00005ce2       0x1a contiki-sky.a(clock.o)
                0x00005ce2                clock_seconds
 .text.show_leds
                0x00005cfc       0xf0 contiki-sky.a(leds.o)
 .text.leds_init
                0x00005dec        0xa contiki-sky.a(leds.o)
                0x00005dec                leds_init
 .text.leds_on  0x00005df6        0xa contiki-sky.a(leds.o)
                0x00005df6                leds_on
 .text.leds_off
                0x00005e00        0xe contiki-sky.a(leds.o)
                0x00005e00                leds_off
 .text.leds_arch_init
                0x00005e0e        0xe contiki-sky.a(leds-arch.o)
                0x00005e0e                leds_arch_init
 .text.leds_arch_set
                0x00005e1c       0x38 contiki-sky.a(leds-arch.o)
                0x00005e1c                leds_arch_set
 .text.watchdog_interrupt
                0x00005e54        0x6 contiki-sky.a(watchdog.o)
                0x00005e54                __isr_10
                0x00005e54                watchdog_interrupt
 .text.watchdog_start
                0x00005e5a       0x14 contiki-sky.a(watchdog.o)
                0x00005e5a                watchdog_start
 .text.watchdog_periodic
                0x00005e6e       0x12 contiki-sky.a(watchdog.o)
                0x00005e6e                watchdog_periodic
 .text.watchdog_stop
                0x00005e80       0x16 contiki-sky.a(watchdog.o)
                0x00005e80                watchdog_stop
 .text.watchdog_init
                0x00005e96       0x12 contiki-sky.a(watchdog.o)
                0x00005e96                watchdog_init
 .text.rtimer_arch_init
                0x00005ea8        0xe contiki-sky.a(rtimer-arch.o)
                0x00005ea8                rtimer_arch_init
 .text.rtimer_arch_now
                0x00005eb6        0xe contiki-sky.a(rtimer-arch.o)
                0x00005eb6                rtimer_arch_now
 .text.timera0  0x00005ec4       0x70 contiki-sky.a(rtimer-arch.o)
                0x00005ec4                __isr_6
                0x00005ec4                timera0
 .text.rtimer_arch_schedule
                0x00005f34        0x6 contiki-sky.a(rtimer-arch.o)
                0x00005f34                rtimer_arch_schedule
 .text.autostart_start
                0x00005f3a       0x16 contiki-sky.a(autostart.o)
                0x00005f3a                autostart_start
 .text.process_thread_ctimer_process
                0x00005f50       0xa8 contiki-sky.a(ctimer.o)
 .text.ctimer_init
                0x00005ff8       0x18 contiki-sky.a(ctimer.o)
                0x00005ff8                ctimer_init
 .text.ctimer_set
                0x00006010       0x50 contiki-sky.a(ctimer.o)
                0x00006010                ctimer_set
 .text.ctimer_reset
                0x00006060       0x30 contiki-sky.a(ctimer.o)
                0x00006060                ctimer_reset
 .text.ctimer_stop
                0x00006090       0x28 contiki-sky.a(ctimer.o)
                0x00006090                ctimer_stop
 .text.energest_init
                0x000060b8       0x26 contiki-sky.a(energest.o)
                0x000060b8                energest_init
 .text.energest_type_time
                0x000060de       0x48 contiki-sky.a(energest.o)
                0x000060de                energest_type_time
 .text.energest_type_set
                0x00006126        0xe contiki-sky.a(energest.o)
                0x00006126                energest_type_set
 .text.energest_flush
                0x00006134       0x48 contiki-sky.a(energest.o)
                0x00006134                energest_flush
 .text.update_time
                0x0000617c       0x78 contiki-sky.a(etimer.o)
 .text.etimer_request_poll
                0x000061f4        0xa contiki-sky.a(etimer.o)
                0x000061f4                etimer_request_poll
 .text.process_thread_etimer_process
                0x000061fe       0xcc contiki-sky.a(etimer.o)
 .text.add_timer
                0x000062ca       0x40 contiki-sky.a(etimer.o)
 .text.etimer_set
                0x0000630a       0x12 contiki-sky.a(etimer.o)
                0x0000630a                etimer_set
 .text.etimer_reset
                0x0000631c       0x12 contiki-sky.a(etimer.o)
                0x0000631c                etimer_reset
 .text.etimer_restart
                0x0000632e       0x12 contiki-sky.a(etimer.o)
                0x0000632e                etimer_restart
 .text.etimer_expired
                0x00006340        0xe contiki-sky.a(etimer.o)
                0x00006340                etimer_expired
 .text.etimer_expiration_time
                0x0000634e       0x14 contiki-sky.a(etimer.o)
                0x0000634e                etimer_expiration_time
 .text.etimer_pending
                0x00006362        0xc contiki-sky.a(etimer.o)
                0x00006362                etimer_pending
 .text.etimer_next_expiration_time
                0x0000636e       0x16 contiki-sky.a(etimer.o)
                0x0000636e                etimer_next_expiration_time
 .text.etimer_stop
                0x00006384       0x3e contiki-sky.a(etimer.o)
                0x00006384                etimer_stop
 .text.call_process
                0x000063c2       0x46 contiki-sky.a(process.o)
 .text.exit_process
                0x00006408       0x96 contiki-sky.a(process.o)
 .text.do_poll  0x0000649e       0x30 contiki-sky.a(process.o)
 .text.process_alloc_event
                0x000064ce        0xe contiki-sky.a(process.o)
                0x000064ce                process_alloc_event
 .text.process_init
                0x000064dc       0x1c contiki-sky.a(process.o)
                0x000064dc                process_init
 .text.process_run
                0x000064f8       0xa2 contiki-sky.a(process.o)
                0x000064f8                process_run
 .text.process_nevents
                0x0000659a        0xe contiki-sky.a(process.o)
                0x0000659a                process_nevents
 .text.process_post
                0x000065a8       0x54 contiki-sky.a(process.o)
                0x000065a8                process_post
 .text.process_post_synch
                0x000065fc       0x12 contiki-sky.a(process.o)
                0x000065fc                process_post_synch
 .text.process_start
                0x0000660e       0x36 contiki-sky.a(process.o)
                0x0000660e                process_start
 .text.process_poll
                0x00006644       0x18 contiki-sky.a(process.o)
                0x00006644                process_poll
 .text.rtimer_init
                0x0000665c        0x6 contiki-sky.a(rtimer.o)
                0x0000665c                rtimer_init
 .text.rtimer_set
                0x00006662       0x24 contiki-sky.a(rtimer.o)
                0x00006662                rtimer_set
 .text.rtimer_run_next
                0x00006686       0x26 contiki-sky.a(rtimer.o)
                0x00006686                rtimer_run_next
 .text.timer_set
                0x000066ac       0x1c contiki-sky.a(timer.o)
                0x000066ac                timer_set
 .text.timer_reset
                0x000066c8        0xe contiki-sky.a(timer.o)
                0x000066c8                timer_reset
 .text.timer_restart
                0x000066d6       0x14 contiki-sky.a(timer.o)
                0x000066d6                timer_restart
 .text.timer_expired
                0x000066ea       0x2a contiki-sky.a(timer.o)
                0x000066ea                timer_expired
 .text.list_init
                0x00006714        0x6 contiki-sky.a(list.o)
                0x00006714                list_init
 .text.list_head
                0x0000671a        0x4 contiki-sky.a(list.o)
                0x0000671a                list_head
 .text.list_tail
                0x0000671e       0x12 contiki-sky.a(list.o)
                0x0000671e                list_tail
 .text.list_remove
                0x00006730       0x34 contiki-sky.a(list.o)
                0x00006730                list_remove
 .text.list_push
                0x00006764       0x1a contiki-sky.a(list.o)
                0x00006764                list_push
 .text.list_add
                0x0000677e       0x2a contiki-sky.a(list.o)
                0x0000677e                list_add
 .text.list_length
                0x000067a8       0x10 contiki-sky.a(list.o)
                0x000067a8                list_length
 .text.list_item_next
                0x000067b8        0xc contiki-sky.a(list.o)
                0x000067b8                list_item_next
 .text.random_init
                0x000067c4        0x6 contiki-sky.a(random.o)
                0x000067c4                random_init
 .text.random_rand
                0x000067ca        0x6 contiki-sky.a(random.o)
                0x000067ca                random_rand
 .text.set_packet_attrs
                0x000067d0       0x46 contiki-sky.a(sicslowpan.o)
 .text.addr_context_lookup_by_number
                0x00006816       0x32 contiki-sky.a(sicslowpan.o)
 .text.compress_addr_64
                0x00006848       0xae contiki-sky.a(sicslowpan.o)
 .text.uncompress_addr
                0x000068f6       0xb4 contiki-sky.a(sicslowpan.o)
 .text.input    0x000069aa      0x64e contiki-sky.a(sicslowpan.o)
 .text.sicslowpan_init
                0x00006ff8       0x26 contiki-sky.a(sicslowpan.o)
                0x00006ff8                sicslowpan_init
 .text.addr_context_lookup_by_prefix
                0x0000701e       0x4c contiki-sky.a(sicslowpan.o)
 .text.packet_sent
                0x0000706a       0x22 contiki-sky.a(sicslowpan.o)
 .text.send_packet
                0x0000708c       0x1a contiki-sky.a(sicslowpan.o)
 .text.output   0x000070a6      0x6c6 contiki-sky.a(sicslowpan.o)
 .text.chksum   0x0000776c       0x32 contiki-sky.a(uip6.o)
 .text.upper_layer_chksum
                0x0000779e       0x56 contiki-sky.a(uip6.o)
 .text.ext_hdr_options_process
                0x000077f4       0xd0 contiki-sky.a(uip6.o)
 .text.uip_add32
                0x000078c4       0x68 contiki-sky.a(uip6.o)
                0x000078c4                uip_add32
 .text.uip_add_rcv_nxt
                0x0000792c       0x2e contiki-sky.a(uip6.o)
 .text.uip_icmp6chksum
                0x0000795a        0xa contiki-sky.a(uip6.o)
                0x0000795a                uip_icmp6chksum
 .text.uip_tcpchksum
                0x00007964        0xa contiki-sky.a(uip6.o)
                0x00007964                uip_tcpchksum
 .text.uip_udpchksum
                0x0000796e        0xa contiki-sky.a(uip6.o)
                0x0000796e                uip_udpchksum
 .text.uip_init
                0x00007978       0x7a contiki-sky.a(uip6.o)
                0x00007978                uip_init
 .text.remove_ext_hdr
                0x000079f2       0x58 contiki-sky.a(uip6.o)
                0x000079f2                remove_ext_hdr
 .text.uip_udp_new
                0x00007a4a       0xe4 contiki-sky.a(uip6.o)
                0x00007a4a                uip_udp_new
 .text.uip_unlisten
                0x00007b2e       0x2a contiki-sky.a(uip6.o)
                0x00007b2e                uip_unlisten
 .text.uip_process
                0x00007b58      0xe8e contiki-sky.a(uip6.o)
                0x00007b58                uip_process
 .text.uip_htonl
                0x000089e6       0x2e contiki-sky.a(uip6.o)
                0x000089e6                uip_htonl
 .text.uip_ds6_list_loop
                0x00008a14       0x86 contiki-sky.a(uip-ds6.o)
                0x00008a14                uip_ds6_list_loop
 .text.uip_ds6_prefix_add
                0x00008a9a       0x80 contiki-sky.a(uip-ds6.o)
                0x00008a9a                uip_ds6_prefix_add
 .text.uip_ds6_is_addr_onlink
                0x00008b1a       0x54 contiki-sky.a(uip-ds6.o)
                0x00008b1a                uip_ds6_is_addr_onlink
 .text.uip_ds6_addr_lookup
                0x00008b6e       0x2a contiki-sky.a(uip-ds6.o)
                0x00008b6e                uip_ds6_addr_lookup
 .text.uip_ds6_get_link_local
                0x00008b98       0x3e contiki-sky.a(uip-ds6.o)
                0x00008b98                uip_ds6_get_link_local
 .text.uip_ds6_maddr_add
                0x00008bd6       0x4c contiki-sky.a(uip-ds6.o)
                0x00008bd6                uip_ds6_maddr_add
 .text.uip_ds6_addr_add
                0x00008c22       0xc4 contiki-sky.a(uip-ds6.o)
                0x00008c22                uip_ds6_addr_add
 .text.uip_ds6_maddr_rm
                0x00008ce6        0xa contiki-sky.a(uip-ds6.o)
                0x00008ce6                uip_ds6_maddr_rm
 .text.uip_ds6_maddr_lookup
                0x00008cf0       0x2a contiki-sky.a(uip-ds6.o)
                0x00008cf0                uip_ds6_maddr_lookup
 .text.uip_ds6_addr_rm
                0x00008d1a       0x54 contiki-sky.a(uip-ds6.o)
                0x00008d1a                uip_ds6_addr_rm
 .text.uip_ds6_periodic
                0x00008d6e       0x4a contiki-sky.a(uip-ds6.o)
                0x00008d6e                uip_ds6_periodic
 .text.uip_ds6_set_addr_iid
                0x00008db8       0x14 contiki-sky.a(uip-ds6.o)
                0x00008db8                uip_ds6_set_addr_iid
 .text.get_match_length
                0x00008dcc       0x44 contiki-sky.a(uip-ds6.o)
                0x00008dcc                get_match_length
 .text.uip_ds6_select_src
                0x00008e10       0xaa contiki-sky.a(uip-ds6.o)
                0x00008e10                uip_ds6_select_src
 .text.uip_ds6_compute_reachable_time
                0x00008eba       0x3e contiki-sky.a(uip-ds6.o)
                0x00008eba                uip_ds6_compute_reachable_time
 .text.uip_ds6_init
                0x00008ef8      0x154 contiki-sky.a(uip-ds6.o)
                0x00008ef8                uip_ds6_init
 .text.uip_ds6_nbr_rm
                0x0000904c       0x1a contiki-sky.a(uip-ds6-nbr.o)
                0x0000904c                uip_ds6_nbr_rm
 .text.uip_ds6_neighbors_init
                0x00009066        0xe contiki-sky.a(uip-ds6-nbr.o)
                0x00009066                uip_ds6_neighbors_init
 .text.uip_ds6_nbr_add
                0x00009074       0x60 contiki-sky.a(uip-ds6-nbr.o)
                0x00009074                uip_ds6_nbr_add
 .text.uip_ds6_nbr_get_ll
                0x000090d4        0xc contiki-sky.a(uip-ds6-nbr.o)
                0x000090d4                uip_ds6_nbr_get_ll
 .text.uip_ds6_nbr_lookup
                0x000090e0       0x42 contiki-sky.a(uip-ds6-nbr.o)
                0x000090e0                uip_ds6_nbr_lookup
 .text.uip_ds6_nbr_ll_lookup
                0x00009122        0xc contiki-sky.a(uip-ds6-nbr.o)
                0x00009122                uip_ds6_nbr_ll_lookup
 .text.uip_ds6_nbr_ipaddr_from_lladdr
                0x0000912e        0x6 contiki-sky.a(uip-ds6-nbr.o)
                0x0000912e                uip_ds6_nbr_ipaddr_from_lladdr
 .text.uip_ds6_nbr_lladdr_from_ipaddr
                0x00009134       0x12 contiki-sky.a(uip-ds6-nbr.o)
                0x00009134                uip_ds6_nbr_lladdr_from_ipaddr
 .text.uip_ds6_link_neighbor_callback
                0x00009146       0x2a contiki-sky.a(uip-ds6-nbr.o)
                0x00009146                uip_ds6_link_neighbor_callback
 .text.uip_ds6_neighbor_periodic
                0x00009170       0x60 contiki-sky.a(uip-ds6-nbr.o)
                0x00009170                uip_ds6_neighbor_periodic
 .text.call_route_callback
                0x000091d0       0x4c contiki-sky.a(uip-ds6-route.o)
 .text.uip_ds6_route_init
                0x0000921c       0x36 contiki-sky.a(uip-ds6-route.o)
                0x0000921c                uip_ds6_route_init
 .text.uip_ds6_route_nexthop
                0x00009252       0x1a contiki-sky.a(uip-ds6-route.o)
                0x00009252                uip_ds6_route_nexthop
 .text.uip_ds6_route_head
                0x0000926c        0xa contiki-sky.a(uip-ds6-route.o)
                0x0000926c                uip_ds6_route_head
 .text.uip_ds6_route_next
                0x00009276        0xe contiki-sky.a(uip-ds6-route.o)
                0x00009276                uip_ds6_route_next
 .text.uip_ds6_route_lookup
                0x00009284       0x8c contiki-sky.a(uip-ds6-route.o)
                0x00009284                uip_ds6_route_lookup
 .text.uip_ds6_route_rm
                0x00009310       0xa6 contiki-sky.a(uip-ds6-route.o)
                0x00009310                uip_ds6_route_rm
 .text.rm_routelist
                0x000093b6       0x34 contiki-sky.a(uip-ds6-route.o)
 .text.rm_routelist_callback
                0x000093ea        0x6 contiki-sky.a(uip-ds6-route.o)
 .text.uip_ds6_route_add
                0x000093f0      0x10c contiki-sky.a(uip-ds6-route.o)
                0x000093f0                uip_ds6_route_add
 .text.uip_ds6_defrt_rm
                0x000094fc       0x48 contiki-sky.a(uip-ds6-route.o)
                0x000094fc                uip_ds6_defrt_rm
 .text.uip_ds6_defrt_lookup
                0x00009544       0x36 contiki-sky.a(uip-ds6-route.o)
                0x00009544                uip_ds6_defrt_lookup
 .text.uip_ds6_defrt_add
                0x0000957a       0x74 contiki-sky.a(uip-ds6-route.o)
                0x0000957a                uip_ds6_defrt_add
 .text.uip_ds6_defrt_choose
                0x000095ee       0x3a contiki-sky.a(uip-ds6-route.o)
                0x000095ee                uip_ds6_defrt_choose
 .text.uip_ds6_defrt_periodic
                0x00009628       0x38 contiki-sky.a(uip-ds6-route.o)
                0x00009628                uip_ds6_defrt_periodic
 .text.echo_reply_input
                0x00009660      0x110 contiki-sky.a(uip-icmp6.o)
 .text.echo_request_input
                0x00009770      0x12c contiki-sky.a(uip-icmp6.o)
 .text.uip_icmp6_input
                0x0000989c       0x48 contiki-sky.a(uip-icmp6.o)
                0x0000989c                uip_icmp6_input
 .text.uip_icmp6_register_input_handler
                0x000098e4        0xc contiki-sky.a(uip-icmp6.o)
                0x000098e4                uip_icmp6_register_input_handler
 .text.uip_icmp6_error_output
                0x000098f0      0x17e contiki-sky.a(uip-icmp6.o)
                0x000098f0                uip_icmp6_error_output
 .text.uip_icmp6_send
                0x00009a6e       0x94 contiki-sky.a(uip-icmp6.o)
                0x00009a6e                uip_icmp6_send
 .text.uip_icmp6_init
                0x00009b02       0x12 contiki-sky.a(uip-icmp6.o)
                0x00009b02                uip_icmp6_init
 .text.uip_nd6_init
                0x00009b14        0x2 contiki-sky.a(uip-nd6.o)
                0x00009b14                uip_nd6_init
 .text.start_periodic_tcp_timer
                0x00009b16       0x16 contiki-sky.a(tcpip.o)
 .text.tcpip_output
                0x00009b2c       0x10 contiki-sky.a(tcpip.o)
                0x00009b2c                tcpip_output
 .text.tcpip_set_outputfunc
                0x00009b3c        0x6 contiki-sky.a(tcpip.o)
                0x00009b3c                tcpip_set_outputfunc
 .text.udp_new  0x00009b42       0x1a contiki-sky.a(tcpip.o)
                0x00009b42                udp_new
 .text.tcpip_input
                0x00009b5c       0x16 contiki-sky.a(tcpip.o)
                0x00009b5c                tcpip_input
 .text.tcpip_ipv6_output
                0x00009b72       0xd4 contiki-sky.a(tcpip.o)
                0x00009b72                tcpip_ipv6_output
 .text.process_thread_tcpip_process
                0x00009c46      0x1d4 contiki-sky.a(tcpip.o)
 .text.tcpip_uipcall
                0x00009e1a       0x70 contiki-sky.a(tcpip.o)
                0x00009e1a                tcpip_uipcall
 .text.uip_debug_ipaddr_print
                0x00009e8a       0x7e contiki-sky.a(uip-debug.o)
                0x00009e8a                uip_debug_ipaddr_print
 .text.uip_udp_packet_send
                0x00009f08       0x2e contiki-sky.a(uip-udp-packet.)
                0x00009f08                uip_udp_packet_send
 .text.rpl_get_mode
                0x00009f36        0x6 contiki-sky.a(rpl.o)
                0x00009f36                rpl_get_mode
 .text.rpl_purge_routes
                0x00009f3c       0x96 contiki-sky.a(rpl.o)
                0x00009f3c                rpl_purge_routes
 .text.rpl_remove_routes
                0x00009fd2       0x22 contiki-sky.a(rpl.o)
                0x00009fd2                rpl_remove_routes
 .text.rpl_remove_routes_by_nexthop
                0x00009ff4       0x46 contiki-sky.a(rpl.o)
                0x00009ff4                rpl_remove_routes_by_nexthop
 .text.rpl_add_route
                0x0000a03a       0x48 contiki-sky.a(rpl.o)
                0x0000a03a                rpl_add_route
 .text.rpl_link_neighbor_callback
                0x0000a082       0x7c contiki-sky.a(rpl.o)
                0x0000a082                rpl_link_neighbor_callback
 .text.rpl_ipv6_neighbor_callback
                0x0000a0fe       0x1e contiki-sky.a(rpl.o)
                0x0000a0fe                rpl_ipv6_neighbor_callback
 .text.rpl_init
                0x0000a11c       0x4a contiki-sky.a(rpl.o)
                0x0000a11c                rpl_init
 .text.lollipop_greater_than
                0x0000a166       0x3c contiki-sky.a(rpl-dag.o)
 .text.find_parent_any_dag_any_instance
                0x0000a1a2       0x14 contiki-sky.a(rpl-dag.o)
 .text.rpl_set_preferred_parent
                0x0000a1b6       0x30 contiki-sky.a(rpl-dag.o)
 .text.set_ip_from_prefix
                0x0000a1e6       0x38 contiki-sky.a(rpl-dag.o)
 .text.check_prefix
                0x0000a21e       0x80 contiki-sky.a(rpl-dag.o)
 .text.rpl_get_nbr
                0x0000a29e       0x1e contiki-sky.a(rpl-dag.o)
                0x0000a29e                rpl_get_nbr
 .text.rpl_dag_init
                0x0000a2bc        0xe contiki-sky.a(rpl-dag.o)
                0x0000a2bc                rpl_dag_init
 .text.rpl_get_parent
                0x0000a2ca        0xc contiki-sky.a(rpl-dag.o)
                0x0000a2ca                rpl_get_parent
 .text.rpl_get_parent_ipaddr
                0x0000a2d6       0x10 contiki-sky.a(rpl-dag.o)
                0x0000a2d6                rpl_get_parent_ipaddr
 .text.rpl_set_prefix
                0x0000a2e6       0x8e contiki-sky.a(rpl-dag.o)
                0x0000a2e6                rpl_set_prefix
 .text.rpl_set_default_route
                0x0000a374       0x64 contiki-sky.a(rpl-dag.o)
                0x0000a374                rpl_set_default_route
 .text.rpl_alloc_instance
                0x0000a3d8       0x34 contiki-sky.a(rpl-dag.o)
                0x0000a3d8                rpl_alloc_instance
 .text.rpl_add_parent
                0x0000a40c       0x56 contiki-sky.a(rpl-dag.o)
                0x0000a40c                rpl_add_parent
 .text.rpl_find_parent
                0x0000a462       0x1c contiki-sky.a(rpl-dag.o)
                0x0000a462                rpl_find_parent
 .text.rpl_find_parent_any_dag
                0x0000a47e       0x24 contiki-sky.a(rpl-dag.o)
                0x0000a47e                rpl_find_parent_any_dag
 .text.rpl_select_parent
                0x0000a4a2       0x7e contiki-sky.a(rpl-dag.o)
                0x0000a4a2                rpl_select_parent
 .text.rpl_select_dag
                0x0000a520      0x1ae contiki-sky.a(rpl-dag.o)
                0x0000a520                rpl_select_dag
 .text.rpl_nullify_parent
                0x0000a6ce       0x54 contiki-sky.a(rpl-dag.o)
                0x0000a6ce                rpl_nullify_parent
 .text.rpl_remove_parent
                0x0000a722       0x16 contiki-sky.a(rpl-dag.o)
                0x0000a722                rpl_remove_parent
 .text.nbr_callback
                0x0000a738        0x6 contiki-sky.a(rpl-dag.o)
 .text.remove_parents.constprop.5
                0x0000a73e       0x32 contiki-sky.a(rpl-dag.o)
 .text.rpl_move_parent
                0x0000a770       0x5a contiki-sky.a(rpl-dag.o)
                0x0000a770                rpl_move_parent
 .text.rpl_get_any_dag
                0x0000a7ca       0x16 contiki-sky.a(rpl-dag.o)
                0x0000a7ca                rpl_get_any_dag
 .text.rpl_get_instance
                0x0000a7e0       0x16 contiki-sky.a(rpl-dag.o)
                0x0000a7e0                rpl_get_instance
 .text.rpl_alloc_dag
                0x0000a7f6       0x64 contiki-sky.a(rpl-dag.o)
                0x0000a7f6                rpl_alloc_dag
 .text.rpl_repair_root
                0x0000a85a       0x4c contiki-sky.a(rpl-dag.o)
                0x0000a85a                rpl_repair_root
 .text.rpl_find_of
                0x0000a8a6       0x10 contiki-sky.a(rpl-dag.o)
                0x0000a8a6                rpl_find_of
 .text.rpl_join_instance
                0x0000a8b6      0x13c contiki-sky.a(rpl-dag.o)
                0x0000a8b6                rpl_join_instance
 .text.rpl_local_repair
                0x0000a9f2       0x80 contiki-sky.a(rpl-dag.o)
                0x0000a9f2                rpl_local_repair
 .text.rpl_process_parent_event
                0x0000aa72       0x80 contiki-sky.a(rpl-dag.o)
                0x0000aa72                rpl_process_parent_event
 .text.rpl_recalculate_ranks
                0x0000aaf2       0x46 contiki-sky.a(rpl-dag.o)
                0x0000aaf2                rpl_recalculate_ranks
 .text.rpl_add_dag
                0x0000ab38      0x112 contiki-sky.a(rpl-dag.o)
                0x0000ab38                rpl_add_dag
 .text.rpl_process_dio
                0x0000ac4a      0x2f8 contiki-sky.a(rpl-dag.o)
                0x0000ac4a                rpl_process_dio
 .text.rpl_lock_parent
                0x0000af42        0xc contiki-sky.a(rpl-dag.o)
                0x0000af42                rpl_lock_parent
 .text.rpl_verify_header
                0x0000af4e       0xb2 contiki-sky.a(rpl-ext-header.)
                0x0000af4e                rpl_verify_header
 .text.rpl_update_header_empty
                0x0000b000      0x132 contiki-sky.a(rpl-ext-header.)
                0x0000b000                rpl_update_header_empty
 .text.rpl_update_header_final
                0x0000b132       0x90 contiki-sky.a(rpl-ext-header.)
                0x0000b132                rpl_update_header_final
 .text.rpl_invert_header
                0x0000b1c2       0x7c contiki-sky.a(rpl-ext-header.)
                0x0000b1c2                rpl_invert_header
 .text.rpl_insert_header
                0x0000b23e       0x12 contiki-sky.a(rpl-ext-header.)
                0x0000b23e                rpl_insert_header
 .text.get32    0x0000b250       0x46 contiki-sky.a(rpl-icmp6.o)
 .text.set32    0x0000b296       0x2a contiki-sky.a(rpl-icmp6.o)
 .text.get16    0x0000b2c0        0xe contiki-sky.a(rpl-icmp6.o)
 .text.set16    0x0000b2ce       0x10 contiki-sky.a(rpl-icmp6.o)
 .text.dao_ack_input
                0x0000b2de        0x6 contiki-sky.a(rpl-icmp6.o)
 .text.dio_input
                0x0000b2e4      0x2d8 contiki-sky.a(rpl-icmp6.o)
 .text.dis_output
                0x0000b5bc       0x50 contiki-sky.a(rpl-icmp6.o)
                0x0000b5bc                dis_output
 .text.dio_output
                0x0000b60c      0x268 contiki-sky.a(rpl-icmp6.o)
                0x0000b60c                dio_output
 .text.dis_input
                0x0000b874       0x28 contiki-sky.a(rpl-icmp6.o)
 .text.dao_output_target
                0x0000b89c       0xe4 contiki-sky.a(rpl-icmp6.o)
                0x0000b89c                dao_output_target
 .text.dao_output
                0x0000b980       0x7e contiki-sky.a(rpl-icmp6.o)
                0x0000b980                dao_output
 .text.dao_ack_output
                0x0000b9fe       0x32 contiki-sky.a(rpl-icmp6.o)
                0x0000b9fe                dao_ack_output
 .text.dao_input
                0x0000ba30      0x2ac contiki-sky.a(rpl-icmp6.o)
 .text.rpl_icmp6_register_handlers
                0x0000bcdc       0x22 contiki-sky.a(rpl-icmp6.o)
                0x0000bcdc                rpl_icmp6_register_handlers
 .text.reset    0x0000bcfe        0x2 contiki-sky.a(rpl-mrhof.o)
 .text.update_metric_container
                0x0000bd00        0x6 contiki-sky.a(rpl-mrhof.o)
 .text.calculate_rank
                0x0000bd06       0x42 contiki-sky.a(rpl-mrhof.o)
 .text.neighbor_link_callback
                0x0000bd48       0x9c contiki-sky.a(rpl-mrhof.o)
 .text.best_dag
                0x0000bde4       0x2e contiki-sky.a(rpl-mrhof.o)
 .text.best_parent
                0x0000be12       0x74 contiki-sky.a(rpl-mrhof.o)
 .text.new_dio_interval
                0x0000be86       0x92 contiki-sky.a(rpl-timers.o)
 .text.set_dao_lifetime_timer
                0x0000bf18       0x66 contiki-sky.a(rpl-timers.o)
 .text.handle_periodic_timer
                0x0000bf7e       0x2e contiki-sky.a(rpl-timers.o)
 .text.schedule_dao
                0x0000bfac       0x82 contiki-sky.a(rpl-timers.o)
 .text.handle_dio_timer
                0x0000c02e       0x88 contiki-sky.a(rpl-timers.o)
 .text.handle_dao_timer
                0x0000c0b6       0x64 contiki-sky.a(rpl-timers.o)
 .text.rpl_reset_periodic_timer
                0x0000c11a       0x54 contiki-sky.a(rpl-timers.o)
                0x0000c11a                rpl_reset_periodic_timer
 .text.rpl_reset_dio_timer
                0x0000c16e       0x18 contiki-sky.a(rpl-timers.o)
                0x0000c16e                rpl_reset_dio_timer
 .text.rpl_schedule_dao
                0x0000c186        0xc contiki-sky.a(rpl-timers.o)
                0x0000c186                rpl_schedule_dao
 .text.rpl_schedule_probing
                0x0000c192       0x3c contiki-sky.a(rpl-timers.o)
                0x0000c192                rpl_schedule_probing
 .text.handle_probing_timer
                0x0000c1ce      0x12a contiki-sky.a(rpl-timers.o)
 .text.input_packet
                0x0000c2f8        0x6 contiki-sky.a(csma.o)
 .text.on       0x0000c2fe        0x6 contiki-sky.a(csma.o)
 .text.off      0x0000c304        0x6 contiki-sky.a(csma.o)
 .text.channel_check_interval
                0x0000c30a       0x10 contiki-sky.a(csma.o)
 .text.transmit_packet_list
                0x0000c31a       0x24 contiki-sky.a(csma.o)
 .text.init     0x0000c33e       0x1a contiki-sky.a(csma.o)
 .text.send_packet
                0x0000c358      0x17a contiki-sky.a(csma.o)
 .text.free_packet
                0x0000c4d2       0x9c contiki-sky.a(csma.o)
 .text.packet_sent
                0x0000c56e      0x132 contiki-sky.a(csma.o)
 .text.create_frame.isra.0
                0x0000c6a0      0x108 contiki-sky.a(framer-802154.o)
 .text.create   0x0000c7a8        0x8 contiki-sky.a(framer-802154.o)
 .text.hdr_length
                0x0000c7b0        0x8 contiki-sky.a(framer-802154.o)
 .text.parse    0x0000c7b8       0xa2 contiki-sky.a(framer-802154.o)
 .text.framer_canonical_create_and_secure
                0x0000c85a       0x20 contiki-sky.a(framer.o)
                0x0000c85a                framer_canonical_create_and_secure
 .text.mac_call_sent_callback
                0x0000c87a       0x14 contiki-sky.a(mac.o)
                0x0000c87a                mac_call_sent_callback
 .text.linkaddr_copy
                0x0000c88e        0x8 contiki-sky.a(linkaddr.o)
                0x0000c88e                linkaddr_copy
 .text.linkaddr_cmp
                0x0000c896       0x12 contiki-sky.a(linkaddr.o)
                0x0000c896                linkaddr_cmp
 .text.linkaddr_set_node_addr
                0x0000c8a8        0xc contiki-sky.a(linkaddr.o)
                0x0000c8a8                linkaddr_set_node_addr
 .text.item_from_index
                0x0000c8b4       0x2a contiki-sky.a(nbr-table.o)
 .text.index_from_key
                0x0000c8de       0x26 contiki-sky.a(nbr-table.o)
 .text.index_from_item
                0x0000c904       0x1e contiki-sky.a(nbr-table.o)
 .text.nbr_set_bit
                0x0000c922       0x58 contiki-sky.a(nbr-table.o)
 .text.index_from_lladdr
                0x0000c97a       0x42 contiki-sky.a(nbr-table.o)
 .text.nbr_get_bit.constprop.0
                0x0000c9bc       0x2e contiki-sky.a(nbr-table.o)
 .text.nbr_table_register
                0x0000c9ea       0x26 contiki-sky.a(nbr-table.o)
                0x0000c9ea                nbr_table_register
 .text.nbr_table_next
                0x0000ca10       0x54 contiki-sky.a(nbr-table.o)
                0x0000ca10                nbr_table_next
 .text.nbr_table_head
                0x0000ca64       0x3a contiki-sky.a(nbr-table.o)
                0x0000ca64                nbr_table_head
 .text.nbr_table_add_lladdr
                0x0000ca9e      0x128 contiki-sky.a(nbr-table.o)
                0x0000ca9e                nbr_table_add_lladdr
 .text.nbr_table_get_from_lladdr
                0x0000cbc6       0x2c contiki-sky.a(nbr-table.o)
                0x0000cbc6                nbr_table_get_from_lladdr
 .text.nbr_table_remove
                0x0000cbf2       0x32 contiki-sky.a(nbr-table.o)
                0x0000cbf2                nbr_table_remove
 .text.nbr_table_lock
                0x0000cc24       0x10 contiki-sky.a(nbr-table.o)
                0x0000cc24                nbr_table_lock
 .text.nbr_table_unlock
                0x0000cc34       0x10 contiki-sky.a(nbr-table.o)
                0x0000cc34                nbr_table_unlock
 .text.nbr_table_get_lladdr
                0x0000cc44       0x22 contiki-sky.a(nbr-table.o)
                0x0000cc44                nbr_table_get_lladdr
 .text.packetbuf_compact
                0x0000cc66       0x2e contiki-sky.a(packetbuf.o)
                0x0000cc66                packetbuf_compact
 .text.packetbuf_copyto
                0x0000cc94       0x52 contiki-sky.a(packetbuf.o)
                0x0000cc94                packetbuf_copyto
 .text.packetbuf_hdrreduce
                0x0000cce6       0x1a contiki-sky.a(packetbuf.o)
                0x0000cce6                packetbuf_hdrreduce
 .text.packetbuf_set_datalen
                0x0000cd00        0x6 contiki-sky.a(packetbuf.o)
                0x0000cd00                packetbuf_set_datalen
 .text.packetbuf_dataptr
                0x0000cd06        0xe contiki-sky.a(packetbuf.o)
                0x0000cd06                packetbuf_dataptr
 .text.packetbuf_hdrptr
                0x0000cd14        0xa contiki-sky.a(packetbuf.o)
                0x0000cd14                packetbuf_hdrptr
 .text.packetbuf_datalen
                0x0000cd1e        0x6 contiki-sky.a(packetbuf.o)
                0x0000cd1e                packetbuf_datalen
 .text.packetbuf_hdrlen
                0x0000cd24       0x10 contiki-sky.a(packetbuf.o)
                0x0000cd24                packetbuf_hdrlen
 .text.packetbuf_totlen
                0x0000cd34        0xc contiki-sky.a(packetbuf.o)
                0x0000cd34                packetbuf_totlen
 .text.packetbuf_hdralloc
                0x0000cd40       0x2e contiki-sky.a(packetbuf.o)
                0x0000cd40                packetbuf_hdralloc
 .text.packetbuf_attr_clear
                0x0000cd6e       0x28 contiki-sky.a(packetbuf.o)
                0x0000cd6e                packetbuf_attr_clear
 .text.packetbuf_clear
                0x0000cd96       0x1a contiki-sky.a(packetbuf.o)
                0x0000cd96                packetbuf_clear
 .text.packetbuf_copyfrom
                0x0000cdb0       0x2e contiki-sky.a(packetbuf.o)
                0x0000cdb0                packetbuf_copyfrom
 .text.packetbuf_attr_copyto
                0x0000cdde       0x22 contiki-sky.a(packetbuf.o)
                0x0000cdde                packetbuf_attr_copyto
 .text.packetbuf_attr_copyfrom
                0x0000ce00       0x24 contiki-sky.a(packetbuf.o)
                0x0000ce00                packetbuf_attr_copyfrom
 .text.packetbuf_holds_broadcast
                0x0000ce24        0xe contiki-sky.a(packetbuf.o)
                0x0000ce24                packetbuf_holds_broadcast
 .text.queuebuf_init
                0x0000ce32       0x12 contiki-sky.a(queuebuf.o)
                0x0000ce32                queuebuf_init
 .text.queuebuf_numfree
                0x0000ce44        0xa contiki-sky.a(queuebuf.o)
                0x0000ce44                queuebuf_numfree
 .text.queuebuf_new_from_packetbuf
                0x0000ce4e       0x52 contiki-sky.a(queuebuf.o)
                0x0000ce4e                queuebuf_new_from_packetbuf
 .text.queuebuf_update_attr_from_packetbuf
                0x0000cea0       0x12 contiki-sky.a(queuebuf.o)
                0x0000cea0                queuebuf_update_attr_from_packetbuf
 .text.queuebuf_update_from_packetbuf
                0x0000ceb2       0x22 contiki-sky.a(queuebuf.o)
                0x0000ceb2                queuebuf_update_from_packetbuf
 .text.queuebuf_free
                0x0000ced4       0x2a contiki-sky.a(queuebuf.o)
                0x0000ced4                queuebuf_free
 .text.queuebuf_to_packetbuf
                0x0000cefe       0x32 contiki-sky.a(queuebuf.o)
                0x0000cefe                queuebuf_to_packetbuf
 .text.queuebuf_attr
                0x0000cf30        0xe contiki-sky.a(queuebuf.o)
                0x0000cf30                queuebuf_attr
 .text.duty_cycle
                0x0000cf3e        0x6 contiki-sky.a(contikimac.o)
 .text.init     0x0000cf44       0x2a contiki-sky.a(contikimac.o)
 .text.on       0x0000cf6e       0x1a contiki-sky.a(contikimac.o)
 .text.off      0x0000cf88       0x22 contiki-sky.a(contikimac.o)
 .text.recv_burst_off
                0x0000cfaa        0xa contiki-sky.a(contikimac.o)
 .text.turn_off
                0x0000cfb4       0x20 contiki-sky.a(contikimac.o)
 .text.turn_on  0x0000cfd4       0x30 contiki-sky.a(contikimac.o)
 .text.schedule_powercycle_fixed.part.4
                0x0000d004       0x34 contiki-sky.a(contikimac.o)
 .text.powercycle_turn_radio_off
                0x0000d038       0x30 contiki-sky.a(contikimac.o)
 .text.input_packet
                0x0000d068       0xb6 contiki-sky.a(contikimac.o)
 .text.send_packet.isra.7
                0x0000d11e      0x20c contiki-sky.a(contikimac.o)
 .text.qsend_list
                0x0000d32a       0xc4 contiki-sky.a(contikimac.o)
 .text.qsend_packet
                0x0000d3ee       0x28 contiki-sky.a(contikimac.o)
 .text.powercycle
                0x0000d416      0x1d6 contiki-sky.a(contikimac.o)
 .text.bootstrap
                0x0000d5ec        0x4 contiki-sky.a(nullsec.o)
 .text.send     0x0000d5f0        0xa contiki-sky.a(nullsec.o)
 .text.on_frame_created
                0x0000d5fa        0x4 contiki-sky.a(nullsec.o)
 .text.input    0x0000d5fe        0x6 contiki-sky.a(nullsec.o)
 .text.get_overhead
                0x0000d604        0x4 contiki-sky.a(nullsec.o)
 .text.spi_init
                0x0000d608       0x30 contiki-sky.a(spi.o)
                0x0000d608                spi_init
 .text.compower_accumulate
                0x0000d638       0x72 contiki-sky.a(compower.o)
                0x0000d638                compower_accumulate
 .text.compower_clear
                0x0000d6aa       0x12 contiki-sky.a(compower.o)
                0x0000d6aa                compower_clear
 .text.compower_attrconv
                0x0000d6bc       0x10 contiki-sky.a(compower.o)
                0x0000d6bc                compower_attrconv
 .text.stimer_set
                0x0000d6cc       0x1c contiki-sky.a(stimer.o)
                0x0000d6cc                stimer_set
 .text.stimer_expired
                0x0000d6e8       0x30 contiki-sky.a(stimer.o)
                0x0000d6e8                stimer_expired
 .text.memb_init
                0x0000d718       0x36 contiki-sky.a(memb.o)
                0x0000d718                memb_init
 .text.memb_alloc
                0x0000d74e       0x3e contiki-sky.a(memb.o)
                0x0000d74e                memb_alloc
 .text.memb_free
                0x0000d78c       0x3a contiki-sky.a(memb.o)
                0x0000d78c                memb_free
 .text.memb_inmemb
                0x0000d7c6       0x2a contiki-sky.a(memb.o)
                0x0000d7c6                memb_inmemb
 .text.memb_numfree
                0x0000d7f0       0x26 contiki-sky.a(memb.o)
                0x0000d7f0                memb_numfree
 .text.field_len
                0x0000d816       0x90 contiki-sky.a(frame802154.o)
 .text.frame802154_hdrlen
                0x0000d8a6       0x2e contiki-sky.a(frame802154.o)
                0x0000d8a6                frame802154_hdrlen
 .text.frame802154_create
                0x0000d8d4      0x146 contiki-sky.a(frame802154.o)
                0x0000d8d4                frame802154_create
 .text.frame802154_parse
                0x0000da1a      0x1ba contiki-sky.a(frame802154.o)
                0x0000da1a                frame802154_parse
 .text.mac_sequence_is_duplicate
                0x0000dbd4       0x44 contiki-sky.a(mac-sequence.o)
                0x0000dbd4                mac_sequence_is_duplicate
 .text.mac_sequence_register_seqno
                0x0000dc18       0x72 contiki-sky.a(mac-sequence.o)
                0x0000dc18                mac_sequence_register_seqno
 .text.libgcc   0x0000dc8a       0x2c /usr/local/msp430/bin/../lib/gcc/msp430/4.7.0/mmpy-16/libgcc.a(_mulsi3.o)
                0x0000dc8a                __mulsi3
 .text.libgcc   0x0000dcb6       0x22 /usr/local/msp430/bin/../lib/gcc/msp430/4.7.0/mmpy-16/libgcc.a(_udivmod16.o)
                0x0000dcb6                __udivhi3
                0x0000dcb6                __ext_udivmod16
                0x0000dcd0                __umodhi3
 .text.libgcc   0x0000dcd8       0x3a /usr/local/msp430/bin/../lib/gcc/msp430/4.7.0/mmpy-16/libgcc.a(_divmod16.o)
                0x0000dcd8                __ext_divmod16
                0x0000dcd8                __divhi3
                0x0000dd0a                __modhi3
 .text.libgcc   0x0000dd12       0x40 /usr/local/msp430/bin/../lib/gcc/msp430/4.7.0/mmpy-16/libgcc.a(_udivmod32.o)
                0x0000dd12                __udivsi3
                0x0000dd12                __ext_udivmod32
                0x0000dd48                __umodsi3
 .text.malloc   0x0000dd52       0xd0 /usr/local/msp430/bin/../lib/gcc/msp430/4.7.0/../../../../msp430/lib/mmpy-16/libc.a(malloc.o)
                0x0000dd52                malloc
 .text.free     0x0000de22        0x6 /usr/local/msp430/bin/../lib/gcc/msp430/4.7.0/../../../../msp430/lib/mmpy-16/libc.a(malloc.o)
                0x0000de22                free
 .text.printf   0x0000de28       0x10 /usr/local/msp430/bin/../lib/gcc/msp430/4.7.0/../../../../msp430/lib/mmpy-16/libc.a(printf.o)
                0x0000de28                printf
 .text.append   0x0000de38       0x22 /usr/local/msp430/bin/../lib/gcc/msp430/4.7.0/../../../../msp430/lib/mmpy-16/libc.a(sprintf.o)
 .text.call_vuprintf
                0x0000de5a       0x3a /usr/local/msp430/bin/../lib/gcc/msp430/4.7.0/../../../../msp430/lib/mmpy-16/libc.a(sprintf.o)
 .text.sprintf  0x0000de94       0x1c /usr/local/msp430/bin/../lib/gcc/msp430/4.7.0/../../../../msp430/lib/mmpy-16/libc.a(sprintf.o)
                0x0000de94                sprintf
 .text.print_field
                0x0000deb0      0x194 /usr/local/msp430/bin/../lib/gcc/msp430/4.7.0/../../../../msp430/lib/mmpy-16/libc.a(vuprintf.o)
 .text.vuprintf
                0x0000e044      0x63c /usr/local/msp430/bin/../lib/gcc/msp430/4.7.0/../../../../msp430/lib/mmpy-16/libc.a(vuprintf.o)
                0x0000e044                vuprintf
 .text.puts     0x0000e680       0x2c /usr/local/msp430/bin/../lib/gcc/msp430/4.7.0/../../../../msp430/lib/mmpy-16/libc.a(puts.o)
                0x0000e680                puts
 .text.rand     0x0000e6ac       0x26 /usr/local/msp430/bin/../lib/gcc/msp430/4.7.0/../../../../msp430/lib/mmpy-16/libc.a(rand.o)
                0x0000e6ac                rand
 .text.srand    0x0000e6d2        0xa /usr/local/msp430/bin/../lib/gcc/msp430/4.7.0/../../../../msp430/lib/mmpy-16/libc.a(rand.o)
                0x0000e6d2                srand
 .text.memcmp   0x0000e6dc       0x30 /usr/local/msp430/bin/../lib/gcc/msp430/4.7.0/../../../../msp430/lib/mmpy-16/libc.a(memcmp.o)
                0x0000e6dc                memcmp
 .text.strcpy   0x0000e70c       0x14 /usr/local/msp430/bin/../lib/gcc/msp430/4.7.0/../../../../msp430/lib/mmpy-16/libc.a(strcpy.o)
                0x0000e70c                strcpy
 .text.strncpy  0x0000e720       0x2a /usr/local/msp430/bin/../lib/gcc/msp430/4.7.0/../../../../msp430/lib/mmpy-16/libc.a(strncpy.o)
                0x0000e720                strncpy
 .text.memcpy   0x0000e74a       0xfa /usr/local/msp430/bin/../lib/gcc/msp430/4.7.0/../../../../msp430/lib/mmpy-16/libc.a(memcpy.o)
                0x0000e74a                memcpy
 .text.memmove  0x0000e844       0xfa /usr/local/msp430/bin/../lib/gcc/msp430/4.7.0/../../../../msp430/lib/mmpy-16/libc.a(memmove.o)
                0x0000e844                memmove
 .text.memset   0x0000e93e       0x6a /usr/local/msp430/bin/../lib/gcc/msp430/4.7.0/../../../../msp430/lib/mmpy-16/libc.a(memset.o)
                0x0000e93e                memset
 .text.strcat   0x0000e9a8       0x1a /usr/local/msp430/bin/../lib/gcc/msp430/4.7.0/../../../../msp430/lib/mmpy-16/libc.a(strcat.o)
                0x0000e9a8                strcat
 .text.libgcc   0x0000e9c2       0xf0 /usr/local/msp430/bin/../lib/gcc/msp430/4.7.0/mmpy-16/libgcc.a(_udivmod64.o)
                0x0000e9c2                __xabi_udivmod64
                0x0000ea20                __udivdi3
                0x0000ea46                __umoddi3
                0x0000ea74                __udivmoddi4
 .text.crt0     0x0000eab2        0x2 /usr/local/msp430/bin/../lib/gcc/msp430/4.7.0/mmpy-16/libcrt0.a(_unexpected_.o)
                0x0000eab2                _unexpected_
 *(.near.text .near.text.*)

.rodata         0x0000eab4      0x42f
                0x0000eab4                . = ALIGN (0x2)
 *(.rodata .rodata.* .gnu.linkonce.r.*)
 .rodata        0x0000eab4      0x198 rfid-server.co
                0x0000ebc6                autostart_processes
 .rodata        0x0000ec4c      0x12e obj_sky/contiki-sky-main.o
 .rodata        0x0000ed7a       0x10 contiki-sky.a(button-sensor.o)
                0x0000ed82                button_sensor
 .rodata        0x0000ed8a        0x8 contiki-sky.a(sensors.o)
 *fill*         0x0000ed92        0x2 00
 .rodata.get_value
                0x0000ed94       0x1c contiki-sky.a(cc2420.o)
 .rodata        0x0000edb0       0x3e contiki-sky.a(cc2420.o)
                0x0000edb0                cc2420_aes_128_driver
                0x0000edb4                cc2420_driver
 .rodata        0x0000edee        0xf contiki-sky.a(ctimer.o)
 .rodata        0x0000edfd        0xc contiki-sky.a(etimer.o)
 *fill*         0x0000ee09        0x1 00
 .rodata        0x0000ee0a       0x24 contiki-sky.a(sicslowpan.o)
                0x0000ee16                sicslowpan_driver
                0x0000ee1c                llprefix
                0x0000ee1e                unc_mxconf
                0x0000ee22                unc_ctxconf
                0x0000ee26                unc_llconf
 *fill*         0x0000ee2e        0x2 00
 .rodata.uip_process
                0x0000ee30       0x20 contiki-sky.a(uip6.o)
 .rodata        0x0000ee50        0xd contiki-sky.a(tcpip.o)
 .rodata        0x0000ee5d       0x29 contiki-sky.a(uip-debug.o)
 .rodata        0x0000ee86       0x14 contiki-sky.a(csma.o)
                0x0000ee8c                csma_driver
 .rodata        0x0000ee9a        0x8 contiki-sky.a(framer-802154.o)
                0x0000ee9a                framer_802154
 .rodata        0x0000eea2        0x8 contiki-sky.a(linkaddr.o)
                0x0000eea2                linkaddr_null
 .rodata        0x0000eeaa       0x1c contiki-sky.a(contikimac.o)
                0x0000eeb6                contikimac_driver
 .rodata        0x0000eec6       0x14 contiki-sky.a(nullsec.o)
                0x0000eece                nullsec_driver
 .rodata        0x0000eeda        0x2 contiki-sky.a(frame802154.o)
 .rodata.vuprintf
                0x0000eedc        0x7 /usr/local/msp430/bin/../lib/gcc/msp430/4.7.0/../../../../msp430/lib/mmpy-16/libc.a(vuprintf.o)
 *(.near.rodata .near.rodata.*)
                0x0000eee4                . = ALIGN (0x2)
                0x0000eee4                _etext = .

.data           0x00001100       0xde load address 0x0000eee4
                0x00001100                . = ALIGN (0x2)
                0x00001100                __data_start = .
 *(.data .data.* .gnu.linkonce.d.*)
 .data          0x00001100        0xa rfid-server.co
                0x00001100                udp_server_process
 .data          0x0000110a        0x4 contiki-sky.a(contiki-sky-pla)
                0x0000110a                sensors
 .data          0x0000110e        0xa contiki-sky.a(sensors.o)
                0x0000110e                sensors_process
 .data          0x00001118        0xa contiki-sky.a(cc2420.o)
                0x00001118                cc2420_process
 .data          0x00001122        0x2 contiki-sky.a(msp430.o)
 .data          0x00001124        0xa contiki-sky.a(ctimer.o)
                0x00001124                ctimer_process
 .data          0x0000112e        0xa contiki-sky.a(etimer.o)
                0x0000112e                etimer_process
 .data          0x00001138        0xa contiki-sky.a(uip-ds6-nbr.o)
                0x00001138                ds6_neighbors
 .data          0x00001142       0x20 contiki-sky.a(uip-ds6-route.o)
 .data          0x00001162        0xc contiki-sky.a(uip-icmp6.o)
 .data          0x0000116e        0xa contiki-sky.a(tcpip.o)
                0x0000116e                tcpip_process
 .data          0x00001178        0xa contiki-sky.a(rpl-dag.o)
                0x00001178                rpl_parents
 .data          0x00001182       0x1a contiki-sky.a(rpl-icmp6.o)
 .data          0x0000119c        0xe contiki-sky.a(rpl-mrhof.o)
                0x0000119c                rpl_mrhof
 .data          0x000011aa       0x18 contiki-sky.a(csma.o)
 .data          0x000011c2        0x8 contiki-sky.a(nbr-table.o)
 .data          0x000011ca       0x10 contiki-sky.a(queuebuf.o)
 .data.next     0x000011da        0x4 /usr/local/msp430/bin/../lib/gcc/msp430/4.7.0/../../../../msp430/lib/mmpy-16/libc.a(rand.o)
 *(.near.data .near.data.*)
                0x000011de                . = ALIGN (0x2)
                0x000011de                _edata = .
                0x0000eee4                __data_load_start = LOADADDR (.data)
                0x000000de                __data_size = SIZEOF (.data)

.bss            0x000011de     0x1928 load address 0x0000efc2
                0x000011de                __bss_start = .
 *(.bss .bss.*)
 .bss           0x000011de        0x4 rfid-server.co
                0x000011de                nhead
 .bss           0x000011e2        0xc obj_sky/contiki-sky-main.o
 .bss           0x000011ee        0x8 contiki-sky.a(button-sensor.o)
 .bss           0x000011f6        0x2 contiki-sky.a(node-id.o)
                0x000011f6                node_id
 .bss           0x000011f8        0x6 contiki-sky.a(sensors.o)
 .bss           0x000011fe        0x8 contiki-sky.a(cc2420.o)
 .bss           0x00001206       0x9a contiki-sky.a(uart1.o)
 .bss           0x000012a0        0xa contiki-sky.a(clock.o)
 .bss           0x000012aa        0x1 contiki-sky.a(leds.o)
 *fill*         0x000012ab        0x1 00
 .bss           0x000012ac        0x2 contiki-sky.a(watchdog.o)
 .bss           0x000012ae        0x4 contiki-sky.a(ctimer.o)
 .bss           0x000012b2        0x6 contiki-sky.a(etimer.o)
 .bss           0x000012b8       0x42 contiki-sky.a(process.o)
                0x000012b8                process_current
                0x000012ba                process_list
 .bss           0x000012fa        0x2 contiki-sky.a(rtimer.o)
 .bss           0x000012fc      0x124 contiki-sky.a(sicslowpan.o)
 .bss           0x00001420        0xe contiki-sky.a(uip6.o)
                0x00001420                uip_ext_opt_offset
                0x00001421                uip_ext_len
                0x00001422                uip_ext_bitmap
 .bss           0x0000142e       0x18 contiki-sky.a(uip-ds6.o)
 .bss           0x00001446      0x2f8 contiki-sky.a(uip-ds6-nbr.o)
 .bss           0x0000173e      0x362 contiki-sky.a(uip-ds6-route.o)
 .bss           0x00001aa0       0x14 contiki-sky.a(uip-icmp6.o)
 .bss           0x00001ab4       0x36 contiki-sky.a(tcpip.o)
 .bss           0x00001aea        0x2 contiki-sky.a(rpl.o)
 .bss           0x00001aec       0xf0 contiki-sky.a(rpl-dag.o)
 .bss           0x00001bdc       0x18 contiki-sky.a(rpl-timers.o)
 .bss           0x00001bf4       0xc4 contiki-sky.a(csma.o)
 .bss           0x00001cb8        0x2 contiki-sky.a(framer-802154.o)
 .bss           0x00001cba      0x118 contiki-sky.a(nbr-table.o)
 .bss           0x00001dd2       0xb8 contiki-sky.a(packetbuf.o)
 .bss           0x00001e8a      0x5a0 contiki-sky.a(queuebuf.o)
 .bss           0x0000242a       0x32 contiki-sky.a(contikimac.o)
 .bss           0x0000245c        0x8 contiki-sky.a(compower.o)
 .bss           0x00002464       0xa0 contiki-sky.a(mac-sequence.o)
 .bss.once.1520
                0x00002504        0x1 /usr/local/msp430/bin/../lib/gcc/msp430/4.7.0/../../../../msp430/lib/mmpy-16/libc.a(malloc.o)
 *fill*         0x00002505        0x1 00
 .bss.destination_
                0x00002506        0x2 /usr/local/msp430/bin/../lib/gcc/msp430/4.7.0/../../../../msp430/lib/mmpy-16/libc.a(sprintf.o)
 .bss.available_
                0x00002508        0x2 /usr/local/msp430/bin/../lib/gcc/msp430/4.7.0/../../../../msp430/lib/mmpy-16/libc.a(sprintf.o)
 *(.near.bss .near.bss.*)
 *(COMMON)
 COMMON         0x0000250a        0x2 contiki-sky.a(contiki-sky-pla)
                0x0000250a                sensors_flags
 COMMON         0x0000250c        0x8 contiki-sky.a(ds2411.o)
                0x0000250c                ds2411_id
 COMMON         0x00002514        0x1 contiki-sky.a(sensors.o)
                0x00002514                sensors_event
 *fill*         0x00002515        0x1 00
 COMMON         0x00002516       0x10 contiki-sky.a(cc2420.o)
                0x00002516                cc2420_last_rssi
                0x00002518                cc2420_sfd_start_time
                0x0000251a                cc2420_time_of_departure
                0x0000251c                cc2420_time_of_arrival
                0x0000251e                cc2420_last_correlation
                0x00002520                cc2420_authority_level_of_sender
                0x00002522                cc2420_sfd_counter
                0x00002524                cc2420_sfd_end_time
 COMMON         0x00002526        0x2 contiki-sky.a(msp430.o)
                0x00002526                msp430_dco_required
 COMMON         0x00002528       0x56 contiki-sky.a(energest.o)
                0x00002528                energest_total_time
                0x00002558                energest_total_count
                0x0000255a                energest_current_mode
                0x00002566                energest_current_time
 COMMON         0x0000257e        0x1 contiki-sky.a(process.o)
                0x0000257e                process_maxevents
 *fill*         0x0000257f        0x1 00
 COMMON         0x00002580        0x8 contiki-sky.a(sicslowpan.o)
                0x00002580                frag_sender
 COMMON         0x00002588      0x304 contiki-sky.a(uip6.o)
                0x00002588                uip_len
                0x0000258a                uip_sappdata
                0x0000258c                uip_acc32
                0x00002590                uip_lladdr
                0x00002598                uip_aligned_buf
                0x00002688                uip_flags
                0x0000268a                uip_next_hdr
                0x0000268c                uip_udp_conn
                0x0000268e                uip_appdata
                0x00002690                uip_conn
                0x00002692                uip_conns
                0x00002742                uip_listenports
                0x00002752                uip_slen
                0x00002754                uip_udp_conns
 COMMON         0x0000288c      0x15c contiki-sky.a(uip-ds6.o)
                0x0000288c                uip_ds6_timer_ra
                0x00002894                uip_ds6_if
                0x00002980                uip_ds6_netif_addr_list_offset
                0x00002981                uip_ds6_addr_size
                0x00002982                uip_ds6_prefix_list
                0x000029dc                uip_ds6_timer_periodic
 COMMON         0x000029e8        0x1 contiki-sky.a(tcpip.o)
                0x000029e8                tcpip_event
 *fill*         0x000029e9        0x1 00
 COMMON         0x000029ea       0xde contiki-sky.a(rpl-dag.o)
                0x000029ea                default_instance
                0x000029ec                instance_table
 COMMON         0x00002ac8        0x8 contiki-sky.a(linkaddr.o)
                0x00002ac8                linkaddr_node_addr
 COMMON         0x00002ad0       0x2e contiki-sky.a(packetbuf.o)
                0x00002ad0                packetbuf_addrs
                0x00002ae0                packetbuf_attrs
 COMMON         0x00002afe        0x8 contiki-sky.a(compower.o)
                0x00002afe                compower_idle_activity
                0x00002b06                . = ALIGN (0x2)
                0x00002b06                __bss_end = .
                0x00001928                __bss_size = SIZEOF (.bss)

.noinit         0x00002b06        0x2 load address 0x0000efc2
                0x00002b06                . = ALIGN (0x2)
                0x00002b06                __noinit_start = .
 *(.noinit .noinit.*)
 .noinit.crt0   0x00002b06        0x2 /usr/local/msp430/bin/../lib/gcc/msp430/4.7.0/mmpy-16/libcrt0.a(__watchdog_support.o)
                0x00002b06                __wdt_clear_value
                0x00002b08                . = ALIGN (0x2)
                0x00002b08                __noinit_end = .
                0x00002b08                . = ALIGN (0x2)
                0x00002b08                _end = .

.infomem        0x00001000        0x0
                0x00001000                . = ALIGN (0x2)
 *(.infomem .infomem.*)

.infomemnobits  0x00001000        0x0
                0x00001000                . = ALIGN (0x2)
 *(.infomemnobits .infomemnobits.*)

.infoa          0x00001080        0x0
                0x00001080                . = ALIGN (0x2)
 *(.infoa .infoa.*)

.infob          0x00001000        0x0
                0x00001000                . = ALIGN (0x2)
 *(.infob .infob.*)

.infoc          0x00000000        0x0
                0x00000000                . = ALIGN (0x2)
 *(.infoc .infoc.*)

.infod          0x00000000        0x0
                0x00000000                . = ALIGN (0x2)
 *(.infod .infod.*)

.vectors        0x0000ffe0       0x20
                0x0000ffe0                __vectors_start = .
 *(.vectors*)
 .vectors       0x0000ffe0       0x20 /usr/local/msp430/bin/../lib/gcc/msp430/4.7.0/mmpy-16/crt0ivtbl16.o
                0x0000ffe0                __ivtbl_16
                0x00010000                _vectors_end = .

.fartext        0x00000000        0x0
                0x00000000                . = ALIGN (0x2)
 *(.fartext .fartext.*)

.far.text       0x00000000        0x0
                0x00000000                . = ALIGN (0x2)
 *(.far.text .far.text.*)

.far.rodata     0x00000000        0x0
                0x00000000                . = ALIGN (0x2)
 *(.far.rodata .far.rodata.*)
                0x00000000                . = ALIGN (0x2)
                0x00000000                _efartext = .

.far.data       0x00000000        0x0
                0x00000000                . = ALIGN (0x2)
                0x00000000                __far_data_start = .
 *(.far.data .far.data.*)
                0x00000000                . = ALIGN (0x2)
                0x00000000                _efardata = .
                0x00000000                __far_data_load_start = LOADADDR (.far.data)
                0x00000000                __far_data_size = SIZEOF (.far.data)

.far.bss        0x00000000        0x0
                0x00000000                . = ALIGN (0x2)
                0x00000000                __far_bss_start = .
 *(.far.bss .far.bss.*)
                0x00000000                . = ALIGN (0x2)
                0x00000000                __far_bss_end = .
                0x00000000                __far_bss_size = SIZEOF (.far.bss)
                0x00000000                . = ALIGN (0x2)
                0x00000000                _far_end = .

.profiler
 *(.profiler)

.stab           0x00000000    0x282cc
 *(.stab)
 .stab          0x00000000     0x2130 rfid-server.co
 .stab          0x00002130     0x12b4 obj_sky/contiki-sky-main.o
                               0x1b0c (size before relaxing)
 .stab          0x000033e4      0x24c contiki-sky.a(contiki-sky-pla)
                                0x5ac (size before relaxing)
 .stab          0x00003630      0x468 contiki-sky.a(button-sensor.o)
                                0x7d4 (size before relaxing)
 .stab          0x00003a98      0x618 contiki-sky.a(ds2411.o)
                                0xb34 (size before relaxing)
 .stab          0x000040b0      0xb4c contiki-sky.a(xmem.o)
                                0xf00 (size before relaxing)
 .stab          0x00004bfc      0x2b8 contiki-sky.a(node-id.o)
                                0x4e0 (size before relaxing)
 .stab          0x00004eb4      0x69c contiki-sky.a(sensors.o)
                                0xbb8 (size before relaxing)
 .stab          0x00005550     0x255c contiki-sky.a(cc2420.o)
                               0x2c28 (size before relaxing)
 .stab          0x00007aac      0x630 contiki-sky.a(cc2420-arch.o)
                               0x171c (size before relaxing)
 .stab          0x000080dc      0x600 contiki-sky.a(uart1.o)
                                0x954 (size before relaxing)
 .stab          0x000086dc      0x27c contiki-sky.a(uart1-putchar.o)
                                0x7bc (size before relaxing)
 .stab          0x00008958      0x72c contiki-sky.a(msp430.o)
                                0xa80 (size before relaxing)
 .stab          0x00009084      0x930 contiki-sky.a(clock.o)
                                0xc84 (size before relaxing)
 .stab          0x000099b4      0x5a0 contiki-sky.a(leds.o)
                                0x7ec (size before relaxing)
 .stab          0x00009f54      0x378 contiki-sky.a(leds-arch.o)
                                0x6cc (size before relaxing)
 .stab          0x0000a2cc      0x3cc contiki-sky.a(watchdog.o)
                                0x720 (size before relaxing)
 .stab          0x0000a698      0x3b4 contiki-sky.a(rtimer-arch.o)
                                0x708 (size before relaxing)
 .stab          0x0000aa4c      0x294 contiki-sky.a(autostart.o)
                                0x534 (size before relaxing)
 .stab          0x0000ace0      0x78c contiki-sky.a(ctimer.o)
                                0xaf8 (size before relaxing)
 .stab          0x0000b46c      0x474 contiki-sky.a(energest.o)
                                0x6fc (size before relaxing)
 .stab          0x0000b8e0      0x9fc contiki-sky.a(etimer.o)
                                0xccc (size before relaxing)
 .stab          0x0000c2dc      0xb70 contiki-sky.a(process.o)
                               0x1008 (size before relaxing)
 .stab          0x0000ce4c      0x3cc contiki-sky.a(rtimer.o)
                                0x6b4 (size before relaxing)
 .stab          0x0000d218      0x348 contiki-sky.a(timer.o)
                                0x588 (size before relaxing)
 .stab          0x0000d560      0x7bc contiki-sky.a(list.o)
                                0x7c8 (size before relaxing)
 .stab          0x0000dd1c      0x21c contiki-sky.a(random.o)
                                0x618 (size before relaxing)
 .stab          0x0000df38     0x2190 contiki-sky.a(sicslowpan.o)
                               0x30d8 (size before relaxing)
 .stab          0x000100c8     0x2ab4 contiki-sky.a(uip6.o)
                               0x366c (size before relaxing)
 .stab          0x00012b7c     0x13bc contiki-sky.a(uip-ds6.o)
                               0x1f5c (size before relaxing)
 .stab          0x00013f38      0xccc contiki-sky.a(uip-ds6-nbr.o)
                               0x1704 (size before relaxing)
 .stab          0x00014c04     0x1200 contiki-sky.a(uip-ds6-route.o)
                               0x1d88 (size before relaxing)
 .stab          0x00015e04      0xcd8 contiki-sky.a(uip-icmp6.o)
                               0x1950 (size before relaxing)
 .stab          0x00016adc      0x570 contiki-sky.a(uip-nd6.o)
                               0x114c (size before relaxing)
 .stab          0x0001704c     0x126c contiki-sky.a(tcpip.o)
                               0x24b4 (size before relaxing)
 .stab          0x000182b8      0x450 contiki-sky.a(uip-debug.o)
                                0xbdc (size before relaxing)
 .stab          0x00018708      0x438 contiki-sky.a(uip-udp-packet.)
                                0xbf4 (size before relaxing)
 .stab          0x00018b40      0xa80 contiki-sky.a(rpl.o)
                               0x17ac (size before relaxing)
 .stab          0x000195c0     0x2ebc contiki-sky.a(rpl-dag.o)
                               0x3bc4 (size before relaxing)
 .stab          0x0001c47c      0xa50 contiki-sky.a(rpl-ext-header.)
                               0x180c (size before relaxing)
 .stab          0x0001cecc     0x1764 contiki-sky.a(rpl-icmp6.o)
                               0x2568 (size before relaxing)
 .stab          0x0001e630      0x894 contiki-sky.a(rpl-mrhof.o)
                               0x1584 (size before relaxing)
 .stab          0x0001eec4      0xbac contiki-sky.a(rpl-timers.o)
                               0x189c (size before relaxing)
 .stab          0x0001fa70     0x1038 contiki-sky.a(csma.o)
                               0x1578 (size before relaxing)
 .stab          0x00020aa8      0x924 contiki-sky.a(framer-802154.o)
                                0xf48 (size before relaxing)
 .stab          0x000213cc      0x3fc contiki-sky.a(framer.o)
                                0xc54 (size before relaxing)
 .stab          0x000217c8      0x1f8 contiki-sky.a(mac.o)
                                0x4ec (size before relaxing)
 .stab          0x000219c0      0x2ac contiki-sky.a(linkaddr.o)
                                0x6a8 (size before relaxing)
 .stab          0x00021c6c      0xe58 contiki-sky.a(nbr-table.o)
                               0x1500 (size before relaxing)
 .stab          0x00022ac4      0xd74 contiki-sky.a(packetbuf.o)
                               0x1e9c (size before relaxing)
 .stab          0x00023838      0xa80 contiki-sky.a(queuebuf.o)
                               0x1b90 (size before relaxing)
 .stab          0x000242b8     0x1944 contiki-sky.a(contikimac.o)
                               0x23b8 (size before relaxing)
 .stab          0x00025bfc      0x738 contiki-sky.a(nullsec.o)
                                0xd80 (size before relaxing)
 .stab          0x00026334      0x1f8 contiki-sky.a(spi.o)
                                0x420 (size before relaxing)
 .stab          0x0002652c      0x4ec contiki-sky.a(compower.o)
                                0xcf0 (size before relaxing)
 .stab          0x00026a18      0x3b4 contiki-sky.a(stimer.o)
                                0x5f4 (size before relaxing)
 .stab          0x00026dcc      0x5c4 contiki-sky.a(memb.o)
                                0xaf8 (size before relaxing)
 .stab          0x00027390      0x8f4 contiki-sky.a(frame802154.o)
                               0x10c8 (size before relaxing)
 .stab          0x00027c84      0x648 contiki-sky.a(mac-sequence.o)
                               0x1770 (size before relaxing)

.stabstr        0x00000000    0x1c84a
 *(.stabstr)
 .stabstr       0x00000000    0x1c84a rfid-server.co

.stab.excl
 *(.stab.excl)

.stab.exclstr
 *(.stab.exclstr)

.stab.index
 *(.stab.index)

.stab.indexstr
 *(.stab.indexstr)

.comment        0x00000000       0x30
 *(.comment)
 .comment       0x00000000       0x30 rfid-server.co
                                 0x31 (size before relaxing)
 .comment       0x00000000       0x31 obj_sky/contiki-sky-main.o
 .comment       0x00000000       0x31 contiki-sky.a(contiki-sky-pla)
 .comment       0x00000000       0x31 contiki-sky.a(button-sensor.o)
 .comment       0x00000000       0x31 contiki-sky.a(ds2411.o)
 .comment       0x00000000       0x31 contiki-sky.a(xmem.o)
 .comment       0x00000000       0x31 contiki-sky.a(node-id.o)
 .comment       0x00000000       0x31 contiki-sky.a(sensors.o)
 .comment       0x00000000       0x31 contiki-sky.a(cc2420.o)
 .comment       0x00000000       0x31 contiki-sky.a(cc2420-arch.o)
 .comment       0x00000000       0x31 contiki-sky.a(uart1.o)
 .comment       0x00000000       0x31 contiki-sky.a(uart1-putchar.o)
 .comment       0x00000000       0x31 contiki-sky.a(msp430.o)
 .comment       0x00000000       0x31 contiki-sky.a(clock.o)
 .comment       0x00000000       0x31 contiki-sky.a(leds.o)
 .comment       0x00000000       0x31 contiki-sky.a(leds-arch.o)
 .comment       0x00000000       0x31 contiki-sky.a(watchdog.o)
 .comment       0x00000000       0x31 contiki-sky.a(rtimer-arch.o)
 .comment       0x00000000       0x31 contiki-sky.a(autostart.o)
 .comment       0x00000000       0x31 contiki-sky.a(ctimer.o)
 .comment       0x00000000       0x31 contiki-sky.a(energest.o)
 .comment       0x00000000       0x31 contiki-sky.a(etimer.o)
 .comment       0x00000000       0x31 contiki-sky.a(process.o)
 .comment       0x00000000       0x31 contiki-sky.a(rtimer.o)
 .comment       0x00000000       0x31 contiki-sky.a(timer.o)
 .comment       0x00000000       0x31 contiki-sky.a(list.o)
 .comment       0x00000000       0x31 contiki-sky.a(random.o)
 .comment       0x00000000       0x31 contiki-sky.a(sicslowpan.o)
 .comment       0x00000000       0x31 contiki-sky.a(uip6.o)
 .comment       0x00000000       0x31 contiki-sky.a(uip-ds6.o)
 .comment       0x00000000       0x31 contiki-sky.a(uip-ds6-nbr.o)
 .comment       0x00000000       0x31 contiki-sky.a(uip-ds6-route.o)
 .comment       0x00000000       0x31 contiki-sky.a(uip-icmp6.o)
 .comment       0x00000000       0x31 contiki-sky.a(uip-nd6.o)
 .comment       0x00000000       0x31 contiki-sky.a(tcpip.o)
 .comment       0x00000000       0x31 contiki-sky.a(uip-debug.o)
 .comment       0x00000000       0x31 contiki-sky.a(uip-udp-packet.)
 .comment       0x00000000       0x31 contiki-sky.a(rpl.o)
 .comment       0x00000000       0x31 contiki-sky.a(rpl-dag.o)
 .comment       0x00000000       0x31 contiki-sky.a(rpl-ext-header.)
 .comment       0x00000000       0x31 contiki-sky.a(rpl-icmp6.o)
 .comment       0x00000000       0x31 contiki-sky.a(rpl-mrhof.o)
 .comment       0x00000000       0x31 contiki-sky.a(rpl-timers.o)
 .comment       0x00000000       0x31 contiki-sky.a(csma.o)
 .comment       0x00000000       0x31 contiki-sky.a(framer-802154.o)
 .comment       0x00000000       0x31 contiki-sky.a(framer.o)
 .comment       0x00000000       0x31 contiki-sky.a(mac.o)
 .comment       0x00000000       0x31 contiki-sky.a(linkaddr.o)
 .comment       0x00000000       0x31 contiki-sky.a(nbr-table.o)
 .comment       0x00000000       0x31 contiki-sky.a(packetbuf.o)
 .comment       0x00000000       0x31 contiki-sky.a(queuebuf.o)
 .comment       0x00000000       0x31 contiki-sky.a(contikimac.o)
 .comment       0x00000000       0x31 contiki-sky.a(nullsec.o)
 .comment       0x00000000       0x31 contiki-sky.a(spi.o)
 .comment       0x00000000       0x31 contiki-sky.a(compower.o)
 .comment       0x00000000       0x31 contiki-sky.a(stimer.o)
 .comment       0x00000000       0x31 contiki-sky.a(memb.o)
 .comment       0x00000000       0x31 contiki-sky.a(frame802154.o)
 .comment       0x00000000       0x31 contiki-sky.a(mac-sequence.o)
 .comment       0x00000000       0x31 /usr/local/msp430/bin/../lib/gcc/msp430/4.7.0/../../../../msp430/lib/mmpy-16/libc.a(malloc.o)